180.76.15.155 - - [29/Jul/2016:13:36:42 +0000] "GET /index.php?route=product/category&path=148_176_177&sort=p.model&order=ASC&limit=25 HTTP/1.1" 200 306563 "-" "Mozilla/5.0 (compatible; Baiduspider/2.0; +http://www.baidu.com/search/spider.html)"
180.76.15.143 - - [29/Jul/2016:13:36:49 +0000] "GET /dish-tv HTTP/1.1" 301 240 "-" "Mozilla/5.0 (compatible; Baiduspider/2.0; +http://www.baidu.com/search/spider.html)"
66.249.79.143 - - [29/Jul/2016:13:36:49 +0000] "GET /women-fashion/watches-232/analog-watches-234/sonata-8123sm01-party-analog-watch-for-women HTTP/1.1" 200 36710 "-" "Mozilla/5.0 (compatible; Googlebot/2.1; +http://www.google.com/bot.html)"
180.76.15.137 - - [29/Jul/2016:13:36:50 +0000] "GET /dish-tv HTTP/1.1" 200 225702 "-" "Mozilla/5.0 (compatible; Baiduspider/2.0; +http://www.baidu.com/search/spider.html)"
66.249.79.143 - - [29/Jul/2016:13:36:55 +0000] "GET /index.php?route=product/product/review&product_id=320 HTTP/1.1" 200 353 "https://bazaarmantra.com/sports-and-health/cricket/gloves/sf-platinum-batting-gloves?page=9" "Mozilla/5.0 (compatible; Googlebot/2.1; +http://www.google.com/bot.html)"
180.76.15.30 - - [29/Jul/2016:13:36:55 +0000] "GET /product/search?tag=(Black&page=3 HTTP/1.1" 200 376108 "-" "Mozilla/5.0 (compatible; Baiduspider/2.0; +http://www.baidu.com/search/spider.html)"
180.76.15.26 - - [29/Jul/2016:13:37:01 +0000] "GET /index.php?route=product/category&path=227&sort=pd.name&order=DESC&limit=75 HTTP/1.1" 200 225518 "-" "Mozilla/5.0 (compatible; Baiduspider/2.0; +http://www.baidu.com/search/spider.html)"
180.76.15.147 - - [29/Jul/2016:13:37:08 +0000] "GET /men-fashion/watches/chronograph-watches/sonata-77025pp02j-superfibre-ocean-iii-digital-watch-for-men.html?tag=Superfibre&sort=p.price&order=DESC&limit=75 HTTP/1.1" 200 300280 "-" "Mozilla/5.0 (compatible; Baiduspider/2.0; +http://www.baidu.com/search/spider.html)"
180.76.15.137 - - [29/Jul/2016:13:37:14 +0000] "GET /index.php?route=product/category&path=150&sort=pd.name&order=ASC&limit=50 HTTP/1.1" 200 444081 "-" "Mozilla/5.0 (compatible; Baiduspider/2.0; +http://www.baidu.com/search/spider.html)"
180.76.15.17 - - [29/Jul/2016:13:37:21 +0000] "GET /index.php?route=product/category&path=148_150&sort=p.model&order=DESC HTTP/1.1" 200 299993 "-" "Mozilla/5.0 (compatible; Baiduspider/2.0; +http://www.baidu.com/search/spider.html)"
180.76.15.28 - - [29/Jul/2016:13:37:27 +0000] "GET /mobile-and-accessories/mobiles/smart-phones/gionee-m3-black-8-gb.html?tag=(Black HTTP/1.1" 200 355716 "-" "Mozilla/5.0 (compatible; Baiduspider/2.0; +http://www.baidu.com/search/spider.html)"
180.76.15.6 - - [29/Jul/2016:13:37:33 +0000] "GET /men-fashion/clothing/levis-black-printed-t-shirt.html?tag=T-shirt&sort=pd.name&order=ASC&limit=50 HTTP/1.1" 200 300851 "-" "Mozilla/5.0 (compatible; Baiduspider/2.0; +http://www.baidu.com/search/spider.html)"
180.76.15.27 - - [29/Jul/2016:13:37:40 +0000] "GET /index.php?route=product/category&path=199&sort=p.price&order=DESC&limit=75 HTTP/1.1" 200 542582 "-" "Mozilla/5.0 (compatible; Baiduspider/2.0; +http://www.baidu.com/search/spider.html)"
66.249.79.143 - - [29/Jul/2016:13:37:43 +0000] "GET /index.php?route=product/category&path=148_150_419 HTTP/1.1" 200 25450 "-" "Mozilla/5.0 (compatible; Googlebot/2.1; +http://www.google.com/bot.html)"
180.76.15.160 - - [29/Jul/2016:13:37:46 +0000] "GET /men-fashion/clothing/adidas-printed-round-neck-t-shirt-white.html?tag=Adidas&sort=pd.name&order=DESC&limit=15 HTTP/1.1" 200 308668 "-" "Mozilla/5.0 (compatible; Baiduspider/2.0; +http://www.baidu.com/search/spider.html)"
180.76.15.20 - - [29/Jul/2016:13:37:51 +0000] "GET /men-fashion/footwear/canvas-shoes/sparx-sm-130-canvas-shoes-blue.html?tag=Blue&sort=pd.name&order=ASC&limit=75 HTTP/1.1" 200 302304 "-" "Mozilla/5.0 (compatible; Baiduspider/2.0; +http://www.baidu.com/search/spider.html)"
180.76.15.20 - - [29/Jul/2016:13:37:59 +0000] "GET /product/search?tag=Slim&page=2 HTTP/1.1" 200 258184 "-" "Mozilla/5.0 (compatible; Baiduspider/2.0; +http://www.baidu.com/search/spider.html)"
180.76.15.155 - - [29/Jul/2016:13:38:04 +0000] "GET /men-fashion/accessories/fastrack-3021sm02-essentials-analog-watch-for-men.html?tag=Essentials&sort=p.price&order=ASC&limit=50 HTTP/1.1" 200 288746 "-" "Mozilla/5.0 (compatible; Baiduspider/2.0; +http://www.baidu.com/search/spider.html)"
180.76.15.138 - - [29/Jul/2016:13:38:10 +0000] "GET /index.php?route=product/category&path=316&sort=rating&order=DESC&limit=100 HTTP/1.1" 200 259380 "-" "Mozilla/5.0 (compatible; Baiduspider/2.0; +http://www.baidu.com/search/spider.html)"
180.76.15.138 - - [29/Jul/2016:13:38:18 +0000] "GET /ajanta-7837-wooden-sweep-second-wall-clock%20?tag=Second&sort=rating&order=DESC&limit=25 HTTP/1.1" 404 85392 "-" "Mozilla/5.0 (compatible; Baiduspider/2.0; +http://www.baidu.com/search/spider.html)"
180.76.15.144 - - [29/Jul/2016:13:38:23 +0000] "GET /oreva-ocf-7137-ceiling-fan-orchid.html?tag=Fan&sort=p.model&order=ASC&limit=100 HTTP/1.1" 404 85373 "-" "Mozilla/5.0 (compatible; Baiduspider/2.0; +http://www.baidu.com/search/spider.html)"
207.46.13.34 - - [29/Jul/2016:13:38:30 +0000] "GET /men-fashion/clothing/adidas-printed-round-neck-t-shirt-grey.html HTTP/1.1" 200 37945 "-" "Mozilla/5.0 (compatible; bingbot/2.0; +http://www.bing.com/bingbot.htm)"
180.76.15.30 - - [29/Jul/2016:13:38:31 +0000] "GET /men-fashion/bags-and-luggage/luggage/zakara-latina-vintage-leather-travel-bag-zb-tb-07.html?tag=Leather&sort=rating&order=ASC&limit=100 HTTP/1.1" 200 292876 "-" "Mozilla/5.0 (compatible; Baiduspider/2.0; +http://www.baidu.com/search/spider.html)"
180.76.15.11 - - [29/Jul/2016:13:38:36 +0000] "GET /module/oclayerednavigation/category?path=148_171_174&sort=rating&order=DESC&page=2 HTTP/1.1" 200 52543 "-" "Mozilla/5.0 (compatible; Baiduspider/2.0; +http://www.baidu.com/search/spider.html)"
66.249.79.143 - - [29/Jul/2016:13:38:38 +0000] "GET /index.php?route=product/category&path=148_163_168 HTTP/1.1" 200 27131 "-" "Mozilla/5.0 (compatible; Googlebot/2.1; +http://www.google.com/bot.html)"
180.76.15.20 - - [29/Jul/2016:13:38:42 +0000] "GET /index.php?route=product/category&path=148_163_164&sort=p.model&order=DESC HTTP/1.1" 200 240372 "-" "Mozilla/5.0 (compatible; Baiduspider/2.0; +http://www.baidu.com/search/spider.html)"
117.241.102.170 - - [29/Jul/2016:13:38:44 +0000] "GET / HTTP/1.1" 301 233 "-" "Mozilla/5.0 (Windows NT 6.1) AppleWebKit/537.36 (KHTML, like Gecko) Chrome/51.0.2704.106 Safari/537.36"
117.241.102.170 - - [29/Jul/2016:13:38:45 +0000] "GET / HTTP/1.1" 200 26965 "-" "Mozilla/5.0 (Windows NT 6.1) AppleWebKit/537.36 (KHTML, like Gecko) Chrome/51.0.2704.106 Safari/537.36"
117.241.102.170 - - [29/Jul/2016:13:38:46 +0000] "GET /image/cache/catalog/Banners/BANNER4-1172x484.jpg HTTP/1.1" 206 1 "https://bazaarmantra.com/" "Mozilla/5.0 (Windows NT 6.1) AppleWebKit/537.36 (KHTML, like Gecko) Chrome/51.0.2704.106 Safari/537.36"
117.241.102.170 - - [29/Jul/2016:13:38:46 +0000] "GET /image/cache/catalog/Banners/banner13-1172x484.jpg HTTP/1.1" 206 1 "https://bazaarmantra.com/" "Mozilla/5.0 (Windows NT 6.1) AppleWebKit/537.36 (KHTML, like Gecko) Chrome/51.0.2704.106 Safari/537.36"
117.241.102.170 - - [29/Jul/2016:13:38:46 +0000] "GET /index.php?route=account/register/customfield&customer_group_id=1 HTTP/1.1" 200 2 "https://bazaarmantra.com/" "Mozilla/5.0 (Windows NT 6.1) AppleWebKit/537.36 (KHTML, like Gecko) Chrome/51.0.2704.106 Safari/537.36"
117.241.102.170 - - [29/Jul/2016:13:38:46 +0000] "GET /image/cache/catalog/Banners/MEN-ASSORIES2-1172x484.jpg HTTP/1.1" 206 1 "https://bazaarmantra.com/" "Mozilla/5.0 (Windows NT 6.1) AppleWebKit/537.36 (KHTML, like Gecko) Chrome/51.0.2704.106 Safari/537.36"
117.241.102.170 - - [29/Jul/2016:13:38:46 +0000] "GET /index.php?route=account/account/country&country_id=99 HTTP/1.1" 200 597 "https://bazaarmantra.com/" "Mozilla/5.0 (Windows NT 6.1) AppleWebKit/537.36 (KHTML, like Gecko) Chrome/51.0.2704.106 Safari/537.36"
117.241.102.170 - - [29/Jul/2016:13:38:47 +0000] "GET /image/catalog/category_thumb/men-new.png HTTP/1.1" 206 1 "https://bazaarmantra.com/" "Mozilla/5.0 (Windows NT 6.1) AppleWebKit/537.36 (KHTML, like Gecko) Chrome/51.0.2704.106 Safari/537.36"
117.241.102.170 - - [29/Jul/2016:13:38:47 +0000] "GET /catalog/view/javascript/font-awesome/fonts/fontawesome-webfont.woff2?v=4.5.0 HTTP/1.1" 404 13914 "https://bazaarmantra.com/catalog/view/javascript/font-awesome/css/font-awesome.min.css" "Mozilla/5.0 (Windows NT 6.1) AppleWebKit/537.36 (KHTML, like Gecko) Chrome/51.0.2704.106 Safari/537.36"
180.76.15.12 - - [29/Jul/2016:13:38:49 +0000] "GET /gionee-mobile?sort=rating&order=ASC HTTP/1.1" 200 279013 "-" "Mozilla/5.0 (compatible; Baiduspider/2.0; +http://www.baidu.com/search/spider.html)"
117.241.102.170 - - [29/Jul/2016:13:38:48 +0000] "GET /catalog/view/theme/bm_new/selfibook/selfie-books.png HTTP/1.1" 200 29464 "https://bazaarmantra.com/" "Mozilla/5.0 (Windows NT 6.1) AppleWebKit/537.36 (KHTML, like Gecko) Chrome/51.0.2704.106 Safari/537.36"
117.241.102.170 - - [29/Jul/2016:13:38:52 +0000] "GET /catalog/view/theme/bm_new/rec/icon.png HTTP/1.1" 200 4058 "https://bazaarmantra.com/" "Mozilla/5.0 (Windows NT 6.1) AppleWebKit/537.36 (KHTML, like Gecko) Chrome/51.0.2704.106 Safari/537.36"
117.241.102.170 - - [29/Jul/2016:13:38:55 +0000] "GET /cpanel HTTP/1.1" 301 - "-" "Mozilla/5.0 (Windows NT 6.1) AppleWebKit/537.36 (KHTML, like Gecko) Chrome/51.0.2704.106 Safari/537.36"
180.76.15.14 - - [29/Jul/2016:13:38:55 +0000] "GET /dell-inspiron-n3542-laptop-15-6-inch-hd-os-win-8-1-red-1tb-html?tag=1TB&sort=rating&order=DESC&limit=50 HTTP/1.1" 404 85446 "-" "Mozilla/5.0 (compatible; Baiduspider/2.0; +http://www.baidu.com/search/spider.html)"
117.241.102.170 - - [29/Jul/2016:13:38:47 +0000] "GET /catalog/view/theme/bm_new/img-cat/recharge.jpg HTTP/1.1" 200 228550 "https://bazaarmantra.com/" "Mozilla/5.0 (Windows NT 6.1) AppleWebKit/537.36 (KHTML, like Gecko) Chrome/51.0.2704.106 Safari/537.36"
117.241.102.170 - - [29/Jul/2016:13:39:00 +0000] "GET /catalog/view/theme/bm_new/rec/rec.jpg HTTP/1.1" 200 8932 "https://bazaarmantra.com/" "Mozilla/5.0 (Windows NT 6.1) AppleWebKit/537.36 (KHTML, like Gecko) Chrome/51.0.2704.106 Safari/537.36"
180.76.15.30 - - [29/Jul/2016:13:39:01 +0000] "GET /%20philips-hl-1632-500-w-juicer-mixer-grinder?tag=Ice&sort=p.model&order=DESC&limit=25 HTTP/1.1" 404 85388 "-" "Mozilla/5.0 (compatible; Baiduspider/2.0; +http://www.baidu.com/search/spider.html)"
117.241.102.170 - - [29/Jul/2016:13:39:03 +0000] "GET /image/catalog/category_thumb/women-new.png HTTP/1.1" 206 1 "https://bazaarmantra.com/" "Mozilla/5.0 (Windows NT 6.1) AppleWebKit/537.36 (KHTML, like Gecko) Chrome/51.0.2704.106 Safari/537.36"
117.241.102.170 - - [29/Jul/2016:13:38:47 +0000] "GET /image/catalog/category_thumb/women.jpg HTTP/1.1" 200 204569 "https://bazaarmantra.com/" "Mozilla/5.0 (Windows NT 6.1) AppleWebKit/537.36 (KHTML, like Gecko) Chrome/51.0.2704.106 Safari/537.36"
117.241.102.170 - - [29/Jul/2016:13:38:59 +0000] "GET /catalog/view/theme/bm_new/img-cat/wallet.jpg HTTP/1.1" 200 127775 "https://bazaarmantra.com/" "Mozilla/5.0 (Windows NT 6.1) AppleWebKit/537.36 (KHTML, like Gecko) Chrome/51.0.2704.106 Safari/537.36"
117.241.102.170 - - [29/Jul/2016:13:39:08 +0000] "GET /catalog/view/theme/bm_new/selfibook/follow-us-on.png HTTP/1.1" 200 25439 "https://bazaarmantra.com/" "Mozilla/5.0 (Windows NT 6.1) AppleWebKit/537.36 (KHTML, like Gecko) Chrome/51.0.2704.106 Safari/537.36"
180.76.15.143 - - [29/Jul/2016:13:39:08 +0000] "GET /index.php?route=product/category&path=148_150_152&sort=p.model&order=ASC&limit=15 HTTP/1.1" 200 330177 "-" "Mozilla/5.0 (compatible; Baiduspider/2.0; +http://www.baidu.com/search/spider.html)"
117.241.102.170 - - [29/Jul/2016:13:38:47 +0000] "GET /image/cache/catalog/Banners/BANNER4-1172x484.jpg HTTP/1.1" 206 350068 "https://bazaarmantra.com/" "Mozilla/5.0 (Windows NT 6.1) AppleWebKit/537.36 (KHTML, like Gecko) Chrome/51.0.2704.106 Safari/537.36"
117.241.102.170 - - [29/Jul/2016:13:39:10 +0000] "GET /catalog/view/theme/bm_new/brand/brands.png HTTP/1.1" 200 27068 "https://bazaarmantra.com/" "Mozilla/5.0 (Windows NT 6.1) AppleWebKit/537.36 (KHTML, like Gecko) Chrome/51.0.2704.106 Safari/537.36"
66.249.79.143 - - [29/Jul/2016:13:39:15 +0000] "GET /home-and-kitchen/c,385_386,home-decor,clocks/ajanta-1867-designer-sweep-second-wall-clock%20?sort=rating&order=DESC&limit=100 HTTP/1.1" 404 14004 "-" "Mozilla/5.0 (compatible; Googlebot/2.1; +http://www.google.com/bot.html)"
180.76.15.145 - - [29/Jul/2016:13:39:14 +0000] "GET /index.php?route=product/category&path=124_125&sort=ps.price&order=ASC&limit=25 HTTP/1.1" 200 491735 "-" "Mozilla/5.0 (compatible; Baiduspider/2.0; +http://www.baidu.com/search/spider.html)"
117.241.102.170 - - [29/Jul/2016:13:39:12 +0000] "GET /image/cache/catalog/Banners/banner13-1172x484.jpg HTTP/1.1" 206 80898 "https://bazaarmantra.com/" "Mozilla/5.0 (Windows NT 6.1) AppleWebKit/537.36 (KHTML, like Gecko) Chrome/51.0.2704.106 Safari/537.36"
180.76.15.12 - - [29/Jul/2016:13:39:21 +0000] "GET /module/oclayerednavigation/category?path=191_439&sort=rating&order=ASC&page=2 HTTP/1.1" 200 1507 "-" "Mozilla/5.0 (compatible; Baiduspider/2.0; +http://www.baidu.com/search/spider.html)"
117.241.102.170 - - [29/Jul/2016:13:39:22 +0000] "GET /image/catalog/category_thumb/men-new.png HTTP/1.1" 206 52092 "https://bazaarmantra.com/" "Mozilla/5.0 (Windows NT 6.1) AppleWebKit/537.36 (KHTML, like Gecko) Chrome/51.0.2704.106 Safari/537.36"
180.76.15.7 - - [29/Jul/2016:13:39:27 +0000] "GET /men-fashion/clothing/core-printed-t-shirt-for-men-blue.html?tag=Blue)&sort=pd.name&order=ASC&limit=25 HTTP/1.1" 200 310886 "-" "Mozilla/5.0 (compatible; Baiduspider/2.0; +http://www.baidu.com/search/spider.html)"
66.249.79.143 - - [29/Jul/2016:13:39:32 +0000] "GET /index.php?route=product/category&path=191_192_312 HTTP/1.1" 200 25464 "-" "Mozilla/5.0 (compatible; Googlebot/2.1; +http://www.google.com/bot.html)"
180.76.15.150 - - [29/Jul/2016:13:39:32 +0000] "GET /philips-pack-of-2-led-bulb?tag=Lips&sort=p.sort_order&order=ASC&page=2&limit=50 HTTP/1.1" 404 85361 "-" "Mozilla/5.0 (compatible; Baiduspider/2.0; +http://www.baidu.com/search/spider.html)"
117.241.102.170 - - [29/Jul/2016:13:39:26 +0000] "GET /image/catalog/category-image/mobile.jpg HTTP/1.1" 200 182201 "https://bazaarmantra.com/" "Mozilla/5.0 (Windows NT 6.1) AppleWebKit/537.36 (KHTML, like Gecko) Chrome/51.0.2704.106 Safari/537.36"
117.241.102.170 - - [29/Jul/2016:13:38:47 +0000] "GET /image/catalog/category_thumb/men-clothing.png HTTP/1.1" 200 588043 "https://bazaarmantra.com/" "Mozilla/5.0 (Windows NT 6.1) AppleWebKit/537.36 (KHTML, like Gecko) Chrome/51.0.2704.106 Safari/537.36"
117.241.102.170 - - [29/Jul/2016:13:39:38 +0000] "GET /cpanel HTTP/1.1" 301 - "-" "Mozilla/5.0 (Windows NT 6.1) AppleWebKit/537.36 (KHTML, like Gecko) Chrome/51.0.2704.106 Safari/537.36"
117.241.102.170 - - [29/Jul/2016:13:39:37 +0000] "GET / HTTP/1.1" 200 26964 "-" "Mozilla/5.0 (Windows NT 6.1) AppleWebKit/537.36 (KHTML, like Gecko) Chrome/51.0.2704.106 Safari/537.36"
117.241.102.170 - - [29/Jul/2016:13:39:40 +0000] "GET /catalog/view/javascript/font-awesome/css/font-awesome.min.css HTTP/1.1" 200 6243 "https://bazaarmantra.com/" "Mozilla/5.0 (Windows NT 6.1) AppleWebKit/537.36 (KHTML, like Gecko) Chrome/51.0.2704.106 Safari/537.36"
117.241.102.170 - - [29/Jul/2016:13:39:40 +0000] "GET /catalog/view/theme/bm_new/stylesheet/stylesheet.css HTTP/1.1" 200 14202 "https://bazaarmantra.com/" "Mozilla/5.0 (Windows NT 6.1) AppleWebKit/537.36 (KHTML, like Gecko) Chrome/51.0.2704.106 Safari/537.36"
117.241.102.170 - - [29/Jul/2016:13:39:41 +0000] "GET /catalog/view/theme/bm_new/stylesheet/stylesheet1.css HTTP/1.1" 200 3720 "https://bazaarmantra.com/" "Mozilla/5.0 (Windows NT 6.1) AppleWebKit/537.36 (KHTML, like Gecko) Chrome/51.0.2704.106 Safari/537.36"
117.241.102.170 - - [29/Jul/2016:13:39:41 +0000] "GET /catalog/view/theme/bm_new/stylesheet/number_slideshow.css HTTP/1.1" 200 600 "https://bazaarmantra.com/" "Mozilla/5.0 (Windows NT 6.1) AppleWebKit/537.36 (KHTML, like Gecko) Chrome/51.0.2704.106 Safari/537.36"
117.241.102.170 - - [29/Jul/2016:13:39:41 +0000] "GET /catalog/view/theme/bm_new/stylesheet/opentheme/css/animate.css HTTP/1.1" 200 3700 "https://bazaarmantra.com/" "Mozilla/5.0 (Windows NT 6.1) AppleWebKit/537.36 (KHTML, like Gecko) Chrome/51.0.2704.106 Safari/537.36"
117.241.102.170 - - [29/Jul/2016:13:39:03 +0000] "GET /image/catalog/category_thumb/leather.jpg HTTP/1.1" 200 851373 "https://bazaarmantra.com/" "Mozilla/5.0 (Windows NT 6.1) AppleWebKit/537.36 (KHTML, like Gecko) Chrome/51.0.2704.106 Safari/537.36"
180.76.15.15 - - [29/Jul/2016:13:39:40 +0000] "GET /index.php?route=product/category&path=148&sort=p.model&order=DESC&limit=15 HTTP/1.1" 200 304052 "-" "Mozilla/5.0 (compatible; Baiduspider/2.0; +http://www.baidu.com/search/spider.html)"
117.241.102.170 - - [29/Jul/2016:13:39:41 +0000] "GET /catalog/view/theme/bm_new/stylesheet/opentheme/hozmegamenu/css/custommenu.css HTTP/1.1" 200 1426 "https://bazaarmantra.com/" "Mozilla/5.0 (Windows NT 6.1) AppleWebKit/537.36 (KHTML, like Gecko) Chrome/51.0.2704.106 Safari/537.36"
117.241.102.170 - - [29/Jul/2016:13:39:42 +0000] "GET /catalog/view/theme/bm_new/stylesheet/opentheme/vermegamenu/css/ocsvegamenu.css HTTP/1.1" 200 975 "https://bazaarmantra.com/" "Mozilla/5.0 (Windows NT 6.1) AppleWebKit/537.36 (KHTML, like Gecko) Chrome/51.0.2704.106 Safari/537.36"
117.241.102.170 - - [29/Jul/2016:13:39:40 +0000] "GET /catalog/view/javascript/bootstrap/css/bootstrap.min.css HTTP/1.1" 200 19230 "https://bazaarmantra.com/" "Mozilla/5.0 (Windows NT 6.1) AppleWebKit/537.36 (KHTML, like Gecko) Chrome/51.0.2704.106 Safari/537.36"
117.241.102.170 - - [29/Jul/2016:13:39:42 +0000] "GET /catalog/view/theme/bm_new/stylesheet/opentheme/ocslideshow/ocslideshow.css HTTP/1.1" 200 1835 "https://bazaarmantra.com/" "Mozilla/5.0 (Windows NT 6.1) AppleWebKit/537.36 (KHTML, like Gecko) Chrome/51.0.2704.106 Safari/537.36"
117.241.102.170 - - [29/Jul/2016:13:39:42 +0000] "GET /catalog/view/theme/bm_new/stylesheet/opentheme/css/owl.carousel.css HTTP/1.1" 200 514 "https://bazaarmantra.com/" "Mozilla/5.0 (Windows NT 6.1) AppleWebKit/537.36 (KHTML, like Gecko) Chrome/51.0.2704.106 Safari/537.36"
117.241.102.170 - - [29/Jul/2016:13:39:42 +0000] "GET /catalog/view/javascript/jquery.countdown.css HTTP/1.1" 200 - "https://bazaarmantra.com/" "Mozilla/5.0 (Windows NT 6.1) AppleWebKit/537.36 (KHTML, like Gecko) Chrome/51.0.2704.106 Safari/537.36"
117.241.102.170 - - [29/Jul/2016:13:39:43 +0000] "GET /catalog/view/javascript/jquery/css/jquery-ui.css HTTP/1.1" 200 8125 "https://bazaarmantra.com/" "Mozilla/5.0 (Windows NT 6.1) AppleWebKit/537.36 (KHTML, like Gecko) Chrome/51.0.2704.106 Safari/537.36"
117.241.102.170 - - [29/Jul/2016:13:39:43 +0000] "GET /catalog/view/theme/bm_new/stylesheet/opentheme/oclayerednavigation/css/oclayerednavigation.css HTTP/1.1" 200 1403 "https://bazaarmantra.com/" "Mozilla/5.0 (Windows NT 6.1) AppleWebKit/537.36 (KHTML, like Gecko) Chrome/51.0.2704.106 Safari/537.36"
117.241.102.170 - - [29/Jul/2016:13:39:43 +0000] "GET /catalog/view/theme/bm_new/stylesheet/opentheme/opcajaxlogin/css/opcajaxlogin.css HTTP/1.1" 200 839 "https://bazaarmantra.com/" "Mozilla/5.0 (Windows NT 6.1) AppleWebKit/537.36 (KHTML, like Gecko) Chrome/51.0.2704.106 Safari/537.36"
117.241.102.170 - - [29/Jul/2016:13:39:43 +0000] "GET /catalog/view/theme/bm_new/stylesheet/opentheme/ocquickview/css/ocquickview.css HTTP/1.1" 200 518 "https://bazaarmantra.com/" "Mozilla/5.0 (Windows NT 6.1) AppleWebKit/537.36 (KHTML, like Gecko) Chrome/51.0.2704.106 Safari/537.36"
117.241.102.170 - - [29/Jul/2016:13:39:43 +0000] "GET /catalog/view/theme/bm_new/fonts.css HTTP/1.1" 200 184 "https://bazaarmantra.com/" "Mozilla/5.0 (Windows NT 6.1) AppleWebKit/537.36 (KHTML, like Gecko) Chrome/51.0.2704.106 Safari/537.36"
117.241.102.170 - - [29/Jul/2016:13:39:43 +0000] "GET /catalog/view/theme/bm_new/stylesheet/jQuery-plugin-progressbar.css HTTP/1.1" 200 405 "https://bazaarmantra.com/" "Mozilla/5.0 (Windows NT 6.1) AppleWebKit/537.36 (KHTML, like Gecko) Chrome/51.0.2704.106 Safari/537.36"
117.241.102.170 - - [29/Jul/2016:13:39:43 +0000] "GET /catalog/view/javascript/bootstrap/js/bootstrap.min.js HTTP/1.1" 200 9407 "https://bazaarmantra.com/" "Mozilla/5.0 (Windows NT 6.1) AppleWebKit/537.36 (KHTML, like Gecko) Chrome/51.0.2704.106 Safari/537.36"
117.241.102.170 - - [29/Jul/2016:13:39:43 +0000] "GET /catalog/view/javascript/jquery/owl-carousel/owl.carousel.min.js HTTP/1.1" 200 6450 "https://bazaarmantra.com/" "Mozilla/5.0 (Windows NT 6.1) AppleWebKit/537.36 (KHTML, like Gecko) Chrome/51.0.2704.106 Safari/537.36"
117.241.102.170 - - [29/Jul/2016:13:39:43 +0000] "GET /catalog/view/javascript/jquery/jquery-2.1.1.min.js HTTP/1.1" 200 29497 "https://bazaarmantra.com/" "Mozilla/5.0 (Windows NT 6.1) AppleWebKit/537.36 (KHTML, like Gecko) Chrome/51.0.2704.106 Safari/537.36"
117.241.102.170 - - [29/Jul/2016:13:39:43 +0000] "GET /catalog/view/javascript/opentheme/hozmegamenu/custommenu.js HTTP/1.1" 200 848 "https://bazaarmantra.com/" "Mozilla/5.0 (Windows NT 6.1) AppleWebKit/537.36 (KHTML, like Gecko) Chrome/51.0.2704.106 Safari/537.36"
117.241.102.170 - - [29/Jul/2016:13:39:44 +0000] "GET /catalog/view/javascript/opentheme/hozmegamenu/mobile_menu.js HTTP/1.1" 200 608 "https://bazaarmantra.com/" "Mozilla/5.0 (Windows NT 6.1) AppleWebKit/537.36 (KHTML, like Gecko) Chrome/51.0.2704.106 Safari/537.36"
117.241.102.170 - - [29/Jul/2016:13:39:14 +0000] "GET /image/cache/catalog/Banners/MEN-ASSORIES2-1172x484.jpg HTTP/1.1" 206 852443 "https://bazaarmantra.com/" "Mozilla/5.0 (Windows NT 6.1) AppleWebKit/537.36 (KHTML, like Gecko) Chrome/51.0.2704.106 Safari/537.36"
117.241.102.170 - - [29/Jul/2016:13:39:44 +0000] "GET /catalog/view/javascript/opentheme/vermegamenu/custommenu.js HTTP/1.1" 200 939 "https://bazaarmantra.com/" "Mozilla/5.0 (Windows NT 6.1) AppleWebKit/537.36 (KHTML, like Gecko) Chrome/51.0.2704.106 Safari/537.36"
117.241.102.170 - - [29/Jul/2016:13:39:45 +0000] "GET /catalog/view/javascript/opentheme/opcajaxlogin/opcajaxlogin.js HTTP/1.1" 200 1634 "https://bazaarmantra.com/" "Mozilla/5.0 (Windows NT 6.1) AppleWebKit/537.36 (KHTML, like Gecko) Chrome/51.0.2704.106 Safari/537.36"
117.241.102.170 - - [29/Jul/2016:13:39:45 +0000] "GET /catalog/view/theme/bm_new/stylesheet/number_slideshow.js HTTP/1.1" 200 1536 "https://bazaarmantra.com/" "Mozilla/5.0 (Windows NT 6.1) AppleWebKit/537.36 (KHTML, like Gecko) Chrome/51.0.2704.106 Safari/537.36"
117.241.102.170 - - [29/Jul/2016:13:39:45 +0000] "GET /catalog/view/theme/bm_new/stylesheet/parallax.js HTTP/1.1" 200 2471 "https://bazaarmantra.com/" "Mozilla/5.0 (Windows NT 6.1) AppleWebKit/537.36 (KHTML, like Gecko) Chrome/51.0.2704.106 Safari/537.36"
117.241.102.170 - - [29/Jul/2016:13:39:45 +0000] "GET /catalog/view/theme/bm_new/stylesheet/parallax.min.js HTTP/1.1" 200 2283 "https://bazaarmantra.com/" "Mozilla/5.0 (Windows NT 6.1) AppleWebKit/537.36 (KHTML, like Gecko) Chrome/51.0.2704.106 Safari/537.36"
117.241.102.170 - - [29/Jul/2016:13:39:45 +0000] "GET /catalog/view/javascript/jquery.plugin.js HTTP/1.1" 200 1369 "https://bazaarmantra.com/" "Mozilla/5.0 (Windows NT 6.1) AppleWebKit/537.36 (KHTML, like Gecko) Chrome/51.0.2704.106 Safari/537.36"
117.241.102.170 - - [29/Jul/2016:13:39:45 +0000] "GET /catalog/view/javascript/jquery.countdown.js HTTP/1.1" 200 4789 "https://bazaarmantra.com/" "Mozilla/5.0 (Windows NT 6.1) AppleWebKit/537.36 (KHTML, like Gecko) Chrome/51.0.2704.106 Safari/537.36"
117.241.102.170 - - [29/Jul/2016:13:39:43 +0000] "GET /catalog/view/javascript/jquery/jquery-ui.js HTTP/1.1" 200 71969 "https://bazaarmantra.com/" "Mozilla/5.0 (Windows NT 6.1) AppleWebKit/537.36 (KHTML, like Gecko) Chrome/51.0.2704.106 Safari/537.36"
117.241.102.170 - - [29/Jul/2016:13:39:45 +0000] "GET /catalog/view/javascript/jquery/elevatezoom/jquery.elevatezoom.js HTTP/1.1" 200 3922 "https://bazaarmantra.com/" "Mozilla/5.0 (Windows NT 6.1) AppleWebKit/537.36 (KHTML, like Gecko) Chrome/51.0.2704.106 Safari/537.36"
117.241.102.170 - - [29/Jul/2016:13:39:45 +0000] "GET /catalog/view/javascript/opentheme/ocslideshow/jquery.nivo.slider.js HTTP/1.1" 200 3265 "https://bazaarmantra.com/" "Mozilla/5.0 (Windows NT 6.1) AppleWebKit/537.36 (KHTML, like Gecko) Chrome/51.0.2704.106 Safari/537.36"
117.241.102.170 - - [29/Jul/2016:13:39:45 +0000] "GET /catalog/view/javascript/opentheme/oclayerednavigation/oclayerednavigation.js HTTP/1.1" 200 928 "https://bazaarmantra.com/" "Mozilla/5.0 (Windows NT 6.1) AppleWebKit/537.36 (KHTML, like Gecko) Chrome/51.0.2704.106 Safari/537.36"
117.241.102.170 - - [29/Jul/2016:13:39:45 +0000] "GET /catalog/view/javascript/opentheme/ocquickview/ocquickview.js HTTP/1.1" 200 888 "https://bazaarmantra.com/" "Mozilla/5.0 (Windows NT 6.1) AppleWebKit/537.36 (KHTML, like Gecko) Chrome/51.0.2704.106 Safari/537.36"
117.241.102.170 - - [29/Jul/2016:13:39:46 +0000] "GET /catalog/view/javascript/jQuery-plugin-progressbar.js HTTP/1.1" 200 602 "https://bazaarmantra.com/" "Mozilla/5.0 (Windows NT 6.1) AppleWebKit/537.36 (KHTML, like Gecko) Chrome/51.0.2704.106 Safari/537.36"
117.241.102.170 - - [29/Jul/2016:13:39:46 +0000] "GET /catalog/view/javascript/common.js HTTP/1.1" 200 3283 "https://bazaarmantra.com/" "Mozilla/5.0 (Windows NT 6.1) AppleWebKit/537.36 (KHTML, like Gecko) Chrome/51.0.2704.106 Safari/537.36"
117.241.102.170 - - [29/Jul/2016:13:39:46 +0000] "GET /catalog/view/javascript/js/vendor/jquery.ui.widget.js HTTP/1.1" 200 4977 "https://bazaarmantra.com/" "Mozilla/5.0 (Windows NT 6.1) AppleWebKit/537.36 (KHTML, like Gecko) Chrome/51.0.2704.106 Safari/537.36"
117.241.102.170 - - [29/Jul/2016:13:39:46 +0000] "GET /catalog/view/javascript/js/jquery.iframe-transport.js HTTP/1.1" 200 2865 "https://bazaarmantra.com/" "Mozilla/5.0 (Windows NT 6.1) AppleWebKit/537.36 (KHTML, like Gecko) Chrome/51.0.2704.106 Safari/537.36"
117.241.102.170 - - [29/Jul/2016:13:39:46 +0000] "GET /catalog/view/javascript/js/jquery.fileupload.js HTTP/1.1" 200 13464 "https://bazaarmantra.com/" "Mozilla/5.0 (Windows NT 6.1) AppleWebKit/537.36 (KHTML, like Gecko) Chrome/51.0.2704.106 Safari/537.36"
117.241.102.170 - - [29/Jul/2016:13:39:47 +0000] "GET /catalog/view/javascript/jquery.flexisel.js HTTP/1.1" 200 2788 "https://bazaarmantra.com/" "Mozilla/5.0 (Windows NT 6.1) AppleWebKit/537.36 (KHTML, like Gecko) Chrome/51.0.2704.106 Safari/537.36"
180.76.15.5 - - [29/Jul/2016:13:39:45 +0000] "GET /men-fashion/clothing/adidas-printed-round-neck-t-shirt-orange.html?tag=Print&sort=p.price&order=DESC&limit=75 HTTP/1.1" 200 301386 "-" "Mozilla/5.0 (compatible; Baiduspider/2.0; +http://www.baidu.com/search/spider.html)"
117.241.102.170 - - [29/Jul/2016:13:39:47 +0000] "GET /catalog/view/theme/bm_new/slider-icon/Previous.png HTTP/1.1" 200 2956 "https://bazaarmantra.com/" "Mozilla/5.0 (Windows NT 6.1) AppleWebKit/537.36 (KHTML, like Gecko) Chrome/51.0.2704.106 Safari/537.36"
117.241.102.170 - - [29/Jul/2016:13:39:47 +0000] "GET /catalog/view/theme/bm_new/slider-icon/next.png HTTP/1.1" 200 3134 "https://bazaarmantra.com/" "Mozilla/5.0 (Windows NT 6.1) AppleWebKit/537.36 (KHTML, like Gecko) Chrome/51.0.2704.106 Safari/537.36"
117.241.102.170 - - [29/Jul/2016:13:39:12 +0000] "GET /image/catalog/category_thumb/4.png HTTP/1.1" 200 775935 "https://bazaarmantra.com/" "Mozilla/5.0 (Windows NT 6.1) AppleWebKit/537.36 (KHTML, like Gecko) Chrome/51.0.2704.106 Safari/537.36"
117.241.102.170 - - [29/Jul/2016:13:39:51 +0000] "GET /catalog/view/theme/bm_new/img/logo.png HTTP/1.1" 200 8765 "https://bazaarmantra.com/" "Mozilla/5.0 (Windows NT 6.1) AppleWebKit/537.36 (KHTML, like Gecko) Chrome/51.0.2704.106 Safari/537.36"
117.241.102.170 - - [29/Jul/2016:13:39:51 +0000] "GET /catalog/view/theme/bm_new/img/navbg.png HTTP/1.1" 200 13288 "https://bazaarmantra.com/" "Mozilla/5.0 (Windows NT 6.1) AppleWebKit/537.36 (KHTML, like Gecko) Chrome/51.0.2704.106 Safari/537.36"
117.241.102.170 - - [29/Jul/2016:13:39:51 +0000] "GET /catalog/view/theme/bm_new/img/r-icon1.png HTTP/1.1" 200 3313 "https://bazaarmantra.com/" "Mozilla/5.0 (Windows NT 6.1) AppleWebKit/537.36 (KHTML, like Gecko) Chrome/51.0.2704.106 Safari/537.36"
117.241.102.170 - - [29/Jul/2016:13:39:51 +0000] "GET /catalog/view/theme/bm_new/img/r-icon6.png HTTP/1.1" 200 1546 "https://bazaarmantra.com/" "Mozilla/5.0 (Windows NT 6.1) AppleWebKit/537.36 (KHTML, like Gecko) Chrome/51.0.2704.106 Safari/537.36"
117.241.102.170 - - [29/Jul/2016:13:39:51 +0000] "GET /catalog/view/javascript/font-awesome/fonts/fontawesome-webfont.woff2?v=4.5.0 HTTP/1.1" 404 13914 "https://bazaarmantra.com/catalog/view/javascript/font-awesome/css/font-awesome.min.css" "Mozilla/5.0 (Windows NT 6.1) AppleWebKit/537.36 (KHTML, like Gecko) Chrome/51.0.2704.106 Safari/537.36"
117.241.102.170 - - [29/Jul/2016:13:39:52 +0000] "GET /catalog/view/theme/bm_new/img/r-icon2.png HTTP/1.1" 200 3990 "https://bazaarmantra.com/" "Mozilla/5.0 (Windows NT 6.1) AppleWebKit/537.36 (KHTML, like Gecko) Chrome/51.0.2704.106 Safari/537.36"
180.76.15.161 - - [29/Jul/2016:13:39:51 +0000] "GET /men-fashion/accessories/sonata-7078bm01-wedding-analog-watch-for-men?tag=Sona&sort=pd.name&order=DESC&page=2&limit=100 HTTP/1.1" 200 289975 "-" "Mozilla/5.0 (compatible; Baiduspider/2.0; +http://www.baidu.com/search/spider.html)"
117.241.102.170 - - [29/Jul/2016:13:39:52 +0000] "GET /catalog/view/theme/bm_new/img/r-icon3.png HTTP/1.1" 200 3413 "https://bazaarmantra.com/" "Mozilla/5.0 (Windows NT 6.1) AppleWebKit/537.36 (KHTML, like Gecko) Chrome/51.0.2704.106 Safari/537.36"
117.241.102.170 - - [29/Jul/2016:13:39:53 +0000] "GET /catalog/view/theme/bm_new/img/r-icon4.png HTTP/1.1" 200 4093 "https://bazaarmantra.com/" "Mozilla/5.0 (Windows NT 6.1) AppleWebKit/537.36 (KHTML, like Gecko) Chrome/51.0.2704.106 Safari/537.36"
117.241.102.170 - - [29/Jul/2016:13:39:54 +0000] "GET /catalog/view/theme/bm_new/img/r-icon5.png HTTP/1.1" 200 3639 "https://bazaarmantra.com/" "Mozilla/5.0 (Windows NT 6.1) AppleWebKit/537.36 (KHTML, like Gecko) Chrome/51.0.2704.106 Safari/537.36"
117.241.102.170 - - [29/Jul/2016:13:39:51 +0000] "GET /catalog/view/theme/bm_new/fonts/tt0142m_.woff HTTP/1.1" 200 33396 "https://bazaarmantra.com/catalog/view/theme/bm_new/fonts.css" "Mozilla/5.0 (Windows NT 6.1) AppleWebKit/537.36 (KHTML, like Gecko) Chrome/51.0.2704.106 Safari/537.36"
117.241.102.170 - - [29/Jul/2016:13:39:55 +0000] "GET /index.php?route=account/register/customfield&customer_group_id=1 HTTP/1.1" 200 2 "https://bazaarmantra.com/" "Mozilla/5.0 (Windows NT 6.1) AppleWebKit/537.36 (KHTML, like Gecko) Chrome/51.0.2704.106 Safari/537.36"
117.241.102.170 - - [29/Jul/2016:13:39:55 +0000] "GET /catalog/view/theme/bm_new/slider-icon/roundhover.png HTTP/1.1" 200 1559 "https://bazaarmantra.com/" "Mozilla/5.0 (Windows NT 6.1) AppleWebKit/537.36 (KHTML, like Gecko) Chrome/51.0.2704.106 Safari/537.36"
117.241.102.170 - - [29/Jul/2016:13:39:55 +0000] "GET /catalog/view/theme/bm_new/slider-icon/round.png HTTP/1.1" 200 1535 "https://bazaarmantra.com/" "Mozilla/5.0 (Windows NT 6.1) AppleWebKit/537.36 (KHTML, like Gecko) Chrome/51.0.2704.106 Safari/537.36"
117.241.102.170 - - [29/Jul/2016:13:39:56 +0000] "GET /image/catalog/menu-icon/recharge-m.png HTTP/1.1" 200 13295 "https://bazaarmantra.com/" "Mozilla/5.0 (Windows NT 6.1) AppleWebKit/537.36 (KHTML, like Gecko) Chrome/51.0.2704.106 Safari/537.36"
117.241.102.170 - - [29/Jul/2016:13:39:56 +0000] "GET /image/catalog/menu-icon/sports-m.png HTTP/1.1" 200 23093 "https://bazaarmantra.com/" "Mozilla/5.0 (Windows NT 6.1) AppleWebKit/537.36 (KHTML, like Gecko) Chrome/51.0.2704.106 Safari/537.36"
117.241.102.170 - - [29/Jul/2016:13:39:58 +0000] "GET /image/catalog/menu-icon/wallet-m.png HTTP/1.1" 200 13426 "https://bazaarmantra.com/" "Mozilla/5.0 (Windows NT 6.1) AppleWebKit/537.36 (KHTML, like Gecko) Chrome/51.0.2704.106 Safari/537.36"
117.241.102.170 - - [29/Jul/2016:13:39:52 +0000] "GET /catalog/view/javascript/font-awesome/fonts/fontawesome-webfont.woff?v=4.5.0 HTTP/1.1" 200 83756 "https://bazaarmantra.com/catalog/view/javascript/font-awesome/css/font-awesome.min.css" "Mozilla/5.0 (Windows NT 6.1) AppleWebKit/537.36 (KHTML, like Gecko) Chrome/51.0.2704.106 Safari/537.36"
117.241.102.170 - - [29/Jul/2016:13:39:56 +0000] "GET /image/catalog/menu-icon/men-m.png HTTP/1.1" 200 23004 "https://bazaarmantra.com/" "Mozilla/5.0 (Windows NT 6.1) AppleWebKit/537.36 (KHTML, like Gecko) Chrome/51.0.2704.106 Safari/537.36"
117.241.102.170 - - [29/Jul/2016:13:39:59 +0000] "GET /index.php?route=account/account/country&country_id=99 HTTP/1.1" 200 597 "https://bazaarmantra.com/" "Mozilla/5.0 (Windows NT 6.1) AppleWebKit/537.36 (KHTML, like Gecko) Chrome/51.0.2704.106 Safari/537.36"
180.76.15.160 - - [29/Jul/2016:13:39:59 +0000] "GET /index.php?route=product/category&path=430&sort=pd.name&order=DESC&limit=50 HTTP/1.1" 200 277139 "-" "Mozilla/5.0 (compatible; Baiduspider/2.0; +http://www.baidu.com/search/spider.html)"
117.241.102.170 - - [29/Jul/2016:13:39:59 +0000] "GET /image/catalog/menu-icon/women-m.png HTTP/1.1" 200 25678 "https://bazaarmantra.com/" "Mozilla/5.0 (Windows NT 6.1) AppleWebKit/537.36 (KHTML, like Gecko) Chrome/51.0.2704.106 Safari/537.36"
117.241.102.170 - - [29/Jul/2016:13:39:58 +0000] "GET /image/catalog/menu-icon/images.png HTTP/1.1" 200 21013 "https://bazaarmantra.com/" "Mozilla/5.0 (Windows NT 6.1) AppleWebKit/537.36 (KHTML, like Gecko) Chrome/51.0.2704.106 Safari/537.36"
117.241.102.170 - - [29/Jul/2016:13:40:02 +0000] "GET /image/catalog/AjaxLoader.gif HTTP/1.1" 200 4780 "https://bazaarmantra.com/" "Mozilla/5.0 (Windows NT 6.1) AppleWebKit/537.36 (KHTML, like Gecko) Chrome/51.0.2704.106 Safari/537.36"
117.241.102.170 - - [29/Jul/2016:13:39:59 +0000] "GET /image/catalog/menu-icon/men.png HTTP/1.1" 200 107192 "https://bazaarmantra.com/" "Mozilla/5.0 (Windows NT 6.1) AppleWebKit/537.36 (KHTML, like Gecko) Chrome/51.0.2704.106 Safari/537.36"
117.241.102.170 - - [29/Jul/2016:13:40:02 +0000] "GET /image/catalog/menu-icon/sport.png HTTP/1.1" 200 73431 "https://bazaarmantra.com/" "Mozilla/5.0 (Windows NT 6.1) AppleWebKit/537.36 (KHTML, like Gecko) Chrome/51.0.2704.106 Safari/537.36"
180.76.15.13 - - [29/Jul/2016:13:40:04 +0000] "GET /men-fashion/clothing/superdry-grey-black-self-designed-t-shirt.html?tag=Grey-Black&sort=rating&order=ASC&limit=50 HTTP/1.1" 200 307375 "-" "Mozilla/5.0 (compatible; Baiduspider/2.0; +http://www.baidu.com/search/spider.html)"
180.76.15.10 - - [29/Jul/2016:13:40:10 +0000] "GET /ajanta-467-office-sweep-second-wall-clock%20?tag=Clock&sort=rating&order=ASC&limit=15 HTTP/1.1" 404 85385 "-" "Mozilla/5.0 (compatible; Baiduspider/2.0; +http://www.baidu.com/search/spider.html)"
117.241.102.170 - - [29/Jul/2016:13:40:13 +0000] "GET /cpanel HTTP/1.1" 301 - "-" "Mozilla/5.0 (Windows NT 6.1) AppleWebKit/537.36 (KHTML, like Gecko) Chrome/51.0.2704.106 Safari/537.36"
117.241.102.170 - - [29/Jul/2016:13:39:47 +0000] "GET /image/cache/catalog/Banners/BANNER4-1172x484.jpg HTTP/1.1" 200 513908 "https://bazaarmantra.com/" "Mozilla/5.0 (Windows NT 6.1) AppleWebKit/537.36 (KHTML, like Gecko) Chrome/51.0.2704.106 Safari/537.36"
117.241.102.170 - - [29/Jul/2016:13:40:18 +0000] "GET /image/cache/catalog/Banners/MEN-ASSORIES2-1172x484.jpg HTTP/1.1" 206 1 "https://bazaarmantra.com/" "Mozilla/5.0 (Windows NT 6.1) AppleWebKit/537.36 (KHTML, like Gecko) Chrome/51.0.2704.106 Safari/537.36"
117.241.102.170 - - [29/Jul/2016:13:39:59 +0000] "GET /image/catalog/menu-icon/DSC_9610.png HTTP/1.1" 200 121860 "https://bazaarmantra.com/" "Mozilla/5.0 (Windows NT 6.1) AppleWebKit/537.36 (KHTML, like Gecko) Chrome/51.0.2704.106 Safari/537.36"
180.76.15.24 - - [29/Jul/2016:13:40:17 +0000] "GET /men-fashion/clothing/shorts-and-3-4ths/american-eagle-solid-cargo-shorts.html?limit=15 HTTP/1.1" 200 308542 "-" "Mozilla/5.0 (compatible; Baiduspider/2.0; +http://www.baidu.com/search/spider.html)"
117.241.102.170 - - [29/Jul/2016:13:40:21 +0000] "GET /image/catalog/category_thumb/women-new.png HTTP/1.1" 206 1 "https://bazaarmantra.com/" "Mozilla/5.0 (Windows NT 6.1) AppleWebKit/537.36 (KHTML, like Gecko) Chrome/51.0.2704.106 Safari/537.36"
180.76.15.157 - - [29/Jul/2016:13:40:23 +0000] "GET /index.php?route=module/oclayerednavigation/category&path=171&sort=rating&order=ASC&limit=15&page=7 HTTP/1.1" 200 96694 "-" "Mozilla/5.0 (compatible; Baiduspider/2.0; +http://www.baidu.com/search/spider.html)"
117.241.102.170 - - [29/Jul/2016:13:40:05 +0000] "GET /image/cache/catalog/Banners/banner13-1172x484.jpg HTTP/1.1" 200 211970 "https://bazaarmantra.com/" "Mozilla/5.0 (Windows NT 6.1) AppleWebKit/537.36 (KHTML, like Gecko) Chrome/51.0.2704.106 Safari/537.36"
66.249.79.143 - - [29/Jul/2016:13:40:26 +0000] "GET /index.php?route=product/category&path=148_150_153 HTTP/1.1" 200 28719 "-" "Mozilla/5.0 (compatible; Googlebot/2.1; +http://www.google.com/bot.html)"
180.76.15.150 - - [29/Jul/2016:13:40:30 +0000] "GET /dell-inspiration-mini-t-3137-laptop-11-inch-hd-touch-black-os-win-8-1-html?tag=Dell&sort=rating&order=DESC&limit=50 HTTP/1.1" 404 85481 "-" "Mozilla/5.0 (compatible; Baiduspider/2.0; +http://www.baidu.com/search/spider.html)"
117.241.102.170 - - [29/Jul/2016:13:40:07 +0000] "GET /image/cache/catalog/Banners/BANNER1-1172x484.jpg HTTP/1.1" 200 294546 "https://bazaarmantra.com/" "Mozilla/5.0 (Windows NT 6.1) AppleWebKit/537.36 (KHTML, like Gecko) Chrome/51.0.2704.106 Safari/537.36"
180.76.15.149 - - [29/Jul/2016:13:40:36 +0000] "GET /index.php?route=product/category&path=199_200_459&sort=rating&order=DESC&page=2&limit=25 HTTP/1.1" 200 350637 "-" "Mozilla/5.0 (compatible; Baiduspider/2.0; +http://www.baidu.com/search/spider.html)"
117.241.102.170 - - [29/Jul/2016:13:40:22 +0000] "GET /image/catalog/category_thumb/women-new.png HTTP/1.1" 206 197668 "https://bazaarmantra.com/" "Mozilla/5.0 (Windows NT 6.1) AppleWebKit/537.36 (KHTML, like Gecko) Chrome/51.0.2704.106 Safari/537.36"
117.241.102.170 - - [29/Jul/2016:13:40:43 +0000] "GET /admin HTTP/1.1" 301 239 "-" "Mozilla/5.0 (Windows NT 6.1) AppleWebKit/537.36 (KHTML, like Gecko) Chrome/51.0.2704.106 Safari/537.36"
117.241.102.170 - - [29/Jul/2016:13:40:31 +0000] "GET /catalog/view/theme/bm_new/img-cat/wallet.jpg HTTP/1.1" 200 127775 "https://bazaarmantra.com/" "Mozilla/5.0 (Windows NT 6.1) AppleWebKit/537.36 (KHTML, like Gecko) Chrome/51.0.2704.106 Safari/537.36"
180.76.15.149 - - [29/Jul/2016:13:40:42 +0000] "GET /index.php?route=product/category&path=148_150_149&sort=pd.name&order=ASC&limit=75 HTTP/1.1" 200 458711 "-" "Mozilla/5.0 (compatible; Baiduspider/2.0; +http://www.baidu.com/search/spider.html)"
117.241.102.170 - - [29/Jul/2016:13:40:44 +0000] "GET /admin/ HTTP/1.1" 200 1036 "-" "Mozilla/5.0 (Windows NT 6.1) AppleWebKit/537.36 (KHTML, like Gecko) Chrome/51.0.2704.106 Safari/537.36"
117.241.102.170 - - [29/Jul/2016:13:40:18 +0000] "GET /image/cache/catalog/Banners/MEN-ASSORIES2-1172x484.jpg HTTP/1.1" 206 754139 "https://bazaarmantra.com/" "Mozilla/5.0 (Windows NT 6.1) AppleWebKit/537.36 (KHTML, like Gecko) Chrome/51.0.2704.106 Safari/537.36"
117.241.102.170 - - [29/Jul/2016:13:40:18 +0000] "GET /image/catalog/category_thumb/men-new.png HTTP/1.1" 200 363388 "https://bazaarmantra.com/" "Mozilla/5.0 (Windows NT 6.1) AppleWebKit/537.36 (KHTML, like Gecko) Chrome/51.0.2704.106 Safari/537.36"
117.241.102.170 - - [29/Jul/2016:13:40:45 +0000] "GET /admin/view/javascript/font-awesome/fonts/fontawesome-webfont.ttf?v=4.2.0 HTTP/1.1" 200 65581 "https://www.bazaarmantra.com/admin/view/javascript/font-awesome/css/font-awesome.min.css" "Mozilla/5.0 (Windows NT 6.1) AppleWebKit/537.36 (KHTML, like Gecko) Chrome/51.0.2704.106 Safari/537.36"
117.241.102.170 - - [29/Jul/2016:13:39:59 +0000] "GET /image/catalog/menu-icon/mobile.png HTTP/1.1" 200 72036 "https://bazaarmantra.com/" "Mozilla/5.0 (Windows NT 6.1) AppleWebKit/537.36 (KHTML, like Gecko) Chrome/51.0.2704.106 Safari/537.36"
180.76.15.138 - - [29/Jul/2016:13:40:49 +0000] "GET /blackberry?sort=rating&order=ASC HTTP/1.1" 200 237543 "-" "Mozilla/5.0 (compatible; Baiduspider/2.0; +http://www.baidu.com/search/spider.html)"
180.76.15.142 - - [29/Jul/2016:13:40:55 +0000] "GET /men-fashion/watches/analog-watches/sonata-7108ym01-sona-sitara-analog-watch-for-men.html?tag=Sona&sort=p.model&order=DESC&page=2&limit=75 HTTP/1.1" 200 299213 "-" "Mozilla/5.0 (compatible; Baiduspider/2.0; +http://www.baidu.com/search/spider.html)"
117.241.102.170 - - [29/Jul/2016:13:40:58 +0000] "POST /admin/index.php?route=common/login HTTP/1.1" 302 - "https://bazaarmantra.com/admin/" "Mozilla/5.0 (Windows NT 6.1) AppleWebKit/537.36 (KHTML, like Gecko) Chrome/51.0.2704.106 Safari/537.36"
117.241.102.170 - - [29/Jul/2016:13:40:58 +0000] "GET /admin/index.php?route=common/dashboard&token=ea545051d68571c2b21e616f09209507 HTTP/1.1" 200 6032 "https://bazaarmantra.com/admin/" "Mozilla/5.0 (Windows NT 6.1) AppleWebKit/537.36 (KHTML, like Gecko) Chrome/51.0.2704.106 Safari/537.36"
180.76.15.157 - - [29/Jul/2016:13:41:00 +0000] "GET /c,578,aminos-acids-and-bcaa-s/p,1447,bodyfuelz-muscle-max.html?tag=Body&sort=rating&order=ASC&limit=100 HTTP/1.1" 301 348 "-" "Mozilla/5.0 (compatible; Baiduspider/2.0; +http://www.baidu.com/search/spider.html)"
117.241.102.170 - - [29/Jul/2016:13:41:01 +0000] "GET /admin/index.php?route=dashboard/chart/chart&token=ea545051d68571c2b21e616f09209507&range=month HTTP/1.1" 200 310 "https://www.bazaarmantra.com/admin/index.php?route=common/dashboard&token=ea545051d68571c2b21e616f09209507" "Mozilla/5.0 (Windows NT 6.1) AppleWebKit/537.36 (KHTML, like Gecko) Chrome/51.0.2704.106 Safari/537.36"
117.241.102.170 - - [29/Jul/2016:13:41:01 +0000] "GET /admin/index.php?route=dashboard/map/map&token=ea545051d68571c2b21e616f09209507 HTTP/1.1" 200 103 "https://www.bazaarmantra.com/admin/index.php?route=common/dashboard&token=ea545051d68571c2b21e616f09209507" "Mozilla/5.0 (Windows NT 6.1) AppleWebKit/537.36 (KHTML, like Gecko) Chrome/51.0.2704.106 Safari/537.36"
117.241.102.170 - - [29/Jul/2016:13:41:02 +0000] "GET /favicon.ico HTTP/1.1" 404 13858 "https://www.bazaarmantra.com/admin/index.php?route=common/dashboard&token=ea545051d68571c2b21e616f09209507" "Mozilla/5.0 (Windows NT 6.1) AppleWebKit/537.36 (KHTML, like Gecko) Chrome/51.0.2704.106 Safari/537.36"
180.76.15.141 - - [29/Jul/2016:13:41:08 +0000] "GET /index.php?route=module/oclayerednavigation/category&path=124_125_126&sort=p.sort_order&order=ASC&page=3 HTTP/1.1" 200 177221 "-" "Mozilla/5.0 (compatible; Baiduspider/2.0; +http://www.baidu.com/search/spider.html)"
180.76.15.163 - - [29/Jul/2016:13:41:13 +0000] "GET /mobile-and-accessories/mobiles/smart-phones/nokia-225-black.html?tag=Nokia&sort=p.sort_order&order=ASC&limit=50 HTTP/1.1" 200 301548 "-" "Mozilla/5.0 (compatible; Baiduspider/2.0; +http://www.baidu.com/search/spider.html)"
180.76.15.5 - - [29/Jul/2016:13:41:19 +0000] "GET /ajanta-7677-wooden-pendulum-glass-wall-clock?tag=Home&sort=rating&order=ASC&limit=100 HTTP/1.1" 404 85391 "-" "Mozilla/5.0 (compatible; Baiduspider/2.0; +http://www.baidu.com/search/spider.html)"
66.249.79.143 - - [29/Jul/2016:13:41:20 +0000] "GET /men-fashion/bags-and-luggage/backpacks HTTP/1.1" 200 27027 "-" "Mozilla/5.0 (compatible; Googlebot/2.1; +http://www.google.com/bot.html)"
180.76.15.11 - - [29/Jul/2016:13:41:26 +0000] "GET /module/oclayerednavigation/category?path=148_150&limit=15&page=4 HTTP/1.1" 200 83384 "-" "Mozilla/5.0 (compatible; Baiduspider/2.0; +http://www.baidu.com/search/spider.html)"
117.241.102.170 - - [29/Jul/2016:13:38:47 +0000] "GET /image/catalog/category_thumb/men.jpg HTTP/1.1" 200 117709 "https://bazaarmantra.com/" "Mozilla/5.0 (Windows NT 6.1) AppleWebKit/537.36 (KHTML, like Gecko) Chrome/51.0.2704.106 Safari/537.36"
157.55.39.33 - - [29/Jul/2016:13:41:28 +0000] "GET /sports-and-health/cricket/grips HTTP/1.1" 200 28501 "-" "Mozilla/5.0 (compatible; bingbot/2.0; +http://www.bing.com/bingbot.htm)"
180.76.15.33 - - [29/Jul/2016:13:41:32 +0000] "GET /women-fashion/fashion-accessories/umbrellas-and-raincoats-450/colombo-3-fold-white-umbrella.html?sort=rating&order=DESC HTTP/1.1" 200 286252 "-" "Mozilla/5.0 (compatible; Baiduspider/2.0; +http://www.baidu.com/search/spider.html)"
180.76.15.8 - - [29/Jul/2016:13:41:40 +0000] "GET /index.php?route=product/category&path=191&sort=pd.name&order=ASC&limit=25 HTTP/1.1" 200 339811 "-" "Mozilla/5.0 (compatible; Baiduspider/2.0; +http://www.baidu.com/search/spider.html)"
180.76.15.134 - - [29/Jul/2016:13:41:45 +0000] "GET /index.php?route=product/category&path=148_171_175&sort=p.price&order=DESC&page=2&limit=100 HTTP/1.1" 200 248903 "-" "Mozilla/5.0 (compatible; Baiduspider/2.0; +http://www.baidu.com/search/spider.html)"
180.76.15.153 - - [29/Jul/2016:13:41:51 +0000] "GET /men-fashion/watches/analog-watches/sonata-7078yl03-analog-watch-for-men.html?tag=Sona&page=3 HTTP/1.1" 200 313311 "-" "Mozilla/5.0 (compatible; Baiduspider/2.0; +http://www.baidu.com/search/spider.html)"
180.76.15.25 - - [29/Jul/2016:13:41:58 +0000] "GET /men-fashion/clothing/casual-shirts/united-colors-of-benetton-yellow-checked-casual-shirt.html?page=10&limit=75 HTTP/1.1" 200 306457 "-" "Mozilla/5.0 (compatible; Baiduspider/2.0; +http://www.baidu.com/search/spider.html)"
180.76.15.157 - - [29/Jul/2016:13:42:04 +0000] "GET /ajanta-2017-designer-sweep-second-wall-clock%20?tag=Home&page=1&limit=25 HTTP/1.1" 404 85362 "-" "Mozilla/5.0 (compatible; Baiduspider/2.0; +http://www.baidu.com/search/spider.html)"
66.249.79.143 - - [29/Jul/2016:13:42:07 +0000] "GET /women-fashion/western-wear/winter-seasonal-wear/hugo-chavez-black-wool-and-blended-overcoat.html?limit=100 HTTP/1.1" 404 14001 "-" "Mozilla/5.0 (compatible; Googlebot/2.1; +http://www.google.com/bot.html)"
180.76.15.25 - - [29/Jul/2016:13:42:09 +0000] "GET /product/search?tag=Men&page=57 HTTP/1.1" 301 267 "-" "Mozilla/5.0 (compatible; Baiduspider/2.0; +http://www.baidu.com/search/spider.html)"
66.249.79.143 - - [29/Jul/2016:13:42:14 +0000] "GET /index.php?route=product/category&path=192 HTTP/1.1" 200 25346 "-" "Mozilla/5.0 (compatible; Googlebot/2.1; +http://www.google.com/bot.html)"
180.76.15.23 - - [29/Jul/2016:13:42:17 +0000] "GET /men-fashion/accessories/fastrack-1474sm01-party-analog-watch-for-men.html?sort=pd.name&order=ASC&page=2&limit=75 HTTP/1.1" 200 295782 "-" "Mozilla/5.0 (compatible; Baiduspider/2.0; +http://www.baidu.com/search/spider.html)"
180.76.15.24 - - [29/Jul/2016:13:42:23 +0000] "GET /ajanta-737-fancy-wall-clock%20?tag=Home&sort=pd.name&order=ASC&page=3 HTTP/1.1" 404 85339 "-" "Mozilla/5.0 (compatible; Baiduspider/2.0; +http://www.baidu.com/search/spider.html)"
180.76.15.25 - - [29/Jul/2016:13:42:30 +0000] "GET /dell-inspiron-n3542-laptop-15-6-inch-hd-os-win-8-1-black-1tb-html?tag=Win&sort=pd.name&order=DESC&limit=25 HTTP/1.1" 404 85454 "-" "Mozilla/5.0 (compatible; Baiduspider/2.0; +http://www.baidu.com/search/spider.html)"
180.76.15.20 - - [29/Jul/2016:13:42:36 +0000] "GET /index.php?route=product/category&path=191_204&sort=p.model&order=DESC&limit=25 HTTP/1.1" 200 340536 "-" "Mozilla/5.0 (compatible; Baiduspider/2.0; +http://www.baidu.com/search/spider.html)"
180.76.15.11 - - [29/Jul/2016:13:42:41 +0000] "GET /men-fashion/clothing/casual-shirts/zara-solid-crimson-mens-casual-shirt.html?tag=Men&sort=pd.name&order=DESC&page=1&limit=100 HTTP/1.1" 200 306379 "-" "Mozilla/5.0 (compatible; Baiduspider/2.0; +http://www.baidu.com/search/spider.html)"
180.76.15.14 - - [29/Jul/2016:13:42:49 +0000] "GET /index.php?route=module/oclayerednavigation/category&path=199_200_464&sort=pd.name&order=DESC&page=4 HTTP/1.1" 200 89264 "-" "Mozilla/5.0 (compatible; Baiduspider/2.0; +http://www.baidu.com/search/spider.html)"
180.76.15.19 - - [29/Jul/2016:13:42:54 +0000] "GET /index.php?route=product/category&path=398&sort=rating&order=ASC&limit=15 HTTP/1.1" 404 225080 "-" "Mozilla/5.0 (compatible; Baiduspider/2.0; +http://www.baidu.com/search/spider.html)"
180.76.15.6 - - [29/Jul/2016:13:43:00 +0000] "GET /index.php?route=product/category&path=148_150&sort=rating&order=DESC&page=3&limit=100 HTTP/1.1" 200 225468 "-" "Mozilla/5.0 (compatible; Baiduspider/2.0; +http://www.baidu.com/search/spider.html)"
180.76.15.31 - - [29/Jul/2016:13:43:07 +0000] "GET /men-fashion/accessories/belts-and-suspenders/louis-vuitton-brown-leather-casual-belt-for-men.html?sort=rating&order=ASC HTTP/1.1" 200 307416 "-" "Mozilla/5.0 (compatible; Baiduspider/2.0; +http://www.baidu.com/search/spider.html)"
66.249.79.143 - - [29/Jul/2016:13:43:08 +0000] "GET /sports-and-health/cricket/cricket-accessories/sg-steadler-4-0-cricket-shoes-blue-html HTTP/1.1" 200 37606 "-" "Mozilla/5.0 (compatible; Googlebot/2.1; +http://www.google.com/bot.html)"
180.76.15.25 - - [29/Jul/2016:13:43:13 +0000] "GET /index.php?route=product/category&path=124_128&sort=pd.name&order=ASC&limit=15 HTTP/1.1" 200 250005 "-" "Mozilla/5.0 (compatible; Baiduspider/2.0; +http://www.baidu.com/search/spider.html)"
180.76.15.142 - - [29/Jul/2016:13:43:19 +0000] "GET /men-fashion/clothing/adidas-star-round-neck-t-shirt-black.html?sort=p.model&order=ASC&page=5&limit=50 HTTP/1.1" 200 307916 "-" "Mozilla/5.0 (compatible; Baiduspider/2.0; +http://www.baidu.com/search/spider.html)"
180.76.15.32 - - [29/Jul/2016:13:43:26 +0000] "GET /ajanta-1337-simple-wall-clock?tag=Kit&sort=p.sort_order&order=ASC&limit=50 HTTP/1.1" 301 319 "-" "Mozilla/5.0 (compatible; Baiduspider/2.0; +http://www.baidu.com/search/spider.html)"
180.76.15.30 - - [29/Jul/2016:13:43:32 +0000] "GET /home-and-kitchen/c,385_386,home-decor,clocks/ajanta-2317-simple-wall-clock?tag=2317&sort=p.model&order=ASC HTTP/1.1" 404 85497 "-" "Mozilla/5.0 (compatible; Baiduspider/2.0; +http://www.baidu.com/search/spider.html)"
180.76.15.137 - - [29/Jul/2016:13:43:39 +0000] "GET /module/oclayerednavigation/category?path=148_176&sort=rating&order=DESC&page=2 HTTP/1.1" 200 81408 "-" "Mozilla/5.0 (compatible; Baiduspider/2.0; +http://www.baidu.com/search/spider.html)"
