180.76.15.143 - - [29/Jul/2016:13:43:45 +0000] "GET /index.php?route=product/category&path=450&sort=pd.name&order=DESC&limit=100 HTTP/1.1" 200 249711 "-" "Mozilla/5.0 (compatible; Baiduspider/2.0; +http://www.baidu.com/search/spider.html)"
180.76.15.156 - - [29/Jul/2016:13:43:50 +0000] "GET /index.php?route=product/category&path=204&sort=p.price&order=DESC&limit=15 HTTP/1.1" 200 297990 "-" "Mozilla/5.0 (compatible; Baiduspider/2.0; +http://www.baidu.com/search/spider.html)"
180.76.15.136 - - [29/Jul/2016:13:43:58 +0000] "GET /index.php?route=product/category&path=148_150_155&sort=p.price&order=DESC&limit=50 HTTP/1.1" 200 275045 "-" "Mozilla/5.0 (compatible; Baiduspider/2.0; +http://www.baidu.com/search/spider.html)"
66.249.79.143 - - [29/Jul/2016:13:44:02 +0000] "GET /women-fashion/watches-232/analog-watches-234 HTTP/1.1" 200 32441 "-" "Mozilla/5.0 (compatible; Googlebot/2.1; +http://www.google.com/bot.html)"
180.76.15.152 - - [29/Jul/2016:13:44:04 +0000] "GET /index.php?route=product/category&path=191_204_315&sort=pd.name&order=DESC&page=2&limit=25 HTTP/1.1" 200 225948 "-" "Mozilla/5.0 (compatible; Baiduspider/2.0; +http://www.baidu.com/search/spider.html)"
180.76.15.31 - - [29/Jul/2016:13:44:09 +0000] "GET /home-and-kitchen/c,385_386,home-decor,clocks/ajanta-2317-simple-wall-clock?tag=2317&sort=pd.name&order=DESC&limit=100 HTTP/1.1" 404 85519 "-" "Mozilla/5.0 (compatible; Baiduspider/2.0; +http://www.baidu.com/search/spider.html)"
180.76.15.143 - - [29/Jul/2016:13:44:17 +0000] "GET /index.php?route=product/category&path=191_231_241&sort=p.model&order=ASC HTTP/1.1" 200 225878 "-" "Mozilla/5.0 (compatible; Baiduspider/2.0; +http://www.baidu.com/search/spider.html)"
180.76.15.12 - - [29/Jul/2016:13:44:22 +0000] "GET /c,592,weight-loss/p,1443,herbalife-formula-1-weight-loss-shake-vanilla-500g.html?tag=500&sort=p.sort_order&order=ASC&limit=50 HTTP/1.1" 404 259041 "-" "Mozilla/5.0 (compatible; Baiduspider/2.0; +http://www.baidu.com/search/spider.html)"
180.76.15.152 - - [29/Jul/2016:13:44:28 +0000] "GET /sports-and-health/cricket/guards/sg-proflex-chest-guard.html HTTP/1.1" 200 294466 "-" "Mozilla/5.0 (compatible; Baiduspider/2.0; +http://www.baidu.com/search/spider.html)"
180.76.15.16 - - [29/Jul/2016:13:44:35 +0000] "GET /dell-inspiron-n3542-laptop-15-6-inch-hd-os-win-8-1-black-1tb-html?tag=Electronics&sort=p.model&order=DESC&limit=75 HTTP/1.1" 404 85470 "-" "Mozilla/5.0 (compatible; Baiduspider/2.0; +http://www.baidu.com/search/spider.html)"
180.76.15.32 - - [29/Jul/2016:13:44:41 +0000] "GET /module/oclayerednavigation/category?path=148_171&page=8 HTTP/1.1" 200 51316 "-" "Mozilla/5.0 (compatible; Baiduspider/2.0; +http://www.baidu.com/search/spider.html)"
180.76.15.142 - - [29/Jul/2016:13:44:48 +0000] "GET /index.php?route=product/category&path=124_125_126&sort=p.sort_order&order=ASC&page=6&limit=15 HTTP/1.1" 200 377644 "-" "Mozilla/5.0 (compatible; Baiduspider/2.0; +http://www.baidu.com/search/spider.html)"
180.76.15.12 - - [29/Jul/2016:13:44:54 +0000] "GET /index.php?route=product/category&path=148_171_173&sort=p.price&order=ASC&page=3&limit=15 HTTP/1.1" 200 328568 "-" "Mozilla/5.0 (compatible; Baiduspider/2.0; +http://www.baidu.com/search/spider.html)"
66.249.79.143 - - [29/Jul/2016:13:44:57 +0000] "GET /men-fashion/clothing/formal-shirts HTTP/1.1" 200 28719 "-" "Mozilla/5.0 (compatible; Googlebot/2.1; +http://www.google.com/bot.html)"
180.76.15.6 - - [29/Jul/2016:13:45:00 +0000] "GET /men-fashion/watches/analog-watches/sonata-1141yl10-analog-watch-for-men.html?tag=Sona&sort=p.price&order=DESC&page=2&limit=100 HTTP/1.1" 200 302301 "-" "Mozilla/5.0 (compatible; Baiduspider/2.0; +http://www.baidu.com/search/spider.html)"
66.249.79.143 - - [29/Jul/2016:13:45:01 +0000] "GET /women-fashion/bags-and-wallets/laptop-bags/zakara-betras-14-inch-tan-leather-laptop-bag-zb-pb-18.html?sort=pd.name&order=ASC&limit=100 HTTP/1.1" 200 37737 "-" "Mozilla/5.0 (compatible; Googlebot/2.1; +http://www.google.com/bot.html)"
180.76.15.9 - - [29/Jul/2016:13:45:07 +0000] "GET /index.php?route=product/category&path=148_150&sort=pd.name&order=ASC&page=2 HTTP/1.1" 200 299409 "-" "Mozilla/5.0 (compatible; Baiduspider/2.0; +http://www.baidu.com/search/spider.html)"
180.76.15.27 - - [29/Jul/2016:13:45:13 +0000] "GET /men-fashion/accessories/belts-and-suspenders/louis-vuitton-artificial-leather-belt-white-for-men.html?tag=the&sort=rating&order=DESC&limit=100 HTTP/1.1" 301 387 "-" "Mozilla/5.0 (compatible; Baiduspider/2.0; +http://www.baidu.com/search/spider.html)"
180.76.15.16 - - [29/Jul/2016:13:45:18 +0000] "GET /dell-inspiron-n3542-laptop-15-6-inch-hd-os-win-8-1-blue-html?tag=Inch&sort=pd.name&order=DESC&limit=15 HTTP/1.1" 404 85441 "-" "Mozilla/5.0 (compatible; Baiduspider/2.0; +http://www.baidu.com/search/spider.html)"
66.249.79.143 - - [29/Jul/2016:13:45:20 +0000] "GET /catalog/view/javascript/jquery.flexisel.js HTTP/1.1" 200 2788 "-" "Mozilla/5.0 (Linux; Android 6.0.1; Nexus 5X Build/MMB29P) AppleWebKit/537.36 (KHTML, like Gecko) Chrome/41.0.2272.96 Mobile Safari/537.36 (compatible; Googlebot/2.1; +http://www.google.com/bot.html)"
66.249.79.143 - - [29/Jul/2016:13:45:23 +0000] "GET /catalog/view/javascript/js/jquery.fileupload.js HTTP/1.1" 200 13464 "-" "Mozilla/5.0 (Linux; Android 6.0.1; Nexus 5X Build/MMB29P) AppleWebKit/537.36 (KHTML, like Gecko) Chrome/41.0.2272.96 Mobile Safari/537.36 (compatible; Googlebot/2.1; +http://www.google.com/bot.html)"
66.249.79.143 - - [29/Jul/2016:13:45:26 +0000] "GET /catalog/view/javascript/js/vendor/jquery.ui.widget.js HTTP/1.1" 200 4977 "-" "Mozilla/5.0 (Linux; Android 6.0.1; Nexus 5X Build/MMB29P) AppleWebKit/537.36 (KHTML, like Gecko) Chrome/41.0.2272.96 Mobile Safari/537.36 (compatible; Googlebot/2.1; +http://www.google.com/bot.html)"
180.76.15.23 - - [29/Jul/2016:13:45:26 +0000] "GET /module/oclayerednavigation/category?path=148_150_157&sort=p.model&order=DESC&page=2 HTTP/1.1" 200 17950 "-" "Mozilla/5.0 (compatible; Baiduspider/2.0; +http://www.baidu.com/search/spider.html)"
66.249.79.143 - - [29/Jul/2016:13:45:28 +0000] "GET /catalog/view/javascript/js/jquery.iframe-transport.js HTTP/1.1" 200 2865 "-" "Mozilla/5.0 (Linux; Android 6.0.1; Nexus 5X Build/MMB29P) AppleWebKit/537.36 (KHTML, like Gecko) Chrome/41.0.2272.96 Mobile Safari/537.36 (compatible; Googlebot/2.1; +http://www.google.com/bot.html)"
180.76.15.147 - - [29/Jul/2016:13:45:31 +0000] "GET /men-fashion/clothing/jeans/machine-men-s-blue-washed-jeans.html?tag=Machine&sort=p.price&order=ASC&limit=75 HTTP/1.1" 200 318650 "-" "Mozilla/5.0 (compatible; Baiduspider/2.0; +http://www.baidu.com/search/spider.html)"
180.76.15.134 - - [29/Jul/2016:13:45:39 +0000] "GET /men-fashion/clothing/superdry-lining-t-shirt-white-blue.html?tag=Blue&sort=p.price&order=DESC&limit=75 HTTP/1.1" 200 307982 "-" "Mozilla/5.0 (compatible; Baiduspider/2.0; +http://www.baidu.com/search/spider.html)"
66.249.79.143 - - [29/Jul/2016:13:45:43 +0000] "GET /electronics/storage/samsung-evo-32-gb-microsdhc-class-10.html HTTP/1.1" 404 13936 "-" "Mozilla/5.0 (compatible; Googlebot/2.1; +http://www.google.com/bot.html)"
180.76.15.33 - - [29/Jul/2016:13:45:45 +0000] "GET /men-fashion/clothing/casual-trouser/jack-and-jones-men-slim-fit-casual-trouser.html?tag=Jack&limit=15 HTTP/1.1" 404 85512 "-" "Mozilla/5.0 (compatible; Baiduspider/2.0; +http://www.baidu.com/search/spider.html)"
117.241.102.170 - - [29/Jul/2016:13:45:50 +0000] "GET /admin/index.php?route=common/dashboard&token=ea545051d68571c2b21e616f09209507 HTTP/1.1" 200 5762 "https://bazaarmantra.com/admin/" "Mozilla/5.0 (Windows NT 6.1) AppleWebKit/537.36 (KHTML, like Gecko) Chrome/51.0.2704.106 Safari/537.36"
117.241.102.170 - - [29/Jul/2016:13:45:51 +0000] "GET /admin/view/javascript/bootstrap/js/bootstrap.min.js HTTP/1.1" 200 9441 "https://www.bazaarmantra.com/admin/index.php?route=common/dashboard&token=ea545051d68571c2b21e616f09209507" "Mozilla/5.0 (Windows NT 6.1) AppleWebKit/537.36 (KHTML, like Gecko) Chrome/51.0.2704.106 Safari/537.36"
117.241.102.170 - - [29/Jul/2016:13:45:51 +0000] "GET /admin/view/javascript/font-awesome/css/font-awesome.min.css HTTP/1.1" 200 5042 "https://www.bazaarmantra.com/admin/index.php?route=common/dashboard&token=ea545051d68571c2b21e616f09209507" "Mozilla/5.0 (Windows NT 6.1) AppleWebKit/537.36 (KHTML, like Gecko) Chrome/51.0.2704.106 Safari/537.36"
117.241.102.170 - - [29/Jul/2016:13:45:51 +0000] "GET /admin/view/javascript/summernote/summernote.css HTTP/1.1" 200 2127 "https://www.bazaarmantra.com/admin/index.php?route=common/dashboard&token=ea545051d68571c2b21e616f09209507" "Mozilla/5.0 (Windows NT 6.1) AppleWebKit/537.36 (KHTML, like Gecko) Chrome/51.0.2704.106 Safari/537.36"
117.241.102.170 - - [29/Jul/2016:13:45:51 +0000] "GET /admin/view/javascript/jquery/jquery-2.1.1.min.js HTTP/1.1" 200 29497 "https://www.bazaarmantra.com/admin/index.php?route=common/dashboard&token=ea545051d68571c2b21e616f09209507" "Mozilla/5.0 (Windows NT 6.1) AppleWebKit/537.36 (KHTML, like Gecko) Chrome/51.0.2704.106 Safari/537.36"
117.241.102.170 - - [29/Jul/2016:13:45:51 +0000] "GET /admin/view/javascript/bootstrap/opencart/opencart.css HTTP/1.1" 200 19922 "https://www.bazaarmantra.com/admin/index.php?route=common/dashboard&token=ea545051d68571c2b21e616f09209507" "Mozilla/5.0 (Windows NT 6.1) AppleWebKit/537.36 (KHTML, like Gecko) Chrome/51.0.2704.106 Safari/537.36"
180.76.15.32 - - [29/Jul/2016:13:45:50 +0000] "GET /dish-tv-sd-connection?tag=Point&sort=pd.name&order=ASC&limit=15 HTTP/1.1" 404 85324 "-" "Mozilla/5.0 (compatible; Baiduspider/2.0; +http://www.baidu.com/search/spider.html)"
117.241.102.170 - - [29/Jul/2016:13:45:51 +0000] "GET /admin/view/javascript/jquery/datetimepicker/bootstrap-datetimepicker.min.css HTTP/1.1" 200 1074 "https://www.bazaarmantra.com/admin/index.php?route=common/dashboard&token=ea545051d68571c2b21e616f09209507" "Mozilla/5.0 (Windows NT 6.1) AppleWebKit/537.36 (KHTML, like Gecko) Chrome/51.0.2704.106 Safari/537.36"
117.241.102.170 - - [29/Jul/2016:13:45:51 +0000] "GET /admin/view/stylesheet/stylesheet.css HTTP/1.1" 200 2932 "https://www.bazaarmantra.com/admin/index.php?route=common/dashboard&token=ea545051d68571c2b21e616f09209507" "Mozilla/5.0 (Windows NT 6.1) AppleWebKit/537.36 (KHTML, like Gecko) Chrome/51.0.2704.106 Safari/537.36"
117.241.102.170 - - [29/Jul/2016:13:45:51 +0000] "GET /admin/view/javascript/jquery/jqvmap/jqvmap.css HTTP/1.1" 200 438 "https://www.bazaarmantra.com/admin/index.php?route=common/dashboard&token=ea545051d68571c2b21e616f09209507" "Mozilla/5.0 (Windows NT 6.1) AppleWebKit/537.36 (KHTML, like Gecko) Chrome/51.0.2704.106 Safari/537.36"
117.241.102.170 - - [29/Jul/2016:13:45:51 +0000] "GET /admin/view/javascript/summernote/summernote.js HTTP/1.1" 200 32049 "https://www.bazaarmantra.com/admin/index.php?route=common/dashboard&token=ea545051d68571c2b21e616f09209507" "Mozilla/5.0 (Windows NT 6.1) AppleWebKit/537.36 (KHTML, like Gecko) Chrome/51.0.2704.106 Safari/537.36"
117.241.102.170 - - [29/Jul/2016:13:45:51 +0000] "GET /admin/view/javascript/common.js HTTP/1.1" 200 2622 "https://www.bazaarmantra.com/admin/index.php?route=common/dashboard&token=ea545051d68571c2b21e616f09209507" "Mozilla/5.0 (Windows NT 6.1) AppleWebKit/537.36 (KHTML, like Gecko) Chrome/51.0.2704.106 Safari/537.36"
117.241.102.170 - - [29/Jul/2016:13:45:51 +0000] "GET /admin/view/javascript/jquery/datetimepicker/bootstrap-datetimepicker.min.js HTTP/1.1" 200 9883 "https://www.bazaarmantra.com/admin/index.php?route=common/dashboard&token=ea545051d68571c2b21e616f09209507" "Mozilla/5.0 (Windows NT 6.1) AppleWebKit/537.36 (KHTML, like Gecko) Chrome/51.0.2704.106 Safari/537.36"
117.241.102.170 - - [29/Jul/2016:13:45:51 +0000] "GET /admin/view/javascript/jquery/datetimepicker/moment.js HTTP/1.1" 200 21493 "https://www.bazaarmantra.com/admin/index.php?route=common/dashboard&token=ea545051d68571c2b21e616f09209507" "Mozilla/5.0 (Windows NT 6.1) AppleWebKit/537.36 (KHTML, like Gecko) Chrome/51.0.2704.106 Safari/537.36"
66.249.79.143 - - [29/Jul/2016:13:45:51 +0000] "GET /index.php?route=product/category&path=602 HTTP/1.1" 200 25324 "-" "Mozilla/5.0 (compatible; Googlebot/2.1; +http://www.google.com/bot.html)"
117.241.102.170 - - [29/Jul/2016:13:45:52 +0000] "GET /admin/view/javascript/jquery/jqvmap/jquery.vmap.js HTTP/1.1" 200 6926 "https://www.bazaarmantra.com/admin/index.php?route=common/dashboard&token=ea545051d68571c2b21e616f09209507" "Mozilla/5.0 (Windows NT 6.1) AppleWebKit/537.36 (KHTML, like Gecko) Chrome/51.0.2704.106 Safari/537.36"
117.241.102.170 - - [29/Jul/2016:13:45:52 +0000] "GET /admin/view/javascript/jquery/jqvmap/maps/jquery.vmap.world.js HTTP/1.1" 200 23491 "https://www.bazaarmantra.com/admin/index.php?route=common/dashboard&token=ea545051d68571c2b21e616f09209507" "Mozilla/5.0 (Windows NT 6.1) AppleWebKit/537.36 (KHTML, like Gecko) Chrome/51.0.2704.106 Safari/537.36"
117.241.102.170 - - [29/Jul/2016:13:45:52 +0000] "GET /admin/view/javascript/jquery/flot/jquery.flot.js HTTP/1.1" 200 26755 "https://www.bazaarmantra.com/admin/index.php?route=common/dashboard&token=ea545051d68571c2b21e616f09209507" "Mozilla/5.0 (Windows NT 6.1) AppleWebKit/537.36 (KHTML, like Gecko) Chrome/51.0.2704.106 Safari/537.36"
117.241.102.170 - - [29/Jul/2016:13:45:53 +0000] "GET /admin/view/javascript/jquery/flot/jquery.flot.resize.min.js HTTP/1.1" 200 950 "https://www.bazaarmantra.com/admin/index.php?route=common/dashboard&token=ea545051d68571c2b21e616f09209507" "Mozilla/5.0 (Windows NT 6.1) AppleWebKit/537.36 (KHTML, like Gecko) Chrome/51.0.2704.106 Safari/537.36"
117.241.102.170 - - [29/Jul/2016:13:45:53 +0000] "GET /admin/view/image/logo.png HTTP/1.1" 200 10635 "https://www.bazaarmantra.com/admin/index.php?route=common/dashboard&token=ea545051d68571c2b21e616f09209507" "Mozilla/5.0 (Windows NT 6.1) AppleWebKit/537.36 (KHTML, like Gecko) Chrome/51.0.2704.106 Safari/537.36"
117.241.102.170 - - [29/Jul/2016:13:45:53 +0000] "GET /image/cache/catalog/Logo/logo_SRB-45x45.jpg HTTP/1.1" 200 1979 "https://www.bazaarmantra.com/admin/index.php?route=common/dashboard&token=ea545051d68571c2b21e616f09209507" "Mozilla/5.0 (Windows NT 6.1) AppleWebKit/537.36 (KHTML, like Gecko) Chrome/51.0.2704.106 Safari/537.36"
117.241.102.170 - - [29/Jul/2016:13:45:53 +0000] "GET /admin/view/javascript/font-awesome/fonts/fontawesome-webfont.woff?v=4.2.0 HTTP/1.1" 200 65453 "https://www.bazaarmantra.com/admin/view/javascript/font-awesome/css/font-awesome.min.css" "Mozilla/5.0 (Windows NT 6.1) AppleWebKit/537.36 (KHTML, like Gecko) Chrome/51.0.2704.106 Safari/537.36"
117.241.102.170 - - [29/Jul/2016:13:45:53 +0000] "GET /admin/index.php?route=dashboard/chart/chart&token=ea545051d68571c2b21e616f09209507&range=month HTTP/1.1" 200 310 "https://www.bazaarmantra.com/admin/index.php?route=common/dashboard&token=ea545051d68571c2b21e616f09209507" "Mozilla/5.0 (Windows NT 6.1) AppleWebKit/537.36 (KHTML, like Gecko) Chrome/51.0.2704.106 Safari/537.36"
117.241.102.170 - - [29/Jul/2016:13:45:53 +0000] "GET /admin/index.php?route=dashboard/map/map&token=ea545051d68571c2b21e616f09209507 HTTP/1.1" 200 103 "https://www.bazaarmantra.com/admin/index.php?route=common/dashboard&token=ea545051d68571c2b21e616f09209507" "Mozilla/5.0 (Windows NT 6.1) AppleWebKit/537.36 (KHTML, like Gecko) Chrome/51.0.2704.106 Safari/537.36"
180.76.15.136 - - [29/Jul/2016:13:45:58 +0000] "GET /index.php?route=product/product&product_id=553 HTTP/1.1" 301 - "-" "Mozilla/5.0 (compatible; Baiduspider/2.0; +http://www.baidu.com/search/spider.html)"
180.76.15.151 - - [29/Jul/2016:13:45:58 +0000] "GET http://bazaarmantra.com/mobile-and-accessories/mobiles/smart-phones/samsung-galaxy-j7-white-16gb.html HTTP/1.1" 301 310 "-" "Mozilla/5.0 (compatible; Baiduspider/2.0; +http://www.baidu.com/search/spider.html)"
180.76.15.151 - - [29/Jul/2016:13:45:58 +0000] "GET /mobile-and-accessories/mobiles/smart-phones/samsung-galaxy-j7-white-16gb.html HTTP/1.1" 200 347742 "-" "Mozilla/5.0 (compatible; Baiduspider/2.0; +http://www.baidu.com/search/spider.html)"
180.76.15.160 - - [29/Jul/2016:13:46:03 +0000] "GET /index.php?route=module/oclayerednavigation/category&path=459&sort=p.model&order=ASC&limit=50&page=2 HTTP/1.1" 200 244743 "-" "Mozilla/5.0 (compatible; Baiduspider/2.0; +http://www.baidu.com/search/spider.html)"
117.241.102.170 - - [29/Jul/2016:13:46:05 +0000] "GET / HTTP/1.1" 301 233 "-" "Mozilla/5.0 (Windows NT 6.1) AppleWebKit/537.36 (KHTML, like Gecko) Chrome/51.0.2704.106 Safari/537.36"
117.241.102.170 - - [29/Jul/2016:13:46:06 +0000] "GET / HTTP/1.1" 200 26964 "-" "Mozilla/5.0 (Windows NT 6.1) AppleWebKit/537.36 (KHTML, like Gecko) Chrome/51.0.2704.106 Safari/537.36"
117.241.102.170 - - [29/Jul/2016:13:46:07 +0000] "GET /image/catalog/menu-icon/mobile.png HTTP/1.1" 206 1 "https://bazaarmantra.com/" "Mozilla/5.0 (Windows NT 6.1) AppleWebKit/537.36 (KHTML, like Gecko) Chrome/51.0.2704.106 Safari/537.36"
117.241.102.170 - - [29/Jul/2016:13:46:07 +0000] "GET /image/catalog/menu-icon/mobile.png HTTP/1.1" 206 22884 "https://bazaarmantra.com/" "Mozilla/5.0 (Windows NT 6.1) AppleWebKit/537.36 (KHTML, like Gecko) Chrome/51.0.2704.106 Safari/537.36"
117.241.102.170 - - [29/Jul/2016:13:46:07 +0000] "GET /image/cache/catalog/Banners/BANNER1-1172x484.jpg HTTP/1.1" 206 1 "https://bazaarmantra.com/" "Mozilla/5.0 (Windows NT 6.1) AppleWebKit/537.36 (KHTML, like Gecko) Chrome/51.0.2704.106 Safari/537.36"
117.241.102.170 - - [29/Jul/2016:13:46:07 +0000] "GET /image/cache/catalog/Banners/MEN-ASSORIES2-1172x484.jpg HTTP/1.1" 206 1 "https://bazaarmantra.com/" "Mozilla/5.0 (Windows NT 6.1) AppleWebKit/537.36 (KHTML, like Gecko) Chrome/51.0.2704.106 Safari/537.36"
117.241.102.170 - - [29/Jul/2016:13:46:07 +0000] "GET /image/catalog/category_thumb/men-new.png HTTP/1.1" 206 1 "https://bazaarmantra.com/" "Mozilla/5.0 (Windows NT 6.1) AppleWebKit/537.36 (KHTML, like Gecko) Chrome/51.0.2704.106 Safari/537.36"
117.241.102.170 - - [29/Jul/2016:13:46:08 +0000] "GET /catalog/view/theme/bm_new/img-cat/wallet.jpg HTTP/1.1" 206 1 "https://bazaarmantra.com/" "Mozilla/5.0 (Windows NT 6.1) AppleWebKit/537.36 (KHTML, like Gecko) Chrome/51.0.2704.106 Safari/537.36"
117.241.102.170 - - [29/Jul/2016:13:46:08 +0000] "GET /image/catalog/category_thumb/men.jpg HTTP/1.1" 206 1 "https://bazaarmantra.com/" "Mozilla/5.0 (Windows NT 6.1) AppleWebKit/537.36 (KHTML, like Gecko) Chrome/51.0.2704.106 Safari/537.36"
117.241.102.170 - - [29/Jul/2016:13:46:08 +0000] "GET /index.php?route=account/register/customfield&customer_group_id=1 HTTP/1.1" 200 2 "https://bazaarmantra.com/" "Mozilla/5.0 (Windows NT 6.1) AppleWebKit/537.36 (KHTML, like Gecko) Chrome/51.0.2704.106 Safari/537.36"
117.241.102.170 - - [29/Jul/2016:13:46:08 +0000] "GET /image/cache/catalog/Banners/BANNER1-1172x484.jpg HTTP/1.1" 206 16018 "https://bazaarmantra.com/" "Mozilla/5.0 (Windows NT 6.1) AppleWebKit/537.36 (KHTML, like Gecko) Chrome/51.0.2704.106 Safari/537.36"
117.241.102.170 - - [29/Jul/2016:13:46:08 +0000] "GET /catalog/view/javascript/font-awesome/fonts/fontawesome-webfont.woff2?v=4.5.0 HTTP/1.1" 404 13914 "https://bazaarmantra.com/catalog/view/javascript/font-awesome/css/font-awesome.min.css" "Mozilla/5.0 (Windows NT 6.1) AppleWebKit/537.36 (KHTML, like Gecko) Chrome/51.0.2704.106 Safari/537.36"
117.241.102.170 - - [29/Jul/2016:13:46:08 +0000] "GET /index.php?route=account/account/country&country_id=99 HTTP/1.1" 200 597 "https://bazaarmantra.com/" "Mozilla/5.0 (Windows NT 6.1) AppleWebKit/537.36 (KHTML, like Gecko) Chrome/51.0.2704.106 Safari/537.36"
117.241.102.170 - - [29/Jul/2016:13:46:09 +0000] "GET /catalog/view/theme/bm_new/img-cat/wallet.jpg HTTP/1.1" 206 13087 "https://bazaarmantra.com/" "Mozilla/5.0 (Windows NT 6.1) AppleWebKit/537.36 (KHTML, like Gecko) Chrome/51.0.2704.106 Safari/537.36"
117.241.102.170 - - [29/Jul/2016:13:46:08 +0000] "GET /image/catalog/category_thumb/men-new.png HTTP/1.1" 206 68476 "https://bazaarmantra.com/" "Mozilla/5.0 (Windows NT 6.1) AppleWebKit/537.36 (KHTML, like Gecko) Chrome/51.0.2704.106 Safari/537.36"
117.241.102.170 - - [29/Jul/2016:13:46:09 +0000] "GET /image/catalog/category_thumb/leather.jpg HTTP/1.1" 206 1 "https://bazaarmantra.com/" "Mozilla/5.0 (Windows NT 6.1) AppleWebKit/537.36 (KHTML, like Gecko) Chrome/51.0.2704.106 Safari/537.36"
117.241.102.170 - - [29/Jul/2016:13:46:09 +0000] "GET /image/catalog/category_thumb/men.jpg HTTP/1.1" 206 52173 "https://bazaarmantra.com/" "Mozilla/5.0 (Windows NT 6.1) AppleWebKit/537.36 (KHTML, like Gecko) Chrome/51.0.2704.106 Safari/537.36"
117.241.102.170 - - [29/Jul/2016:13:46:09 +0000] "GET /image/catalog/category_thumb/men-clothing.png HTTP/1.1" 206 1 "https://bazaarmantra.com/" "Mozilla/5.0 (Windows NT 6.1) AppleWebKit/537.36 (KHTML, like Gecko) Chrome/51.0.2704.106 Safari/537.36"
117.241.102.170 - - [29/Jul/2016:13:46:09 +0000] "GET /image/catalog/category_thumb/4.png HTTP/1.1" 206 1 "https://bazaarmantra.com/" "Mozilla/5.0 (Windows NT 6.1) AppleWebKit/537.36 (KHTML, like Gecko) Chrome/51.0.2704.106 Safari/537.36"
117.241.102.170 - - [29/Jul/2016:13:46:10 +0000] "GET /image/catalog/category_thumb/men-clothing.png HTTP/1.1" 206 14603 "https://bazaarmantra.com/" "Mozilla/5.0 (Windows NT 6.1) AppleWebKit/537.36 (KHTML, like Gecko) Chrome/51.0.2704.106 Safari/537.36"
180.76.15.161 - - [29/Jul/2016:13:46:09 +0000] "GET /c,580,multivitamins/p,1450,musclepharm-assault-pre-workout-system-435-gm.html?tag=(435&sort=p.model&order=DESC&limit=75 HTTP/1.1" 404 256598 "-" "Mozilla/5.0 (compatible; Baiduspider/2.0; +http://www.baidu.com/search/spider.html)"
117.241.102.170 - - [29/Jul/2016:13:46:08 +0000] "GET /catalog/view/theme/bm_new/img-cat/recharge.jpg HTTP/1.1" 200 228550 "https://bazaarmantra.com/" "Mozilla/5.0 (Windows NT 6.1) AppleWebKit/537.36 (KHTML, like Gecko) Chrome/51.0.2704.106 Safari/537.36"
117.241.102.170 - - [29/Jul/2016:13:46:13 +0000] "GET /imgselfi/m4.png HTTP/1.1" 200 16740 "https://bazaarmantra.com/" "Mozilla/5.0 (Windows NT 6.1) AppleWebKit/537.36 (KHTML, like Gecko) Chrome/51.0.2704.106 Safari/537.36"
117.241.102.170 - - [29/Jul/2016:13:46:14 +0000] "GET /module/selfibook HTTP/1.1" 200 18218 "-" "Mozilla/5.0 (Windows NT 6.1) AppleWebKit/537.36 (KHTML, like Gecko) Chrome/51.0.2704.106 Safari/537.36"
180.76.15.140 - - [29/Jul/2016:13:46:16 +0000] "GET /index.php?route=product/category&path=439&limit=25 HTTP/1.1" 200 270440 "-" "Mozilla/5.0 (compatible; Baiduspider/2.0; +http://www.baidu.com/search/spider.html)"
117.241.102.170 - - [29/Jul/2016:13:46:15 +0000] "GET /module/selfibook HTTP/1.1" 200 18218 "-" "Mozilla/5.0 (Windows NT 6.1) AppleWebKit/537.36 (KHTML, like Gecko) Chrome/51.0.2704.106 Safari/537.36"
117.241.102.170 - - [29/Jul/2016:13:46:09 +0000] "GET /image/catalog/category_thumb/leather.jpg HTTP/1.1" 206 671149 "https://bazaarmantra.com/" "Mozilla/5.0 (Windows NT 6.1) AppleWebKit/537.36 (KHTML, like Gecko) Chrome/51.0.2704.106 Safari/537.36"
117.241.102.170 - - [29/Jul/2016:13:46:08 +0000] "GET /image/cache/catalog/Banners/MEN-ASSORIES2-1172x484.jpg HTTP/1.1" 206 426459 "https://bazaarmantra.com/" "Mozilla/5.0 (Windows NT 6.1) AppleWebKit/537.36 (KHTML, like Gecko) Chrome/51.0.2704.106 Safari/537.36"
180.76.15.144 - - [29/Jul/2016:13:46:22 +0000] "GET /men-fashion/clothing/shorts-and-3-4ths/american-eagle/american-eagle-solid-begie-mens-shorts.html?sort=rating&order=ASC&limit=15 HTTP/1.1" 200 324197 "-" "Mozilla/5.0 (compatible; Baiduspider/2.0; +http://www.baidu.com/search/spider.html)"
117.241.102.170 - - [29/Jul/2016:13:46:24 +0000] "GET /index.php?route=module/ocquickview/appendcontainer HTTP/1.1" 200 260 "https://bazaarmantra.com/module/selfibook" "Mozilla/5.0 (Windows NT 6.1) AppleWebKit/537.36 (KHTML, like Gecko) Chrome/51.0.2704.106 Safari/537.36"
117.241.102.170 - - [29/Jul/2016:13:46:10 +0000] "GET /image/catalog/category_thumb/4.png HTTP/1.1" 206 562943 "https://bazaarmantra.com/" "Mozilla/5.0 (Windows NT 6.1) AppleWebKit/537.36 (KHTML, like Gecko) Chrome/51.0.2704.106 Safari/537.36"
180.76.15.155 - - [29/Jul/2016:13:46:28 +0000] "GET /mc-afee-total-protection-1-pc-1-year?tag=Electronics&sort=p.sort_order&order=ASC&limit=100 HTTP/1.1" 404 85393 "-" "Mozilla/5.0 (compatible; Baiduspider/2.0; +http://www.baidu.com/search/spider.html)"
117.241.102.170 - - [29/Jul/2016:13:46:35 +0000] "GET /catalog/view/javascript/font-awesome/fonts/fontawesome-webfont.woff2?v=4.5.0 HTTP/1.1" 404 13914 "https://bazaarmantra.com/catalog/view/javascript/font-awesome/css/font-awesome.min.css" "Mozilla/5.0 (Windows NT 6.1) AppleWebKit/537.36 (KHTML, like Gecko) Chrome/51.0.2704.106 Safari/537.36"
117.241.102.170 - - [29/Jul/2016:13:46:35 +0000] "POST /?route=module/selfibook/commentdetails HTTP/1.1" 200 - "https://bazaarmantra.com/module/selfibook" "Mozilla/5.0 (Windows NT 6.1) AppleWebKit/537.36 (KHTML, like Gecko) Chrome/51.0.2704.106 Safari/537.36"
180.76.15.19 - - [29/Jul/2016:13:46:35 +0000] "GET /women-fashion/bags-and-wallets/backpacks-442?limit=25 HTTP/1.1" 200 225822 "-" "Mozilla/5.0 (compatible; Baiduspider/2.0; +http://www.baidu.com/search/spider.html)"
117.241.102.170 - - [29/Jul/2016:13:46:40 +0000] "POST /?route=module/selfibook HTTP/1.1" 200 18221 "https://bazaarmantra.com/module/selfibook" "Mozilla/5.0 (Windows NT 6.1) AppleWebKit/537.36 (KHTML, like Gecko) Chrome/51.0.2704.106 Safari/537.36"
180.76.15.26 - - [29/Jul/2016:13:46:41 +0000] "GET /ajanta-2057-designer-sweep-second-wall-clock%20?tag=Ajanta&sort=p.price&order=DESC&limit=100 HTTP/1.1" 404 85402 "-" "Mozilla/5.0 (compatible; Baiduspider/2.0; +http://www.baidu.com/search/spider.html)"
66.249.79.143 - - [29/Jul/2016:13:46:45 +0000] "GET /women-fashion/ethnic-wear/mix-and-match HTTP/1.1" 200 25464 "-" "Mozilla/5.0 (compatible; Googlebot/2.1; +http://www.google.com/bot.html)"
180.76.15.7 - - [29/Jul/2016:13:46:48 +0000] "GET /index.php?route=module/oclayerednavigation/category&path=173&sort=p.price&order=DESC&limit=50&page=2 HTTP/1.1" 200 293863 "-" "Mozilla/5.0 (compatible; Baiduspider/2.0; +http://www.baidu.com/search/spider.html)"
180.76.15.23 - - [29/Jul/2016:13:46:54 +0000] "GET /men-fashion/clothing/sportswear/g-star-raw-navy-blue-track-pant.html?tag=Blue&sort=pd.name&order=ASC&page=2&limit=15 HTTP/1.1" 200 303134 "-" "Mozilla/5.0 (compatible; Baiduspider/2.0; +http://www.baidu.com/search/spider.html)"
180.76.15.16 - - [29/Jul/2016:13:46:59 +0000] "GET /ajanta-2317-simple-wall-clock?tag=2317&sort=p.sort_order&order=ASC&limit=15 HTTP/1.1" 301 320 "-" "Mozilla/5.0 (compatible; Baiduspider/2.0; +http://www.baidu.com/search/spider.html)"
180.76.15.20 - - [29/Jul/2016:13:47:07 +0000] "GET /ajanta-1817-fancy-pendulum-wall-clock%20?tag=Fan&sort=p.model&order=ASC&limit=100 HTTP/1.1" 404 85373 "-" "Mozilla/5.0 (compatible; Baiduspider/2.0; +http://www.baidu.com/search/spider.html)"
117.241.102.170 - - [29/Jul/2016:13:47:12 +0000] "GET /index.php?route=account/account HTTP/1.1" 301 264 "-" "Mozilla/5.0 (Windows NT 6.1) AppleWebKit/537.36 (KHTML, like Gecko) Chrome/51.0.2704.106 Safari/537.36"
117.241.102.170 - - [29/Jul/2016:13:47:12 +0000] "GET /index.php?route=account/account HTTP/1.1" 301 - "-" "Mozilla/5.0 (Windows NT 6.1) AppleWebKit/537.36 (KHTML, like Gecko) Chrome/51.0.2704.106 Safari/537.36"
117.241.102.170 - - [29/Jul/2016:13:47:12 +0000] "GET /account/account HTTP/1.1" 302 - "-" "Mozilla/5.0 (Windows NT 6.1) AppleWebKit/537.36 (KHTML, like Gecko) Chrome/51.0.2704.106 Safari/537.36"
180.76.15.162 - - [29/Jul/2016:13:47:12 +0000] "GET /lenovo-mobiles?sort=p.sort_order&order=ASC HTTP/1.1" 200 355906 "-" "Mozilla/5.0 (compatible; Baiduspider/2.0; +http://www.baidu.com/search/spider.html)"
117.241.102.170 - - [29/Jul/2016:13:47:13 +0000] "GET /account/login HTTP/1.1" 200 25878 "-" "Mozilla/5.0 (Windows NT 6.1) AppleWebKit/537.36 (KHTML, like Gecko) Chrome/51.0.2704.106 Safari/537.36"
117.241.102.170 - - [29/Jul/2016:13:47:16 +0000] "GET /index.php?route=account/register/customfield&customer_group_id=1 HTTP/1.1" 200 2 "https://bazaarmantra.com/account/login" "Mozilla/5.0 (Windows NT 6.1) AppleWebKit/537.36 (KHTML, like Gecko) Chrome/51.0.2704.106 Safari/537.36"
117.241.102.170 - - [29/Jul/2016:13:47:16 +0000] "GET /catalog/view/theme/bm_new/image/i_page1.gif HTTP/1.1" 200 253 "https://bazaarmantra.com/catalog/view/theme/bm_new/stylesheet/stylesheet.css" "Mozilla/5.0 (Windows NT 6.1) AppleWebKit/537.36 (KHTML, like Gecko) Chrome/51.0.2704.106 Safari/537.36"
117.241.102.170 - - [29/Jul/2016:13:47:16 +0000] "GET /index.php?route=account/account/country&country_id=99 HTTP/1.1" 200 597 "https://bazaarmantra.com/account/login" "Mozilla/5.0 (Windows NT 6.1) AppleWebKit/537.36 (KHTML, like Gecko) Chrome/51.0.2704.106 Safari/537.36"
117.241.102.170 - - [29/Jul/2016:13:47:16 +0000] "GET /catalog/view/theme/bm_new/image/i_page2.gif HTTP/1.1" 200 379 "https://bazaarmantra.com/catalog/view/theme/bm_new/stylesheet/stylesheet.css" "Mozilla/5.0 (Windows NT 6.1) AppleWebKit/537.36 (KHTML, like Gecko) Chrome/51.0.2704.106 Safari/537.36"
117.241.102.170 - - [29/Jul/2016:13:47:17 +0000] "GET /index.php?route=module/ocquickview/appendcontainer HTTP/1.1" 200 260 "https://bazaarmantra.com/account/login" "Mozilla/5.0 (Windows NT 6.1) AppleWebKit/537.36 (KHTML, like Gecko) Chrome/51.0.2704.106 Safari/537.36"
180.76.15.140 - - [29/Jul/2016:13:47:18 +0000] "GET /electronics/home-appliances/room-heater/oreva-orqh-1210-element-heater.html?tag=-12&sort=rating&order=DESC HTTP/1.1" 404 85464 "-" "Mozilla/5.0 (compatible; Baiduspider/2.0; +http://www.baidu.com/search/spider.html)"
117.241.102.170 - - [29/Jul/2016:13:47:20 +0000] "POST /account/login HTTP/1.1" 302 - "https://bazaarmantra.com/account/login" "Mozilla/5.0 (Windows NT 6.1) AppleWebKit/537.36 (KHTML, like Gecko) Chrome/51.0.2704.106 Safari/537.36"
117.241.102.170 - - [29/Jul/2016:13:47:20 +0000] "GET /account/account HTTP/1.1" 200 25844 "https://bazaarmantra.com/account/login" "Mozilla/5.0 (Windows NT 6.1) AppleWebKit/537.36 (KHTML, like Gecko) Chrome/51.0.2704.106 Safari/537.36"
117.241.102.170 - - [29/Jul/2016:13:47:21 +0000] "GET /%3Cb%3ENotice%3C/b%3E:%20Undefined%20variable:%20user_pic%20in%20%3Cb%3E/home/bazaarmantra/public_html/catalog/view/theme/bm_new/template/common/header.tpl%3C/b%3E%20on%20line%20%3Cb%3E1508%3C/b%3E HTTP/1.1" 404 13993 "https://bazaarmantra.com/account/account" "Mozilla/5.0 (Windows NT 6.1) AppleWebKit/537.36 (KHTML, like Gecko) Chrome/51.0.2704.106 Safari/537.36"
117.241.102.170 - - [29/Jul/2016:13:47:22 +0000] "GET /index.php?route=account/account/country&country_id=99 HTTP/1.1" 200 597 "https://bazaarmantra.com/account/account" "Mozilla/5.0 (Windows NT 6.1) AppleWebKit/537.36 (KHTML, like Gecko) Chrome/51.0.2704.106 Safari/537.36"
117.241.102.170 - - [29/Jul/2016:13:47:22 +0000] "GET /index.php?route=account/register/customfield&customer_group_id=1 HTTP/1.1" 200 2 "https://bazaarmantra.com/account/account" "Mozilla/5.0 (Windows NT 6.1) AppleWebKit/537.36 (KHTML, like Gecko) Chrome/51.0.2704.106 Safari/537.36"
117.241.102.170 - - [29/Jul/2016:13:47:22 +0000] "GET /index.php?route=module/ocquickview/appendcontainer HTTP/1.1" 200 260 "https://bazaarmantra.com/account/account" "Mozilla/5.0 (Windows NT 6.1) AppleWebKit/537.36 (KHTML, like Gecko) Chrome/51.0.2704.106 Safari/537.36"
180.76.15.158 - - [29/Jul/2016:13:47:26 +0000] "GET /apple-ipod-shuffle-2gb-space-grey.html?tag=Grey&sort=rating&order=ASC&limit=50 HTTP/1.1" 404 85371 "-" "Mozilla/5.0 (compatible; Baiduspider/2.0; +http://www.baidu.com/search/spider.html)"
157.55.39.233 - - [29/Jul/2016:13:47:26 +0000] "GET /robots.txt HTTP/1.1" 404 85207 "-" "Mozilla/5.0 (compatible; bingbot/2.0; +http://www.bing.com/bingbot.htm)"
117.241.102.170 - - [29/Jul/2016:13:47:28 +0000] "GET /module/selfibook HTTP/1.1" 200 18381 "-" "Mozilla/5.0 (Windows NT 6.1) AppleWebKit/537.36 (KHTML, like Gecko) Chrome/51.0.2704.106 Safari/537.36"
117.241.102.170 - - [29/Jul/2016:13:47:29 +0000] "GET /%3Cb%3ENotice%3C/b%3E:%20Undefined%20variable:%20user_pic%20in%20%3Cb%3E/home/bazaarmantra/public_html/catalog/view/theme/bm_new/template/common/header.tpl%3C/b%3E%20on%20line%20%3Cb%3E1508%3C/b%3E HTTP/1.1" 404 13993 "https://bazaarmantra.com/module/selfibook" "Mozilla/5.0 (Windows NT 6.1) AppleWebKit/537.36 (KHTML, like Gecko) Chrome/51.0.2704.106 Safari/537.36"
117.241.102.170 - - [29/Jul/2016:13:47:30 +0000] "GET /index.php?route=module/ocquickview/appendcontainer HTTP/1.1" 200 260 "https://bazaarmantra.com/module/selfibook" "Mozilla/5.0 (Windows NT 6.1) AppleWebKit/537.36 (KHTML, like Gecko) Chrome/51.0.2704.106 Safari/537.36"
180.76.15.19 - - [29/Jul/2016:13:47:31 +0000] "GET /product/search?tag=Kit&page=12 HTTP/1.1" 200 258183 "-" "Mozilla/5.0 (compatible; Baiduspider/2.0; +http://www.baidu.com/search/spider.html)"
117.241.102.170 - - [29/Jul/2016:13:47:32 +0000] "POST /?route=module/selfibook/commentdetails HTTP/1.1" 200 - "https://bazaarmantra.com/module/selfibook" "Mozilla/5.0 (Windows NT 6.1) AppleWebKit/537.36 (KHTML, like Gecko) Chrome/51.0.2704.106 Safari/537.36"
117.241.102.170 - - [29/Jul/2016:13:47:32 +0000] "GET /catalog/view/javascript/font-awesome/fonts/fontawesome-webfont.woff2?v=4.5.0 HTTP/1.1" 404 14067 "https://bazaarmantra.com/catalog/view/javascript/font-awesome/css/font-awesome.min.css" "Mozilla/5.0 (Windows NT 6.1) AppleWebKit/537.36 (KHTML, like Gecko) Chrome/51.0.2704.106 Safari/537.36"
117.241.102.170 - - [29/Jul/2016:13:47:37 +0000] "POST /?route=module/selfibook HTTP/1.1" 200 18377 "https://bazaarmantra.com/module/selfibook" "Mozilla/5.0 (Windows NT 6.1) AppleWebKit/537.36 (KHTML, like Gecko) Chrome/51.0.2704.106 Safari/537.36"
117.241.102.170 - - [29/Jul/2016:13:47:38 +0000] "POST /?route=module/selfibook/commentdetails HTTP/1.1" 200 262 "https://bazaarmantra.com/module/selfibook" "Mozilla/5.0 (Windows NT 6.1) AppleWebKit/537.36 (KHTML, like Gecko) Chrome/51.0.2704.106 Safari/537.36"
180.76.15.17 - - [29/Jul/2016:13:47:37 +0000] "GET /index.php?route=product/category&path=457&sort=p.price&order=ASC&limit=75 HTTP/1.1" 200 426943 "-" "Mozilla/5.0 (compatible; Baiduspider/2.0; +http://www.baidu.com/search/spider.html)"
66.249.79.143 - - [29/Jul/2016:13:47:39 +0000] "GET /men-fashion/watches/analog-watches HTTP/1.1" 200 31387 "-" "Mozilla/5.0 (compatible; Googlebot/2.1; +http://www.google.com/bot.html)"
117.241.102.170 - - [29/Jul/2016:13:47:44 +0000] "POST /?route=module/selfibook HTTP/1.1" 200 18377 "https://bazaarmantra.com/module/selfibook" "Mozilla/5.0 (Windows NT 6.1) AppleWebKit/537.36 (KHTML, like Gecko) Chrome/51.0.2704.106 Safari/537.36"
180.76.15.137 - - [29/Jul/2016:13:47:44 +0000] "GET /ajanta-2007-simple-wall-clock?tag=Home&sort=rating&order=ASC&limit=25 HTTP/1.1" 404 85344 "-" "Mozilla/5.0 (compatible; Baiduspider/2.0; +http://www.baidu.com/search/spider.html)"
117.241.102.170 - - [29/Jul/2016:13:47:45 +0000] "POST /?route=module/selfibook/commentdetails HTTP/1.1" 200 281 "https://bazaarmantra.com/module/selfibook" "Mozilla/5.0 (Windows NT 6.1) AppleWebKit/537.36 (KHTML, like Gecko) Chrome/51.0.2704.106 Safari/537.36"
180.76.15.145 - - [29/Jul/2016:13:47:50 +0000] "GET /product/search?sort=rating&order=DESC&tag=7078YM01&limit=15 HTTP/1.1" 200 271470 "-" "Mozilla/5.0 (compatible; Baiduspider/2.0; +http://www.baidu.com/search/spider.html)"
117.241.102.170 - - [29/Jul/2016:13:47:52 +0000] "GET /admin/index.php?route=common/dashboard&token=ea545051d68571c2b21e616f09209507 HTTP/1.1" 200 5768 "https://bazaarmantra.com/admin/" "Mozilla/5.0 (Windows NT 6.1) AppleWebKit/537.36 (KHTML, like Gecko) Chrome/51.0.2704.106 Safari/537.36"
117.241.102.170 - - [29/Jul/2016:13:47:53 +0000] "GET /admin/view/javascript/bootstrap/js/bootstrap.min.js HTTP/1.1" 200 9441 "https://www.bazaarmantra.com/admin/index.php?route=common/dashboard&token=ea545051d68571c2b21e616f09209507" "Mozilla/5.0 (Windows NT 6.1) AppleWebKit/537.36 (KHTML, like Gecko) Chrome/51.0.2704.106 Safari/537.36"
117.241.102.170 - - [29/Jul/2016:13:47:53 +0000] "GET /admin/view/javascript/summernote/summernote.css HTTP/1.1" 200 2127 "https://www.bazaarmantra.com/admin/index.php?route=common/dashboard&token=ea545051d68571c2b21e616f09209507" "Mozilla/5.0 (Windows NT 6.1) AppleWebKit/537.36 (KHTML, like Gecko) Chrome/51.0.2704.106 Safari/537.36"
117.241.102.170 - - [29/Jul/2016:13:47:53 +0000] "GET /admin/view/javascript/font-awesome/css/font-awesome.min.css HTTP/1.1" 200 5042 "https://www.bazaarmantra.com/admin/index.php?route=common/dashboard&token=ea545051d68571c2b21e616f09209507" "Mozilla/5.0 (Windows NT 6.1) AppleWebKit/537.36 (KHTML, like Gecko) Chrome/51.0.2704.106 Safari/537.36"
117.241.102.170 - - [29/Jul/2016:13:47:53 +0000] "GET /admin/view/javascript/jquery/jquery-2.1.1.min.js HTTP/1.1" 200 29497 "https://www.bazaarmantra.com/admin/index.php?route=common/dashboard&token=ea545051d68571c2b21e616f09209507" "Mozilla/5.0 (Windows NT 6.1) AppleWebKit/537.36 (KHTML, like Gecko) Chrome/51.0.2704.106 Safari/537.36"
117.241.102.170 - - [29/Jul/2016:13:47:53 +0000] "GET /admin/view/javascript/bootstrap/opencart/opencart.css HTTP/1.1" 200 19922 "https://www.bazaarmantra.com/admin/index.php?route=common/dashboard&token=ea545051d68571c2b21e616f09209507" "Mozilla/5.0 (Windows NT 6.1) AppleWebKit/537.36 (KHTML, like Gecko) Chrome/51.0.2704.106 Safari/537.36"
117.241.102.170 - - [29/Jul/2016:13:47:53 +0000] "GET /admin/view/javascript/jquery/datetimepicker/bootstrap-datetimepicker.min.css HTTP/1.1" 200 1074 "https://www.bazaarmantra.com/admin/index.php?route=common/dashboard&token=ea545051d68571c2b21e616f09209507" "Mozilla/5.0 (Windows NT 6.1) AppleWebKit/537.36 (KHTML, like Gecko) Chrome/51.0.2704.106 Safari/537.36"
117.241.102.170 - - [29/Jul/2016:13:47:54 +0000] "GET /admin/view/stylesheet/stylesheet.css HTTP/1.1" 200 2932 "https://www.bazaarmantra.com/admin/index.php?route=common/dashboard&token=ea545051d68571c2b21e616f09209507" "Mozilla/5.0 (Windows NT 6.1) AppleWebKit/537.36 (KHTML, like Gecko) Chrome/51.0.2704.106 Safari/537.36"
117.241.102.170 - - [29/Jul/2016:13:47:54 +0000] "GET /admin/view/javascript/jquery/jqvmap/jqvmap.css HTTP/1.1" 200 438 "https://www.bazaarmantra.com/admin/index.php?route=common/dashboard&token=ea545051d68571c2b21e616f09209507" "Mozilla/5.0 (Windows NT 6.1) AppleWebKit/537.36 (KHTML, like Gecko) Chrome/51.0.2704.106 Safari/537.36"
117.241.102.170 - - [29/Jul/2016:13:47:54 +0000] "GET /admin/view/javascript/jquery/datetimepicker/bootstrap-datetimepicker.min.js HTTP/1.1" 200 9883 "https://www.bazaarmantra.com/admin/index.php?route=common/dashboard&token=ea545051d68571c2b21e616f09209507" "Mozilla/5.0 (Windows NT 6.1) AppleWebKit/537.36 (KHTML, like Gecko) Chrome/51.0.2704.106 Safari/537.36"
117.241.102.170 - - [29/Jul/2016:13:47:54 +0000] "GET /admin/view/javascript/jquery/datetimepicker/moment.js HTTP/1.1" 200 21493 "https://www.bazaarmantra.com/admin/index.php?route=common/dashboard&token=ea545051d68571c2b21e616f09209507" "Mozilla/5.0 (Windows NT 6.1) AppleWebKit/537.36 (KHTML, like Gecko) Chrome/51.0.2704.106 Safari/537.36"
66.249.79.143 - - [29/Jul/2016:13:47:53 +0000] "GET /women-fashion/ethnic-wear/saree/tnm-illusion-designer-saree-il-510?limit=75 HTTP/1.1" 404 13958 "-" "Mozilla/5.0 (compatible; Googlebot/2.1; +http://www.google.com/bot.html)"
117.241.102.170 - - [29/Jul/2016:13:47:54 +0000] "GET /admin/view/javascript/common.js HTTP/1.1" 200 2622 "https://www.bazaarmantra.com/admin/index.php?route=common/dashboard&token=ea545051d68571c2b21e616f09209507" "Mozilla/5.0 (Windows NT 6.1) AppleWebKit/537.36 (KHTML, like Gecko) Chrome/51.0.2704.106 Safari/537.36"
117.241.102.170 - - [29/Jul/2016:13:47:54 +0000] "GET /admin/view/javascript/summernote/summernote.js HTTP/1.1" 200 32049 "https://www.bazaarmantra.com/admin/index.php?route=common/dashboard&token=ea545051d68571c2b21e616f09209507" "Mozilla/5.0 (Windows NT 6.1) AppleWebKit/537.36 (KHTML, like Gecko) Chrome/51.0.2704.106 Safari/537.36"
117.241.102.170 - - [29/Jul/2016:13:47:54 +0000] "GET /admin/view/javascript/jquery/jqvmap/jquery.vmap.js HTTP/1.1" 200 6926 "https://www.bazaarmantra.com/admin/index.php?route=common/dashboard&token=ea545051d68571c2b21e616f09209507" "Mozilla/5.0 (Windows NT 6.1) AppleWebKit/537.36 (KHTML, like Gecko) Chrome/51.0.2704.106 Safari/537.36"
117.241.102.170 - - [29/Jul/2016:13:47:55 +0000] "GET /admin/view/javascript/jquery/flot/jquery.flot.resize.min.js HTTP/1.1" 200 950 "https://www.bazaarmantra.com/admin/index.php?route=common/dashboard&token=ea545051d68571c2b21e616f09209507" "Mozilla/5.0 (Windows NT 6.1) AppleWebKit/537.36 (KHTML, like Gecko) Chrome/51.0.2704.106 Safari/537.36"
117.241.102.170 - - [29/Jul/2016:13:47:55 +0000] "GET /admin/view/image/logo.png HTTP/1.1" 200 10635 "https://www.bazaarmantra.com/admin/index.php?route=common/dashboard&token=ea545051d68571c2b21e616f09209507" "Mozilla/5.0 (Windows NT 6.1) AppleWebKit/537.36 (KHTML, like Gecko) Chrome/51.0.2704.106 Safari/537.36"
117.241.102.170 - - [29/Jul/2016:13:47:55 +0000] "GET /image/cache/catalog/Logo/logo_SRB-45x45.jpg HTTP/1.1" 200 1979 "https://www.bazaarmantra.com/admin/index.php?route=common/dashboard&token=ea545051d68571c2b21e616f09209507" "Mozilla/5.0 (Windows NT 6.1) AppleWebKit/537.36 (KHTML, like Gecko) Chrome/51.0.2704.106 Safari/537.36"
117.241.102.170 - - [29/Jul/2016:13:47:55 +0000] "GET /admin/view/javascript/jquery/flot/jquery.flot.js HTTP/1.1" 200 26755 "https://www.bazaarmantra.com/admin/index.php?route=common/dashboard&token=ea545051d68571c2b21e616f09209507" "Mozilla/5.0 (Windows NT 6.1) AppleWebKit/537.36 (KHTML, like Gecko) Chrome/51.0.2704.106 Safari/537.36"
117.241.102.170 - - [29/Jul/2016:13:47:55 +0000] "GET /admin/view/javascript/jquery/jqvmap/maps/jquery.vmap.world.js HTTP/1.1" 200 23491 "https://www.bazaarmantra.com/admin/index.php?route=common/dashboard&token=ea545051d68571c2b21e616f09209507" "Mozilla/5.0 (Windows NT 6.1) AppleWebKit/537.36 (KHTML, like Gecko) Chrome/51.0.2704.106 Safari/537.36"
117.241.102.170 - - [29/Jul/2016:13:47:55 +0000] "GET /admin/view/javascript/font-awesome/fonts/fontawesome-webfont.woff?v=4.2.0 HTTP/1.1" 200 65453 "https://www.bazaarmantra.com/admin/view/javascript/font-awesome/css/font-awesome.min.css" "Mozilla/5.0 (Windows NT 6.1) AppleWebKit/537.36 (KHTML, like Gecko) Chrome/51.0.2704.106 Safari/537.36"
117.241.102.170 - - [29/Jul/2016:13:47:56 +0000] "GET /admin/index.php?route=dashboard/chart/chart&token=ea545051d68571c2b21e616f09209507&range=month HTTP/1.1" 200 310 "https://www.bazaarmantra.com/admin/index.php?route=common/dashboard&token=ea545051d68571c2b21e616f09209507" "Mozilla/5.0 (Windows NT 6.1) AppleWebKit/537.36 (KHTML, like Gecko) Chrome/51.0.2704.106 Safari/537.36"
117.241.102.170 - - [29/Jul/2016:13:47:56 +0000] "GET /admin/index.php?route=dashboard/map/map&token=ea545051d68571c2b21e616f09209507 HTTP/1.1" 200 103 "https://www.bazaarmantra.com/admin/index.php?route=common/dashboard&token=ea545051d68571c2b21e616f09209507" "Mozilla/5.0 (Windows NT 6.1) AppleWebKit/537.36 (KHTML, like Gecko) Chrome/51.0.2704.106 Safari/537.36"
180.76.15.153 - - [29/Jul/2016:13:47:57 +0000] "GET /ajanta-8527-musical-pendulum-wall-clock%20?tag=Wall&sort=p.price&order=DESC&limit=50 HTTP/1.1" 404 85381 "-" "Mozilla/5.0 (compatible; Baiduspider/2.0; +http://www.baidu.com/search/spider.html)"
180.76.15.23 - - [29/Jul/2016:13:48:03 +0000] "GET /men-fashion/watches/analog-watches/sonata-1013ym02-analog-watch-for-men.html?tag=Watch&sort=rating&order=ASC&limit=75 HTTP/1.1" 200 302409 "-" "Mozilla/5.0 (compatible; Baiduspider/2.0; +http://www.baidu.com/search/spider.html)"
180.76.15.161 - - [29/Jul/2016:13:48:08 +0000] "GET /index.php?route=module/oclayerednavigation/category&path=459&sort=p.sort_order&order=ASC&limit=25&page=2 HTTP/1.1" 200 133850 "-" "Mozilla/5.0 (compatible; Baiduspider/2.0; +http://www.baidu.com/search/spider.html)"
180.76.15.9 - - [29/Jul/2016:13:48:16 +0000] "GET /men-fashion/accessories/fastrack-1474sm01-party-analog-watch-for-men.html?tag=Party&sort=p.price&order=ASC&limit=50 HTTP/1.1" 200 294393 "-" "Mozilla/5.0 (compatible; Baiduspider/2.0; +http://www.baidu.com/search/spider.html)"
180.76.15.6 - - [29/Jul/2016:13:48:22 +0000] "GET /ajanta-1857-lx-designer-sweep-second-wall-clock%20?tag=1857-LX&sort=p.price&order=ASC&limit=75 HTTP/1.1" 404 85409 "-" "Mozilla/5.0 (compatible; Baiduspider/2.0; +http://www.baidu.com/search/spider.html)"
180.76.15.29 - - [29/Jul/2016:13:48:27 +0000] "GET /index.php?route=product/category&path=148_176&limit=50 HTTP/1.1" 200 448771 "-" "Mozilla/5.0 (compatible; Baiduspider/2.0; +http://www.baidu.com/search/spider.html)"
66.249.79.143 - - [29/Jul/2016:13:48:33 +0000] "GET /mobile-and-accessories/mobiles/smart-phones/gionee-pioneer-p4s-black-8-gb.html HTTP/1.1" 200 38280 "-" "Mozilla/5.0 (compatible; Googlebot/2.1; +http://www.google.com/bot.html)"
180.76.15.12 - - [29/Jul/2016:13:48:35 +0000] "GET /electronics/personal-grooming/hair-dryer/oreva-ohd-1009-hair-dryer.html?sort=rating&order=ASC&limit=100 HTTP/1.1" 404 85454 "-" "Mozilla/5.0 (compatible; Baiduspider/2.0; +http://www.baidu.com/search/spider.html)"
180.76.15.142 - - [29/Jul/2016:13:48:40 +0000] "GET /men-fashion/accessories/fastrack-1474sm02-party-analog-watch-for-men.html?tag=Party&sort=p.model&order=DESC&limit=75 HTTP/1.1" 200 296776 "-" "Mozilla/5.0 (compatible; Baiduspider/2.0; +http://www.baidu.com/search/spider.html)"
175.100.147.203 - - [29/Jul/2016:13:48:44 +0000] "GET /image/cache/catalog/Bazaarmantra/Men/Tshirt/DSC_9066-370x370.jpg HTTP/1.1" 200 26753 "https://www.google.co.in/" "Mozilla/5.0 (Windows NT 6.1) AppleWebKit/537.36 (KHTML, like Gecko) Chrome/51.0.2704.103 Safari/537.36"
180.76.15.149 - - [29/Jul/2016:13:48:46 +0000] "GET /men-fashion/accessories/belts-and-suspenders/tommy-hilfiger-casual-fabric-belt-with-ribbon-overlay-and-leather-tabs-brown-grey-for-men.html?tag=HILFIGER&sort=p.model&order=DESC&limit=25 HTTP/1.1" 200 303622 "-" "Mozilla/5.0 (compatible; Baiduspider/2.0; +http://www.baidu.com/search/spider.html)"
180.76.15.19 - - [29/Jul/2016:13:48:53 +0000] "GET /module/oclayerednavigation/category?path=148_171&sort=p.model&order=ASC&page=3 HTTP/1.1" 200 97084 "-" "Mozilla/5.0 (compatible; Baiduspider/2.0; +http://www.baidu.com/search/spider.html)"
180.76.15.143 - - [29/Jul/2016:13:48:59 +0000] "GET /apple HTTP/1.1" 301 238 "-" "Mozilla/5.0 (compatible; Baiduspider/2.0; +http://www.baidu.com/search/spider.html)"
180.76.15.134 - - [29/Jul/2016:13:48:59 +0000] "GET /apple HTTP/1.1" 200 279235 "-" "Mozilla/5.0 (compatible; Baiduspider/2.0; +http://www.baidu.com/search/spider.html)"
180.76.15.135 - - [29/Jul/2016:13:49:06 +0000] "GET /index.php?route=product/category&path=197&sort=p.price&order=DESC HTTP/1.1" 200 225621 "-" "Mozilla/5.0 (compatible; Baiduspider/2.0; +http://www.baidu.com/search/spider.html)"
180.76.15.8 - - [29/Jul/2016:13:49:12 +0000] "GET /core?sort=p.price&order=ASC HTTP/1.1" 200 247136 "-" "Mozilla/5.0 (compatible; Baiduspider/2.0; +http://www.baidu.com/search/spider.html)"
180.76.15.137 - - [29/Jul/2016:13:49:18 +0000] "GET /ajanta-1897-fancy-wall-clock%20?tag=Fan&sort=p.model&order=ASC&limit=50 HTTP/1.1" 404 85344 "-" "Mozilla/5.0 (compatible; Baiduspider/2.0; +http://www.baidu.com/search/spider.html)"
180.76.15.153 - - [29/Jul/2016:13:49:25 +0000] "GET /index.php?route=product/category&path=201_328&limit=15 HTTP/1.1" 404 225036 "-" "Mozilla/5.0 (compatible; Baiduspider/2.0; +http://www.baidu.com/search/spider.html)"
66.249.79.143 - - [29/Jul/2016:13:49:27 +0000] "GET /men-fashion/footwear/casual-shoes/sparx-s-m-194 HTTP/1.1" 200 36001 "-" "Mozilla/5.0 (compatible; Googlebot/2.1; +http://www.google.com/bot.html)"
180.76.15.29 - - [29/Jul/2016:13:49:31 +0000] "GET /%20philips-hl-1632-500-w-juicer-mixer-grinder?tag=Lip&sort=p.model&order=DESC&limit=75 HTTP/1.1" 404 85388 "-" "Mozilla/5.0 (compatible; Baiduspider/2.0; +http://www.baidu.com/search/spider.html)"
49.201.191.41 - - [29/Jul/2016:13:48:56 +0000] "GET /image/catalog/Bazaarmantra/Men/Tshirt/DSC_0197.jpg HTTP/1.1" 200 128098 "https://www.google.co.in/" "Mozilla/5.0 (Windows NT 6.1) AppleWebKit/537.36 (KHTML, like Gecko) Chrome/51.0.2704.103 Safari/537.36"
180.76.15.150 - - [29/Jul/2016:13:49:36 +0000] "GET /htc-re-16-mp-sports-and-action-camera-navy-blue.html?tag=Sports&sort=p.sort_order&order=ASC&limit=100 HTTP/1.1" 404 85431 "-" "Mozilla/5.0 (compatible; Baiduspider/2.0; +http://www.baidu.com/search/spider.html)"
180.76.15.142 - - [29/Jul/2016:13:49:44 +0000] "GET /men-fashion/accessories/fastrack-1474sm01-party-analog-watch-for-men.html?tag=1474SM01&sort=p.sort_order&order=ASC&limit=75 HTTP/1.1" 200 291757 "-" "Mozilla/5.0 (compatible; Baiduspider/2.0; +http://www.baidu.com/search/spider.html)"
180.76.15.20 - - [29/Jul/2016:13:49:49 +0000] "GET /index.php?route=product/category&path=175&sort=rating&order=ASC&limit=15 HTTP/1.1" 200 338586 "-" "Mozilla/5.0 (compatible; Baiduspider/2.0; +http://www.baidu.com/search/spider.html)"
180.76.15.147 - - [29/Jul/2016:13:49:57 +0000] "GET /index.php?route=product/manufacturer/info&manufacturer_id=22 HTTP/1.1" 301 - "-" "Mozilla/5.0 (compatible; Baiduspider/2.0; +http://www.baidu.com/search/spider.html)"
180.76.15.163 - - [29/Jul/2016:13:49:57 +0000] "GET http://bazaarmantra.com/g%20star HTTP/1.1" 301 241 "-" "Mozilla/5.0 (compatible; Baiduspider/2.0; +http://www.baidu.com/search/spider.html)"
180.76.15.158 - - [29/Jul/2016:13:49:58 +0000] "GET /g%20star HTTP/1.1" 200 246704 "-" "Mozilla/5.0 (compatible; Baiduspider/2.0; +http://www.baidu.com/search/spider.html)"
180.76.15.8 - - [29/Jul/2016:13:50:03 +0000] "GET /women-fashion/lingerie-and-sleepwear/lingerie-sets/the-darling-trap-blue-polyester-lingrie-set.html?tag=Set&limit=75 HTTP/1.1" 404 85558 "-" "Mozilla/5.0 (compatible; Baiduspider/2.0; +http://www.baidu.com/search/spider.html)"
180.76.15.17 - - [29/Jul/2016:13:50:08 +0000] "GET /luminous-zelio-1100-va-inverter?tag=1100&sort=pd.name&order=DESC HTTP/1.1" 404 85336 "-" "Mozilla/5.0 (compatible; Baiduspider/2.0; +http://www.baidu.com/search/spider.html)"
