66.249.79.143 - - [29/Jul/2016:13:18:47 +0000] "GET /men-fashion/watches/digital-watches HTTP/1.1" 200 32606 "-" "Mozilla/5.0 (compatible; Googlebot/2.1; +http://www.google.com/bot.html)"
66.249.79.143 - - [29/Jul/2016:13:19:03 +0000] "GET /sports-and-health/cricket/wickets/sg-tournament-full-stump.html?page=39 HTTP/1.1" 200 37199 "-" "Mozilla/5.0 (compatible; Googlebot/2.1; +http://www.google.com/bot.html)"
180.76.15.11 - - [29/Jul/2016:13:19:19 +0000] "GET /index.php?route=product/category&path=148_150_153&sort=rating&order=ASC&limit=25 HTTP/1.1" 301 329 "-" "Mozilla/5.0 (compatible; Baiduspider/2.0; +http://www.baidu.com/search/spider.html)"
180.76.15.145 - - [29/Jul/2016:13:19:26 +0000] "GET /men-fashion/clothing/casual-shirts/zara-solid-black-casual-men-s-shirt.html?tag=Men&page=21&limit=25 HTTP/1.1" 200 305231 "-" "Mozilla/5.0 (compatible; Baiduspider/2.0; +http://www.baidu.com/search/spider.html)"
66.249.79.143 - - [29/Jul/2016:13:19:29 +0000] "GET /index.php?route=product/product/review&product_id=1054 HTTP/1.1" 200 353 "https://bazaarmantra.com/sports-and-health/cricket/wickets/sg-tournament-full-stump.html?page=39" "Mozilla/5.0 (compatible; Googlebot/2.1; +http://www.google.com/bot.html)"
180.76.15.137 - - [29/Jul/2016:13:19:32 +0000] "GET /index.php?route=product/category&path=191_439_446&limit=25 HTTP/1.1" 200 244564 "-" "Mozilla/5.0 (compatible; Baiduspider/2.0; +http://www.baidu.com/search/spider.html)"
180.76.15.148 - - [29/Jul/2016:13:19:40 +0000] "GET /men-fashion/accessories/belts-and-suspenders/armani-jeans-mens-imported-belt-genuine-leather.html?tag=Men&sort=p.model&order=ASC&page=1&limit=100 HTTP/1.1" 200 307810 "-" "Mozilla/5.0 (compatible; Baiduspider/2.0; +http://www.baidu.com/search/spider.html)"
66.249.79.143 - - [29/Jul/2016:13:19:41 +0000] "GET /mobile-and-accessories/mobiles/smart-phones/samsung-galaxy-a5-champagne-gold-16-gb.html HTTP/1.1" 200 37657 "-" "Mozilla/5.0 (compatible; Googlebot/2.1; +http://www.google.com/bot.html)"
180.76.15.30 - - [29/Jul/2016:13:19:51 +0000] "GET /diesel?sort=p.model&order=ASC HTTP/1.1" 200 258457 "-" "Mozilla/5.0 (compatible; Baiduspider/2.0; +http://www.baidu.com/search/spider.html)"
180.76.15.163 - - [29/Jul/2016:13:19:58 +0000] "GET /home-and-kitchen/c,341,kitchen-tools?sort=p.model&order=DESC&limit=100 HTTP/1.1" 404 225086 "-" "Mozilla/5.0 (compatible; Baiduspider/2.0; +http://www.baidu.com/search/spider.html)"
180.76.15.11 - - [29/Jul/2016:13:20:04 +0000] "GET /men-fashion/clothing/casual-shirts/united-colors-of-benetton-blue-solid-casual-shirt.html?tag=Men&sort=p.price&order=DESC&page=4&limit=100 HTTP/1.1" 200 309885 "-" "Mozilla/5.0 (compatible; Baiduspider/2.0; +http://www.baidu.com/search/spider.html)"
180.76.15.150 - - [29/Jul/2016:13:20:09 +0000] "GET /dermawear-women-s-blended-mini-shaper-a-203.html?tag=Dermawear&sort=rating&order=DESC&limit=25 HTTP/1.1" 404 85413 "-" "Mozilla/5.0 (compatible; Baiduspider/2.0; +http://www.baidu.com/search/spider.html)"
180.76.15.159 - - [29/Jul/2016:13:20:17 +0000] "GET /product/search?tag=Bat&page=15 HTTP/1.1" 200 283006 "-" "Mozilla/5.0 (compatible; Baiduspider/2.0; +http://www.baidu.com/search/spider.html)"
180.76.15.152 - - [29/Jul/2016:13:20:23 +0000] "GET /index.php?route=product/category&path=421&sort=rating&order=ASC&limit=15 HTTP/1.1" 200 284344 "-" "Mozilla/5.0 (compatible; Baiduspider/2.0; +http://www.baidu.com/search/spider.html)"
180.76.15.145 - - [29/Jul/2016:13:20:28 +0000] "GET /product/search?sort=pd.name&order=DESC&tag=Rush&limit=50 HTTP/1.1" 301 301 "-" "Mozilla/5.0 (compatible; Baiduspider/2.0; +http://www.baidu.com/search/spider.html)"
66.249.79.143 - - [29/Jul/2016:13:20:35 +0000] "GET /men-fashion/footwear/sport-shoes/sparx-s-m-194-d HTTP/1.1" 200 37558 "-" "Mozilla/5.0 (compatible; Googlebot/2.1; +http://www.google.com/bot.html)"
180.76.15.140 - - [29/Jul/2016:13:20:36 +0000] "GET /men-fashion/accessories/fastrack-1229sm04-core-analog-watch-for-men.html HTTP/1.1" 200 304750 "-" "Mozilla/5.0 (compatible; Baiduspider/2.0; +http://www.baidu.com/search/spider.html)"
180.76.15.26 - - [29/Jul/2016:13:20:41 +0000] "GET /index.php?route=product/category&path=428&sort=pd.name&order=ASC&limit=50 HTTP/1.1" 200 244271 "-" "Mozilla/5.0 (compatible; Baiduspider/2.0; +http://www.baidu.com/search/spider.html)"
180.76.15.31 - - [29/Jul/2016:13:20:49 +0000] "GET /index.php?route=product/category&path=171&sort=p.model&order=DESC&limit=15 HTTP/1.1" 200 301882 "-" "Mozilla/5.0 (compatible; Baiduspider/2.0; +http://www.baidu.com/search/spider.html)"
180.76.15.24 - - [29/Jul/2016:13:20:54 +0000] "GET /men-fashion/footwear/casual-shoes/sparx-s-m-194?sort=rating&order=DESC HTTP/1.1" 200 313658 "-" "Mozilla/5.0 (compatible; Baiduspider/2.0; +http://www.baidu.com/search/spider.html)"
180.76.15.144 - - [29/Jul/2016:13:21:00 +0000] "GET /index.php?route=product/category&path=431&sort=p.price&order=ASC&limit=25 HTTP/1.1" 200 258800 "-" "Mozilla/5.0 (compatible; Baiduspider/2.0; +http://www.baidu.com/search/spider.html)"
180.76.15.32 - - [29/Jul/2016:13:21:07 +0000] "GET /index.php?route=product/category&path=124_125&sort=pd.name&order=DESC HTTP/1.1" 200 412713 "-" "Mozilla/5.0 (compatible; Baiduspider/2.0; +http://www.baidu.com/search/spider.html)"
180.76.15.149 - - [29/Jul/2016:13:21:13 +0000] "GET /kurlon-dream-sleep-spring-mattress?tag=Kurl-On&sort=p.model&order=ASC HTTP/1.1" 404 85349 "-" "Mozilla/5.0 (compatible; Baiduspider/2.0; +http://www.baidu.com/search/spider.html)"
180.76.15.152 - - [29/Jul/2016:13:21:19 +0000] "GET /index.php?route=product/category&path=148_163&sort=rating&order=ASC&limit=50 HTTP/1.1" 200 423911 "-" "Mozilla/5.0 (compatible; Baiduspider/2.0; +http://www.baidu.com/search/spider.html)"
180.76.15.159 - - [29/Jul/2016:13:21:26 +0000] "GET /men-fashion/watches/couple-watches-420/sonata-70538080ym01-fiber-collection-analog-watch-for-couple.html?sort=p.model&order=DESC HTTP/1.1" 200 299154 "-" "Mozilla/5.0 (compatible; Baiduspider/2.0; +http://www.baidu.com/search/spider.html)"
66.249.79.143 - - [29/Jul/2016:13:21:29 +0000] "GET /women-fashion/footwear-220/flats HTTP/1.1" 200 25443 "-" "Mozilla/5.0 (compatible; Googlebot/2.1; +http://www.google.com/bot.html)"
180.76.15.163 - - [29/Jul/2016:13:21:32 +0000] "GET /index.php?route=product/category&path=191_439_447&sort=rating&order=ASC HTTP/1.1" 200 225871 "-" "Mozilla/5.0 (compatible; Baiduspider/2.0; +http://www.baidu.com/search/spider.html)"
180.76.15.9 - - [29/Jul/2016:13:21:39 +0000] "GET /index.php?route=product/category&path=191&sort=pd.name&order=DESC&limit=50 HTTP/1.1" 200 463333 "-" "Mozilla/5.0 (compatible; Baiduspider/2.0; +http://www.baidu.com/search/spider.html)"
180.76.15.13 - - [29/Jul/2016:13:21:45 +0000] "GET /men-fashion/clothing/casual-trouser/superdry-cream-men-s-trouser.html?tag=Superdry&sort=p.sort_order&order=ASC&page=1&limit=15 HTTP/1.1" 200 320975 "-" "Mozilla/5.0 (compatible; Baiduspider/2.0; +http://www.baidu.com/search/spider.html)"
180.76.15.15 - - [29/Jul/2016:13:21:50 +0000] "GET /men-fashion/accessories/belts-and-suspenders/tommy-hilfiger-casual-fabric-belt-with-ribbon-overlay-and-leather-tabs-brown-red-for-men.html?tag=the&sort=p.price&order=DESC&limit=75 HTTP/1.1" 200 306695 "-" "Mozilla/5.0 (compatible; Baiduspider/2.0; +http://www.baidu.com/search/spider.html)"
66.249.79.143 - - [29/Jul/2016:13:21:56 +0000] "GET /women-fashion/beauty-and-personal-care/fargrances/adidas-natural-vitality-deodorant-spray-for-women-150-ml.html?tag=ml) HTTP/1.1" 404 14018 "-" "Mozilla/5.0 (compatible; Googlebot/2.1; +http://www.google.com/bot.html)"
180.76.15.157 - - [29/Jul/2016:13:21:58 +0000] "GET /men-fashion/accessories/fastrack-1229sm04-core-analog-watch-for-men.html?tag=1229SM04&sort=pd.name&order=ASC&limit=100 HTTP/1.1" 200 294545 "-" "Mozilla/5.0 (compatible; Baiduspider/2.0; +http://www.baidu.com/search/spider.html)"
180.76.15.23 - - [29/Jul/2016:13:22:04 +0000] "GET /product/search?sort=p.model&order=ASC&tag=Jasmine&limit=75 HTTP/1.1" 200 258243 "-" "Mozilla/5.0 (compatible; Baiduspider/2.0; +http://www.baidu.com/search/spider.html)"
180.76.15.150 - - [29/Jul/2016:13:22:09 +0000] "GET /men-fashion/accessories/sonata-77029pp03j-ocean-III-superfibre-analog-watch-for-men?tag=77029PP03J&sort=rating&order=DESC&limit=15 HTTP/1.1" 200 304997 "-" "Mozilla/5.0 (compatible; Baiduspider/2.0; +http://www.baidu.com/search/spider.html)"
180.76.15.14 - - [29/Jul/2016:13:22:17 +0000] "GET /index.php?route=product/category&path=148_176&sort=p.price&order=DESC&page=3&limit=100 HTTP/1.1" 200 225262 "-" "Mozilla/5.0 (compatible; Baiduspider/2.0; +http://www.baidu.com/search/spider.html)"
180.76.15.152 - - [29/Jul/2016:13:22:22 +0000] "GET /index.php?route=product/product&path=187&product_id=772&limit=75 HTTP/1.1" 301 - "-" "Mozilla/5.0 (compatible; Baiduspider/2.0; +http://www.baidu.com/search/spider.html)"
180.76.15.142 - - [29/Jul/2016:13:22:23 +0000] "GET http://bazaarmantra.com/p,772.html?limit=75 HTTP/1.1" 301 252 "-" "Mozilla/5.0 (compatible; Baiduspider/2.0; +http://www.baidu.com/search/spider.html)"
66.249.79.143 - - [29/Jul/2016:13:22:23 +0000] "GET /men-fashion/footwear/loafers HTTP/1.1" 200 27052 "-" "Mozilla/5.0 (compatible; Googlebot/2.1; +http://www.google.com/bot.html)"
180.76.15.28 - - [29/Jul/2016:13:22:23 +0000] "GET /p,772.html?limit=75 HTTP/1.1" 404 265221 "-" "Mozilla/5.0 (compatible; Baiduspider/2.0; +http://www.baidu.com/search/spider.html)"
180.76.15.146 - - [29/Jul/2016:13:22:28 +0000] "GET /index.php?route=product/category&path=430&sort=p.sort_order&order=ASC&limit=75 HTTP/1.1" 200 277283 "-" "Mozilla/5.0 (compatible; Baiduspider/2.0; +http://www.baidu.com/search/spider.html)"
180.76.15.155 - - [29/Jul/2016:13:22:35 +0000] "GET /men-fashion/clothing/ax-printed-blue-t-shirt.html?limit=25 HTTP/1.1" 200 304334 "-" "Mozilla/5.0 (compatible; Baiduspider/2.0; +http://www.baidu.com/search/spider.html)"
180.76.15.32 - - [29/Jul/2016:13:22:41 +0000] "GET /men-fashion/footwear/sport-shoes/sparx-sm-185-sports-shoes-grey-n-green.html?tag=Shoe&sort=rating&order=ASC&limit=75 HTTP/1.1" 200 293504 "-" "Mozilla/5.0 (compatible; Baiduspider/2.0; +http://www.baidu.com/search/spider.html)"
180.76.15.158 - - [29/Jul/2016:13:22:48 +0000] "GET /ajanta-737-fancy-wall-clock%20?tag=Kit&sort=p.sort_order&order=ASC&page=4 HTTP/1.1" 404 85347 "-" "Mozilla/5.0 (compatible; Baiduspider/2.0; +http://www.baidu.com/search/spider.html)"
180.76.15.154 - - [29/Jul/2016:13:22:54 +0000] "GET /men-fashion/clothing/innerwear-and-sleepwear/jockey-fashion-trunk-1017-mid-blue-pebble?tag=Key&sort=rating&order=ASC HTTP/1.1" 404 85545 "-" "Mozilla/5.0 (compatible; Baiduspider/2.0; +http://www.baidu.com/search/spider.html)"
180.76.15.149 - - [29/Jul/2016:13:23:00 +0000] "GET /dell-inspiron-n3542-laptop-15-6-inch-hd-os-ubuntu-black-html?tag=Dell&sort=rating&order=DESC&limit=50 HTTP/1.1" 404 85439 "-" "Mozilla/5.0 (compatible; Baiduspider/2.0; +http://www.baidu.com/search/spider.html)"
180.76.15.152 - - [29/Jul/2016:13:23:07 +0000] "GET /men-fashion/accessories/fastrack-watches/fastrack-1478sm01-party-analog-watch-for-men.html?sort=p.sort_order&order=ASC&page=1 HTTP/1.1" 200 295587 "-" "Mozilla/5.0 (compatible; Baiduspider/2.0; +http://www.baidu.com/search/spider.html)"
180.76.15.134 - - [29/Jul/2016:13:23:13 +0000] "GET /product/search?sort=p.model&order=DESC&tag=Bern&limit=25 HTTP/1.1" 200 258236 "-" "Mozilla/5.0 (compatible; Baiduspider/2.0; +http://www.baidu.com/search/spider.html)"
180.76.15.8 - - [29/Jul/2016:13:23:18 +0000] "GET /women-fashion/western-wear/shirts/bm-warrior-cotton-printed-light-blue-shirt-for-women.html?tag=Men&sort=pd.name&order=DESC&page=7&limit=75 HTTP/1.1" 301 388 "-" "Mozilla/5.0 (compatible; Baiduspider/2.0; +http://www.baidu.com/search/spider.html)"
180.76.15.142 - - [29/Jul/2016:13:23:31 +0000] "GET /c,591,weight-gainers/p,1442,muscletech-nitrotech-4lbs.html?tag=Health&sort=rating&order=DESC&page=7&limit=75 HTTP/1.1" 404 266255 "-" "Mozilla/5.0 (compatible; Baiduspider/2.0; +http://www.baidu.com/search/spider.html)"
180.76.15.151 - - [29/Jul/2016:13:23:38 +0000] "GET /ajanta-1247-simple-wall-clock?tag=Kit&sort=p.sort_order&order=ASC&limit=50 HTTP/1.1" 404 85354 "-" "Mozilla/5.0 (compatible; Baiduspider/2.0; +http://www.baidu.com/search/spider.html)"
157.55.39.233 - - [29/Jul/2016:13:23:40 +0000] "GET /sports-and-health/c,484_554,fitness-equipment,twisters HTTP/1.1" 200 25453 "-" "Mozilla/5.0 (compatible; bingbot/2.0; +http://www.bing.com/bingbot.htm)"
180.76.15.26 - - [29/Jul/2016:13:23:57 +0000] "GET /index.php?route=product/category&path=236&sort=p.model&order=ASC&limit=15 HTTP/1.1" 200 319327 "-" "Mozilla/5.0 (compatible; Baiduspider/2.0; +http://www.baidu.com/search/spider.html)"
180.76.15.149 - - [29/Jul/2016:13:24:04 +0000] "GET /index.php?route=product/category&path=152&sort=rating&order=ASC HTTP/1.1" 200 328608 "-" "Mozilla/5.0 (compatible; Baiduspider/2.0; +http://www.baidu.com/search/spider.html)"
180.76.15.138 - - [29/Jul/2016:13:24:10 +0000] "GET /home-and-kitchen/c,385_386,home-decor,clocks/ajanta-4327-fancy-pendulum-wall-clock%20?tag=Kit&limit=100 HTTP/1.1" 404 85496 "-" "Mozilla/5.0 (compatible; Baiduspider/2.0; +http://www.baidu.com/search/spider.html)"
66.249.79.143 - - [29/Jul/2016:13:24:11 +0000] "GET /sports-and-health/cricket/bags/ss-gladiator-cricket-kit-bag-black-with-camo-print.html HTTP/1.1" 200 35538 "-" "Mozilla/5.0 (compatible; Googlebot/2.1; +http://www.google.com/bot.html)"
180.76.15.152 - - [29/Jul/2016:13:24:17 +0000] "GET /men-fashion/clothing/tommy-hilfiger-cotton-printed-t-shirt-blue.html?tag=Blue)&sort=pd.name&order=ASC&limit=25 HTTP/1.1" 200 303426 "-" "Mozilla/5.0 (compatible; Baiduspider/2.0; +http://www.baidu.com/search/spider.html)"
180.76.15.158 - - [29/Jul/2016:13:24:23 +0000] "GET /product/search?tag=and&page=3 HTTP/1.1" 200 326890 "-" "Mozilla/5.0 (compatible; Baiduspider/2.0; +http://www.baidu.com/search/spider.html)"
180.76.15.17 - - [29/Jul/2016:13:24:35 +0000] "GET /men-fashion/accessories/sonata-77026pp03j-superfibre-ocean-III-digital-watch-for-men?tag=Fibre&sort=p.model&order=DESC&limit=25 HTTP/1.1" 200 290960 "-" "Mozilla/5.0 (compatible; Baiduspider/2.0; +http://www.baidu.com/search/spider.html)"
180.76.15.145 - - [29/Jul/2016:13:24:48 +0000] "GET /sports-and-health/cricket/guards/ss-gladiator-batting-legguards.html?tag=Legguard&sort=p.model&order=ASC&limit=15 HTTP/1.1" 200 303819 "-" "Mozilla/5.0 (compatible; Baiduspider/2.0; +http://www.baidu.com/search/spider.html)"
66.249.79.143 - - [29/Jul/2016:13:24:49 +0000] "GET /women-fashion/bags-and-wallets/laptop-bags/zakara-sparta-cross-body-leather-laptop-messenger-bag-zb-mb-02.html?sort=pd.name&order=ASC&limit=100 HTTP/1.1" 200 36403 "-" "Mozilla/5.0 (compatible; Googlebot/2.1; +http://www.google.com/bot.html)"
180.76.15.135 - - [29/Jul/2016:13:25:00 +0000] "GET /men-fashion/accessories/sonata-7108ym03-sona-sitara-analog-watch-for-men?tag=Sona&sort=rating&order=ASC&page=2&limit=25 HTTP/1.1" 200 296691 "-" "Mozilla/5.0 (compatible; Baiduspider/2.0; +http://www.baidu.com/search/spider.html)"
66.249.79.143 - - [29/Jul/2016:13:25:06 +0000] "GET /men-fashion/footwear/canvas-shoes/sparx-sm-175-canvas-shoes-black.html HTTP/1.1" 200 37573 "-" "Mozilla/5.0 (compatible; Googlebot/2.1; +http://www.google.com/bot.html)"
180.76.15.20 - - [29/Jul/2016:13:25:12 +0000] "GET /index.php?route=product/category&path=148_171_420&sort=rating&order=DESC&page=12 HTTP/1.1" 200 242648 "-" "Mozilla/5.0 (compatible; Baiduspider/2.0; +http://www.baidu.com/search/spider.html)"
180.76.15.23 - - [29/Jul/2016:13:25:20 +0000] "GET /index.php?route=product/category&path=170&sort=p.model&order=ASC HTTP/1.1" 200 296102 "-" "Mozilla/5.0 (compatible; Baiduspider/2.0; +http://www.baidu.com/search/spider.html)"
180.76.15.23 - - [29/Jul/2016:13:25:26 +0000] "GET /index.php?route=product/category&path=148_150_149&sort=pd.name&order=ASC HTTP/1.1" 200 325069 "-" "Mozilla/5.0 (compatible; Baiduspider/2.0; +http://www.baidu.com/search/spider.html)"
180.76.15.14 - - [29/Jul/2016:13:25:37 +0000] "GET /index.php?route=product/category&path=148_150_155&sort=p.price&order=DESC&limit=75 HTTP/1.1" 301 331 "-" "Mozilla/5.0 (compatible; Baiduspider/2.0; +http://www.baidu.com/search/spider.html)"
180.76.15.141 - - [29/Jul/2016:13:25:45 +0000] "GET /c,584,mass-gainers/p,1444,endura-mass-500-gm-banana.html?tag=Banana&limit=100 HTTP/1.1" 404 257826 "-" "Mozilla/5.0 (compatible; Baiduspider/2.0; +http://www.baidu.com/search/spider.html)"
180.76.15.155 - - [29/Jul/2016:13:25:51 +0000] "GET /men-fashion/watches/analog-watches/sonata-7920pp11-analog-watch-for-men.html?tag=Sona&sort=rating&order=DESC&page=1 HTTP/1.1" 200 297422 "-" "Mozilla/5.0 (compatible; Baiduspider/2.0; +http://www.baidu.com/search/spider.html)"
180.76.15.6 - - [29/Jul/2016:13:25:58 +0000] "GET /index.php?route=product/category&path=163&sort=pd.name&order=ASC HTTP/1.1" 301 309 "-" "Mozilla/5.0 (compatible; Baiduspider/2.0; +http://www.baidu.com/search/spider.html)"
66.249.79.143 - - [29/Jul/2016:13:26:00 +0000] "GET /seller/ HTTP/1.1" 200 3736 "-" "Mozilla/5.0 (compatible; Googlebot/2.1; +http://www.google.com/bot.html)"
180.76.15.26 - - [29/Jul/2016:13:26:04 +0000] "GET /index.php?route=product/category&path=124&sort=rating&order=DESC&limit=75 HTTP/1.1" 200 846264 "-" "Mozilla/5.0 (compatible; Baiduspider/2.0; +http://www.baidu.com/search/spider.html)"
180.76.15.154 - - [29/Jul/2016:13:26:09 +0000] "GET /dell-inspiron-n3542-laptop-15-6-inch-hd-os-win-8-1-black-1tb-html?tag=8.1&sort=rating&order=ASC&limit=75 HTTP/1.1" 404 85450 "-" "Mozilla/5.0 (compatible; Baiduspider/2.0; +http://www.baidu.com/search/spider.html)"
180.76.15.32 - - [29/Jul/2016:13:26:17 +0000] "GET /product/search?sort=p.sort_order&order=ASC&tag=Timeless&limit=25 HTTP/1.1" 200 258256 "-" "Mozilla/5.0 (compatible; Baiduspider/2.0; +http://www.baidu.com/search/spider.html)"
66.249.79.143 - - [29/Jul/2016:13:26:27 +0000] "GET /tnm/tnm-ekvastra-designer-saree-ev-228?sort=p.price&order=DESC&page=2 HTTP/1.1" 404 13925 "-" "Mozilla/5.0 (compatible; Googlebot/2.1; +http://www.google.com/bot.html)"
180.76.15.163 - - [29/Jul/2016:13:26:41 +0000] "GET /index.php?route=product/category&path=148_163_167&sort=p.price&order=ASC&page=5&limit=100 HTTP/1.1" 200 247230 "-" "Mozilla/5.0 (compatible; Baiduspider/2.0; +http://www.baidu.com/search/spider.html)"
180.76.15.163 - - [29/Jul/2016:13:26:48 +0000] "GET /module/oclayerednavigation/category?path=199&sort=p.sort_order&order=ASC&page=2 HTTP/1.1" 200 86265 "-" "Mozilla/5.0 (compatible; Baiduspider/2.0; +http://www.baidu.com/search/spider.html)"
66.249.79.143 - - [29/Jul/2016:13:26:54 +0000] "GET /women-fashion/watches-232/analog-watches-234/sonata-87007qm01-party-analog-watch-for-women HTTP/1.1" 200 36889 "-" "Mozilla/5.0 (compatible; Googlebot/2.1; +http://www.google.com/bot.html)"
180.76.15.155 - - [29/Jul/2016:13:27:00 +0000] "GET /men-fashion/accessories/belts-and-suspenders/louis-vuitton-brown-leather-casual-belt-for-men.html?tag=the&sort=pd.name&order=ASC&limit=100 HTTP/1.1" 200 293808 "-" "Mozilla/5.0 (compatible; Baiduspider/2.0; +http://www.baidu.com/search/spider.html)"
180.76.15.24 - - [29/Jul/2016:13:27:07 +0000] "GET /index.php?route=product/category&path=124_125&sort=rating&order=ASC&limit=100 HTTP/1.1" 200 1129778 "-" "Mozilla/5.0 (compatible; Baiduspider/2.0; +http://www.baidu.com/search/spider.html)"
180.76.15.151 - - [29/Jul/2016:13:27:19 +0000] "GET /index.php?route=product/category&path=154&sort=pd.name&order=ASC HTTP/1.1" 200 293989 "-" "Mozilla/5.0 (compatible; Baiduspider/2.0; +http://www.baidu.com/search/spider.html)"
180.76.15.20 - - [29/Jul/2016:13:27:26 +0000] "GET /men-fashion/watches/analog-watches/sonata-1013ym15-analog-watch-for-men.html?tag=Sona&sort=p.model&order=ASC&limit=100 HTTP/1.1" 200 290561 "-" "Mozilla/5.0 (compatible; Baiduspider/2.0; +http://www.baidu.com/search/spider.html)"
180.76.15.17 - - [29/Jul/2016:13:27:32 +0000] "GET /bm-warrior-multicolor-printed-casual-women-s-top.html?tag=Printed&sort=rating&order=ASC&page=2 HTTP/1.1" 200 301390 "-" "Mozilla/5.0 (compatible; Baiduspider/2.0; +http://www.baidu.com/search/spider.html)"
180.76.15.144 - - [29/Jul/2016:13:27:39 +0000] "GET /lenovo-b40-30-f0aw002lin-4th-gen-ci5-black.html?tag=Gen&sort=pd.name&order=ASC&limit=75 HTTP/1.1" 404 85398 "-" "Mozilla/5.0 (compatible; Baiduspider/2.0; +http://www.baidu.com/search/spider.html)"
66.249.79.143 - - [29/Jul/2016:13:27:42 +0000] "GET /home-and-kitchen/c,385_386,home-decor,clocks/ajanta-517-simple-wall-clock?sort=p.sort_order&order=ASC&limit=100 HTTP/1.1" 404 13988 "-" "Mozilla/5.0 (compatible; Googlebot/2.1; +http://www.google.com/bot.html)"
180.76.15.34 - - [29/Jul/2016:13:27:45 +0000] "GET /index.php?route=product/category&path=199_474&sort=p.model&order=DESC HTTP/1.1" 200 225692 "-" "Mozilla/5.0 (compatible; Baiduspider/2.0; +http://www.baidu.com/search/spider.html)"
66.249.79.143 - - [29/Jul/2016:13:27:48 +0000] "GET /index.php?route=product/category&path=148_176_177 HTTP/1.1" 200 30692 "-" "Mozilla/5.0 (compatible; Googlebot/2.1; +http://www.google.com/bot.html)"
180.76.15.144 - - [29/Jul/2016:13:27:50 +0000] "GET /index.php?route=product/category&path=131&limit=75 HTTP/1.1" 200 234807 "-" "Mozilla/5.0 (compatible; Baiduspider/2.0; +http://www.baidu.com/search/spider.html)"
180.76.15.144 - - [29/Jul/2016:13:27:58 +0000] "GET /index.php?route=product/category&path=443&sort=p.price&order=ASC&limit=15 HTTP/1.1" 200 244121 "-" "Mozilla/5.0 (compatible; Baiduspider/2.0; +http://www.baidu.com/search/spider.html)"
180.76.15.31 - - [29/Jul/2016:13:28:04 +0000] "GET /module/oclayerednavigation/category?path=199_200_458&sort=rating&order=DESC&page=6 HTTP/1.1" 200 40392 "-" "Mozilla/5.0 (compatible; Baiduspider/2.0; +http://www.baidu.com/search/spider.html)"
180.76.15.6 - - [29/Jul/2016:13:28:09 +0000] "GET /ajanta-8337-wooden-sweep-second-wall-clock%20?tag=Home&sort=p.price&order=DESC&limit=100 HTTP/1.1" 404 85392 "-" "Mozilla/5.0 (compatible; Baiduspider/2.0; +http://www.baidu.com/search/spider.html)"
180.76.15.22 - - [29/Jul/2016:13:28:17 +0000] "GET /cipla-plast-sumo-cloth-dryer-stand?tag=Kit&sort=p.price&order=DESC&page=2&limit=25 HTTP/1.1" 404 85375 "-" "Mozilla/5.0 (compatible; Baiduspider/2.0; +http://www.baidu.com/search/spider.html)"
180.76.15.34 - - [29/Jul/2016:13:28:22 +0000] "GET /men-fashion/bags-and-luggage/laptop-bags-and-sleeves/zakara-andria-leather-office-bag-zb-pb-14.html?sort=p.price&order=ASC HTTP/1.1" 200 305108 "-" "Mozilla/5.0 (compatible; Baiduspider/2.0; +http://www.baidu.com/search/spider.html)"
180.76.15.151 - - [29/Jul/2016:13:28:28 +0000] "GET /index.php?route=product/category&path=199_200_464&page=1&limit=15 HTTP/1.1" 200 302680 "-" "Mozilla/5.0 (compatible; Baiduspider/2.0; +http://www.baidu.com/search/spider.html)"
180.76.15.162 - - [29/Jul/2016:13:28:40 +0000] "GET /men-fashion/clothing/adidas-printed-round-neck-t-shirt-white.html?tag=(White) HTTP/1.1" 200 301219 "-" "Mozilla/5.0 (compatible; Baiduspider/2.0; +http://www.baidu.com/search/spider.html)"
66.249.79.143 - - [29/Jul/2016:13:28:42 +0000] "GET /men-fashion/footwear/canvas-shoes HTTP/1.1" 200 30422 "-" "Mozilla/5.0 (compatible; Googlebot/2.1; +http://www.google.com/bot.html)"
180.76.15.150 - - [29/Jul/2016:13:28:48 +0000] "GET /index.php?route=product/category&path=185&sort=pd.name&order=DESC HTTP/1.1" 200 236090 "-" "Mozilla/5.0 (compatible; Baiduspider/2.0; +http://www.baidu.com/search/spider.html)"
180.76.15.158 - - [29/Jul/2016:13:28:53 +0000] "GET /men-fashion/clothing/superdry-printed-t-shirt-white.html?tag=Print&sort=pd.name&order=DESC&limit=50 HTTP/1.1" 200 329207 "-" "Mozilla/5.0 (compatible; Baiduspider/2.0; +http://www.baidu.com/search/spider.html)"
180.76.15.163 - - [29/Jul/2016:13:29:01 +0000] "GET /dell-inspiron-15-3541-laptop-39-62cm-15-6-screen-os-ubuntu-black-html?tag=Top&sort=rating&order=ASC&page=3 HTTP/1.1" 404 85458 "-" "Mozilla/5.0 (compatible; Baiduspider/2.0; +http://www.baidu.com/search/spider.html)"
180.76.15.160 - - [29/Jul/2016:13:29:07 +0000] "GET /bombay-dyeing-purple-double-bed-sheet%20?tag=Purple&sort=p.price&order=DESC&limit=100 HTTP/1.1" 404 85381 "-" "Mozilla/5.0 (compatible; Baiduspider/2.0; +http://www.baidu.com/search/spider.html)"
180.76.15.137 - - [29/Jul/2016:13:29:12 +0000] "GET /men-fashion/accessories/fastrack-748pp02-analog-watch-for-men.html?tag=Watch&sort=p.price&order=ASC&limit=100 HTTP/1.1" 200 292553 "-" "Mozilla/5.0 (compatible; Baiduspider/2.0; +http://www.baidu.com/search/spider.html)"
180.76.15.139 - - [29/Jul/2016:13:29:20 +0000] "GET /c,594,appetite-control/p,1439,now-omega-3-100-softgel.html?tag=Omega-3&sort=rating&order=DESC&limit=100 HTTP/1.1" 404 260808 "-" "Mozilla/5.0 (compatible; Baiduspider/2.0; +http://www.baidu.com/search/spider.html)"
180.76.15.140 - - [29/Jul/2016:13:29:25 +0000] "GET /ajanta-511-fancy-wall-clock%20?tag=Fancy&sort=p.price&order=DESC&limit=25 HTTP/1.1" 404 85347 "-" "Mozilla/5.0 (compatible; Baiduspider/2.0; +http://www.baidu.com/search/spider.html)"
180.76.15.143 - - [29/Jul/2016:13:29:31 +0000] "GET /kent?sort=pd.name&order=ASC&limit=50 HTTP/1.1" 200 225733 "-" "Mozilla/5.0 (compatible; Baiduspider/2.0; +http://www.baidu.com/search/spider.html)"
66.249.79.143 - - [29/Jul/2016:13:29:36 +0000] "GET /men-fashion/footwear/sport-shoes/adidas-cc-gazelle-boost-m-mesh-sneakers-grey.html HTTP/1.1" 200 36296 "-" "Mozilla/5.0 (compatible; Googlebot/2.1; +http://www.google.com/bot.html)"
180.76.15.28 - - [29/Jul/2016:13:29:47 +0000] "GET /dermawear-women-s-blended-mini-shaper-a-203.html?tag=Women's&sort=pd.name&order=ASC&limit=100 HTTP/1.1" 404 85415 "-" "Mozilla/5.0 (compatible; Baiduspider/2.0; +http://www.baidu.com/search/spider.html)"
180.76.15.143 - - [29/Jul/2016:13:29:54 +0000] "GET /product/search?tag=Batting&page=2 HTTP/1.1" 200 314828 "-" "Mozilla/5.0 (compatible; Baiduspider/2.0; +http://www.baidu.com/search/spider.html)"
180.76.15.19 - - [29/Jul/2016:13:30:05 +0000] "GET /module/oclayerednavigation/category?path=148_171&sort=p.model&order=DESC&page=3 HTTP/1.1" 200 90373 "-" "Mozilla/5.0 (compatible; Baiduspider/2.0; +http://www.baidu.com/search/spider.html)"
180.76.15.142 - - [29/Jul/2016:13:30:13 +0000] "GET /index.php?route=module/oclayerednavigation/category&path=148&sort=p.model&order=ASC&limit=25&page=2 HTTP/1.1" 200 132263 "-" "Mozilla/5.0 (compatible; Baiduspider/2.0; +http://www.baidu.com/search/spider.html)"
180.76.15.13 - - [29/Jul/2016:13:30:24 +0000] "GET /index.php?route=product/category&path=150&sort=rating&order=ASC&limit=25 HTTP/1.1" 200 339404 "-" "Mozilla/5.0 (compatible; Baiduspider/2.0; +http://www.baidu.com/search/spider.html)"
66.249.79.143 - - [29/Jul/2016:13:30:30 +0000] "GET /index.php?route=product/category&path=148_426_427 HTTP/1.1" 200 27027 "-" "Mozilla/5.0 (compatible; Googlebot/2.1; +http://www.google.com/bot.html)"
180.76.15.8 - - [29/Jul/2016:13:30:32 +0000] "GET /index.php?route=product/category&path=191_204_315&sort=pd.name&order=DESC&limit=50 HTTP/1.1" 200 255801 "-" "Mozilla/5.0 (compatible; Baiduspider/2.0; +http://www.baidu.com/search/spider.html)"
66.249.79.143 - - [29/Jul/2016:13:30:35 +0000] "GET /men-fashion/clothing/t-shirts/kidrock-super-man-printed-half-sleeves-t-shirt.html?tag=Lee HTTP/1.1" 404 13983 "-" "Mozilla/5.0 (compatible; Googlebot/2.1; +http://www.google.com/bot.html)"
180.76.15.155 - - [29/Jul/2016:13:30:43 +0000] "GET /ajanta-511-fancy-wall-clock%20?tag=Fan&sort=rating&order=ASC&limit=50 HTTP/1.1" 404 85339 "-" "Mozilla/5.0 (compatible; Baiduspider/2.0; +http://www.baidu.com/search/spider.html)"
180.76.15.145 - - [29/Jul/2016:13:30:51 +0000] "GET /index.php?route=product/category&path=124_125&sort=pd.name&order=ASC&limit=100 HTTP/1.1" 200 1089297 "-" "Mozilla/5.0 (compatible; Baiduspider/2.0; +http://www.baidu.com/search/spider.html)"
180.76.15.160 - - [29/Jul/2016:13:30:56 +0000] "GET /women-fashion/western-wear/tops-and-tunics/bm-warrior-orange-shaded-casual-top.html?sort=p.price&order=ASC HTTP/1.1" 200 302983 "-" "Mozilla/5.0 (compatible; Baiduspider/2.0; +http://www.baidu.com/search/spider.html)"
180.76.15.29 - - [29/Jul/2016:13:31:04 +0000] "GET /index.php?route=product/category&path=428&sort=rating&order=DESC&limit=50 HTTP/1.1" 200 244271 "-" "Mozilla/5.0 (compatible; Baiduspider/2.0; +http://www.baidu.com/search/spider.html)"
180.76.15.28 - - [29/Jul/2016:13:31:09 +0000] "GET /men-fashion/watches/analog-watches/sonata-7080sl02-analog-watch-for-men.html HTTP/1.1" 200 308917 "-" "Mozilla/5.0 (compatible; Baiduspider/2.0; +http://www.baidu.com/search/spider.html)"
180.76.15.136 - - [29/Jul/2016:13:31:15 +0000] "GET /men-fashion/clothing/aj-printed-light-blue-t-shirt.html?tag=Print&sort=p.price&order=DESC&page=2 HTTP/1.1" 200 305430 "-" "Mozilla/5.0 (compatible; Baiduspider/2.0; +http://www.baidu.com/search/spider.html)"
180.76.15.7 - - [29/Jul/2016:13:31:22 +0000] "GET /index.php?route=product/category&path=429&sort=p.model&order=ASC&limit=25 HTTP/1.1" 200 284987 "-" "Mozilla/5.0 (compatible; Baiduspider/2.0; +http://www.baidu.com/search/spider.html)"
66.249.79.143 - - [29/Jul/2016:13:31:25 +0000] "GET /men-fashion/clothing/suitings-and-shirtings HTTP/1.1" 200 26734 "-" "Mozilla/5.0 (compatible; Googlebot/2.1; +http://www.google.com/bot.html)"
180.76.15.10 - - [29/Jul/2016:13:31:28 +0000] "GET /index.php?route=product/category&path=199&sort=p.price&order=DESC&limit=100 HTTP/1.1" 200 645467 "-" "Mozilla/5.0 (compatible; Baiduspider/2.0; +http://www.baidu.com/search/spider.html)"
180.76.15.11 - - [29/Jul/2016:13:31:34 +0000] "GET /men-fashion/clothing/fcuk-lining-round-neck-t-shirt-blue-green.html?tag=Blue&sort=p.price&order=DESC&page=3&limit=25 HTTP/1.1" 200 302265 "-" "Mozilla/5.0 (compatible; Baiduspider/2.0; +http://www.baidu.com/search/spider.html)"
180.76.15.19 - - [29/Jul/2016:13:31:41 +0000] "GET /index.php?route=product/category&path=148_163_170&sort=p.model&order=DESC HTTP/1.1" 200 296707 "-" "Mozilla/5.0 (compatible; Baiduspider/2.0; +http://www.baidu.com/search/spider.html)"
180.76.15.23 - - [29/Jul/2016:13:31:47 +0000] "GET /index.php?route=module/oclayerednavigation/category&path=459&sort=rating&order=ASC&limit=50&page=2 HTTP/1.1" 200 245748 "-" "Mozilla/5.0 (compatible; Baiduspider/2.0; +http://www.baidu.com/search/spider.html)"
66.249.66.143 - - [29/Jul/2016:13:31:53 +0000] "GET /men-fashion/watches/analog-digital-watches HTTP/1.1" 200 29443 "-" "Mozilla/5.0 (compatible; Googlebot/2.1; +http://www.google.com/bot.html)"
180.76.15.162 - - [29/Jul/2016:13:31:54 +0000] "GET /men-fashion/clothing/superdry-lining-t-shirt-red-blue.html?tag=Lining&sort=p.model&order=ASC&limit=50 HTTP/1.1" 200 318362 "-" "Mozilla/5.0 (compatible; Baiduspider/2.0; +http://www.baidu.com/search/spider.html)"
180.76.15.139 - - [29/Jul/2016:13:32:00 +0000] "GET /men-fashion/watches/analog-watches/sonata-1141yl10-analog-watch-for-men.html?tag=Sonata&sort=pd.name&order=ASC&limit=100 HTTP/1.1" 200 295109 "-" "Mozilla/5.0 (compatible; Baiduspider/2.0; +http://www.baidu.com/search/spider.html)"
180.76.15.8 - - [29/Jul/2016:13:32:05 +0000] "GET /index.php?route=product/category&path=191_232&sort=p.price&order=ASC&limit=50 HTTP/1.1" 200 397707 "-" "Mozilla/5.0 (compatible; Baiduspider/2.0; +http://www.baidu.com/search/spider.html)"
117.241.102.170 - - [29/Jul/2016:13:32:11 +0000] "GET /admin/index.php?route=module/selfibook&token=baac128b9f6ee854adc933e1b067c510 HTTP/1.1" 301 314 "http://localhost/bazaarmantra.com/admin/index.php?route=module/selfibook&token=25b3e3e793cfc62016a16b47c89fff82&liketotal=10" "Mozilla/5.0 (Windows NT 6.1) AppleWebKit/537.36 (KHTML, like Gecko) Chrome/51.0.2704.106 Safari/537.36"
117.241.102.170 - - [29/Jul/2016:13:32:12 +0000] "GET /admin/index.php?route=module/selfibook&token=baac128b9f6ee854adc933e1b067c510 HTTP/1.1" 200 1066 "http://localhost/bazaarmantra.com/admin/index.php?route=module/selfibook&token=25b3e3e793cfc62016a16b47c89fff82&liketotal=10" "Mozilla/5.0 (Windows NT 6.1) AppleWebKit/537.36 (KHTML, like Gecko) Chrome/51.0.2704.106 Safari/537.36"
180.76.15.18 - - [29/Jul/2016:13:32:13 +0000] "GET /index.php?route=product/category&path=191_439&sort=p.model&order=DESC&limit=25 HTTP/1.1" 200 271807 "-" "Mozilla/5.0 (compatible; Baiduspider/2.0; +http://www.baidu.com/search/spider.html)"
117.241.102.170 - - [29/Jul/2016:13:32:14 +0000] "GET /admin/view/javascript/font-awesome/fonts/fontawesome-webfont.ttf?v=4.2.0 HTTP/1.1" 200 65581 "https://www.bazaarmantra.com/admin/view/javascript/font-awesome/css/font-awesome.min.css" "Mozilla/5.0 (Windows NT 6.1) AppleWebKit/537.36 (KHTML, like Gecko) Chrome/51.0.2704.106 Safari/537.36"
117.241.102.170 - - [29/Jul/2016:13:32:15 +0000] "GET /favicon.ico HTTP/1.1" 404 13858 "https://bazaarmantra.com/admin/index.php?route=module/selfibook&token=baac128b9f6ee854adc933e1b067c510" "Mozilla/5.0 (Windows NT 6.1) AppleWebKit/537.36 (KHTML, like Gecko) Chrome/51.0.2704.106 Safari/537.36"
66.249.79.143 - - [29/Jul/2016:13:32:19 +0000] "GET /account/register HTTP/1.1" 200 30388 "-" "Mozilla/5.0 (compatible; Googlebot/2.1; +http://www.google.com/bot.html)"
180.76.15.144 - - [29/Jul/2016:13:32:19 +0000] "GET /index.php?route=product/category&path=191&sort=p.price&order=ASC&limit=75 HTTP/1.1" 200 557621 "-" "Mozilla/5.0 (compatible; Baiduspider/2.0; +http://www.baidu.com/search/spider.html)"
180.76.15.149 - - [29/Jul/2016:13:32:24 +0000] "GET /index.php?route=product/category&path=421&sort=p.sort_order&order=ASC&limit=100 HTTP/1.1" 200 284674 "-" "Mozilla/5.0 (compatible; Baiduspider/2.0; +http://www.baidu.com/search/spider.html)"
117.241.102.170 - - [29/Jul/2016:13:32:32 +0000] "POST /admin/index.php?route=common/login HTTP/1.1" 302 - "https://bazaarmantra.com/admin/index.php?route=module/selfibook&token=baac128b9f6ee854adc933e1b067c510" "Mozilla/5.0 (Windows NT 6.1) AppleWebKit/537.36 (KHTML, like Gecko) Chrome/51.0.2704.106 Safari/537.36"
117.241.102.170 - - [29/Jul/2016:13:32:32 +0000] "GET /admin/index.php?route=module/selfibook&token=bf2249026b50e69a3f7067a5c57d9f1f HTTP/1.1" 200 5851 "https://bazaarmantra.com/admin/index.php?route=module/selfibook&token=baac128b9f6ee854adc933e1b067c510" "Mozilla/5.0 (Windows NT 6.1) AppleWebKit/537.36 (KHTML, like Gecko) Chrome/51.0.2704.106 Safari/537.36"
180.76.15.26 - - [29/Jul/2016:13:32:32 +0000] "GET /men-fashion/accessories/sonata-7023ym01-analog-watch-for-men?tag=Fashion&page=12&limit=50 HTTP/1.1" 200 292302 "-" "Mozilla/5.0 (compatible; Baiduspider/2.0; +http://www.baidu.com/search/spider.html)"
117.241.102.170 - - [29/Jul/2016:13:32:34 +0000] "GET /selfibook/selfi578606c12ad8d.jpg HTTP/1.1" 206 1 "https://www.bazaarmantra.com/admin/index.php?route=module/selfibook&token=bf2249026b50e69a3f7067a5c57d9f1f" "Mozilla/5.0 (Windows NT 6.1) AppleWebKit/537.36 (KHTML, like Gecko) Chrome/51.0.2704.106 Safari/537.36"
117.241.102.170 - - [29/Jul/2016:13:32:33 +0000] "GET /selfibook/ HTTP/1.1" 404 13857 "https://www.bazaarmantra.com/admin/index.php?route=module/selfibook&token=bf2249026b50e69a3f7067a5c57d9f1f" "Mozilla/5.0 (Windows NT 6.1) AppleWebKit/537.36 (KHTML, like Gecko) Chrome/51.0.2704.106 Safari/537.36"
117.241.102.170 - - [29/Jul/2016:13:32:34 +0000] "GET /selfibook/selfi57835057af818.jpg HTTP/1.1" 206 1 "https://www.bazaarmantra.com/admin/index.php?route=module/selfibook&token=bf2249026b50e69a3f7067a5c57d9f1f" "Mozilla/5.0 (Windows NT 6.1) AppleWebKit/537.36 (KHTML, like Gecko) Chrome/51.0.2704.106 Safari/537.36"
117.241.102.170 - - [29/Jul/2016:13:32:34 +0000] "GET /selfibook/selfi57834ee3171b3.jpg HTTP/1.1" 206 1 "https://www.bazaarmantra.com/admin/index.php?route=module/selfibook&token=bf2249026b50e69a3f7067a5c57d9f1f" "Mozilla/5.0 (Windows NT 6.1) AppleWebKit/537.36 (KHTML, like Gecko) Chrome/51.0.2704.106 Safari/537.36"
117.241.102.170 - - [29/Jul/2016:13:32:34 +0000] "GET /selfibook/selfi5780aecfb6ee0.jpg HTTP/1.1" 206 1 "https://www.bazaarmantra.com/admin/index.php?route=module/selfibook&token=bf2249026b50e69a3f7067a5c57d9f1f" "Mozilla/5.0 (Windows NT 6.1) AppleWebKit/537.36 (KHTML, like Gecko) Chrome/51.0.2704.106 Safari/537.36"
117.241.102.170 - - [29/Jul/2016:13:32:34 +0000] "GET /selfibook/selfi5780af510a37c.jpg HTTP/1.1" 206 1 "https://www.bazaarmantra.com/admin/index.php?route=module/selfibook&token=bf2249026b50e69a3f7067a5c57d9f1f" "Mozilla/5.0 (Windows NT 6.1) AppleWebKit/537.36 (KHTML, like Gecko) Chrome/51.0.2704.106 Safari/537.36"
117.241.102.170 - - [29/Jul/2016:13:32:35 +0000] "GET /selfibook/selfi578606c12ad8d.jpg HTTP/1.1" 206 68474 "https://www.bazaarmantra.com/admin/index.php?route=module/selfibook&token=bf2249026b50e69a3f7067a5c57d9f1f" "Mozilla/5.0 (Windows NT 6.1) AppleWebKit/537.36 (KHTML, like Gecko) Chrome/51.0.2704.106 Safari/537.36"
180.76.15.26 - - [29/Jul/2016:13:32:37 +0000] "GET /men-fashion/clothing/sportswear/g-star-raw-black-track-pant.html?sort=pd.name&order=DESC&page=14&limit=50 HTTP/1.1" 200 310826 "-" "Mozilla/5.0 (compatible; Baiduspider/2.0; +http://www.baidu.com/search/spider.html)"
180.76.15.11 - - [29/Jul/2016:13:32:43 +0000] "GET /men-fashion/accessories/fastrack-748pp02-analog-watch-for-men.html?tag=Men&sort=pd.name&order=ASC&page=2&limit=75 HTTP/1.1" 200 288992 "-" "Mozilla/5.0 (compatible; Baiduspider/2.0; +http://www.baidu.com/search/spider.html)"
180.76.15.9 - - [29/Jul/2016:13:32:50 +0000] "GET /men-fashion/clothing/adidas-printed-round-neck-t-shirt-white.html?tag=Fashion&sort=p.sort_order&order=ASC&limit=100 HTTP/1.1" 200 312960 "-" "Mozilla/5.0 (compatible; Baiduspider/2.0; +http://www.baidu.com/search/spider.html)"
180.76.15.161 - - [29/Jul/2016:13:32:56 +0000] "GET /module/oclayerednavigation/category?path=148_171_173&sort=pd.name&order=ASC&page=10 HTTP/1.1" 200 110764 "-" "Mozilla/5.0 (compatible; Baiduspider/2.0; +http://www.baidu.com/search/spider.html)"
180.76.15.151 - - [29/Jul/2016:13:33:03 +0000] "GET /c,594,appetite-control/p,1439,now-omega-3-100-softgel.html?tag=Gel&sort=p.sort_order&order=ASC&limit=25 HTTP/1.1" 404 266857 "-" "Mozilla/5.0 (compatible; Baiduspider/2.0; +http://www.baidu.com/search/spider.html)"
180.76.15.161 - - [29/Jul/2016:13:33:09 +0000] "GET /ajanta-2297-designer-sweep-second-wall-clock%20?tag=Kit&sort=p.sort_order&order=ASC&limit=75 HTTP/1.1" 404 85402 "-" "Mozilla/5.0 (compatible; Baiduspider/2.0; +http://www.baidu.com/search/spider.html)"
117.241.102.170 - - [29/Jul/2016:13:32:35 +0000] "GET /selfibook/selfi5780af510a37c.jpg HTTP/1.1" 206 637760 "https://www.bazaarmantra.com/admin/index.php?route=module/selfibook&token=bf2249026b50e69a3f7067a5c57d9f1f" "Mozilla/5.0 (Windows NT 6.1) AppleWebKit/537.36 (KHTML, like Gecko) Chrome/51.0.2704.106 Safari/537.36"
66.249.79.143 - - [29/Jul/2016:13:33:13 +0000] "GET /men-fashion/clothing/ethnic-wear-419 HTTP/1.1" 200 25450 "-" "Mozilla/5.0 (compatible; Googlebot/2.1; +http://www.google.com/bot.html)"
180.76.15.150 - - [29/Jul/2016:13:33:15 +0000] "GET /ajanta-1857-lx-designer-sweep-second-wall-clock%20?tag=Kit&sort=pd.name&order=ASC&limit=25 HTTP/1.1" 404 85401 "-" "Mozilla/5.0 (compatible; Baiduspider/2.0; +http://www.baidu.com/search/spider.html)"
180.76.15.33 - - [29/Jul/2016:13:33:22 +0000] "GET /men-fashion/clothing/aj-printed-pink-t-shirt.html?tag=Men&sort=p.model&order=ASC&page=1&limit=100 HTTP/1.1" 200 304912 "-" "Mozilla/5.0 (compatible; Baiduspider/2.0; +http://www.baidu.com/search/spider.html)"
180.76.15.11 - - [29/Jul/2016:13:33:28 +0000] "GET /men-fashion/clothing/casual-shirts/fc-blue-casual-full-shirt.html?tag=Blue&sort=pd.name&order=DESC&page=2&limit=50 HTTP/1.1" 200 305264 "-" "Mozilla/5.0 (compatible; Baiduspider/2.0; +http://www.baidu.com/search/spider.html)"
66.249.79.143 - - [29/Jul/2016:13:33:28 +0000] "GET /home-and-kitchen/c,385_386,home-decor,clocks/ajanta-257-plain-musical-wall-clock%20?sort=p.sort_order&order=ASC&limit=100 HTTP/1.1" 404 13998 "-" "Mozilla/5.0 (compatible; Googlebot/2.1; +http://www.google.com/bot.html)"
117.241.102.170 - - [29/Jul/2016:13:32:35 +0000] "GET /selfibook/selfi57835057af818.jpg HTTP/1.1" 206 711972 "https://www.bazaarmantra.com/admin/index.php?route=module/selfibook&token=bf2249026b50e69a3f7067a5c57d9f1f" "Mozilla/5.0 (Windows NT 6.1) AppleWebKit/537.36 (KHTML, like Gecko) Chrome/51.0.2704.106 Safari/537.36"
180.76.15.29 - - [29/Jul/2016:13:33:33 +0000] "GET /ajanta-597-fancy-wall-clock%20?tag=Fancy&sort=rating&order=DESC&limit=15 HTTP/1.1" 404 85345 "-" "Mozilla/5.0 (compatible; Baiduspider/2.0; +http://www.baidu.com/search/spider.html)"
117.241.102.170 - - [29/Jul/2016:13:32:35 +0000] "GET /selfibook/selfi5780aecfb6ee0.jpg HTTP/1.1" 206 490791 "https://www.bazaarmantra.com/admin/index.php?route=module/selfibook&token=bf2249026b50e69a3f7067a5c57d9f1f" "Mozilla/5.0 (Windows NT 6.1) AppleWebKit/537.36 (KHTML, like Gecko) Chrome/51.0.2704.106 Safari/537.36"
117.241.102.170 - - [29/Jul/2016:13:32:35 +0000] "GET /selfibook/selfi57834ee3171b3.jpg HTTP/1.1" 206 1071000 "https://www.bazaarmantra.com/admin/index.php?route=module/selfibook&token=bf2249026b50e69a3f7067a5c57d9f1f" "Mozilla/5.0 (Windows NT 6.1) AppleWebKit/537.36 (KHTML, like Gecko) Chrome/51.0.2704.106 Safari/537.36"
180.76.15.17 - - [29/Jul/2016:13:33:41 +0000] "GET /men-fashion/bags-and-luggage/laptop-bags-and-sleeves/zakara-crete-leather-satchel-bag-zb-pb-06.html?tag=Bag&sort=p.model&order=ASC&page=1&limit=15 HTTP/1.1" 200 298164 "-" "Mozilla/5.0 (compatible; Baiduspider/2.0; +http://www.baidu.com/search/spider.html)"
117.241.102.170 - - [29/Jul/2016:13:33:43 +0000] "GET /favicon.ico HTTP/1.1" 404 13858 "https://www.bazaarmantra.com/admin/index.php?route=module/selfibook&token=bf2249026b50e69a3f7067a5c57d9f1f" "Mozilla/5.0 (Windows NT 6.1) AppleWebKit/537.36 (KHTML, like Gecko) Chrome/51.0.2704.106 Safari/537.36"
180.76.15.150 - - [29/Jul/2016:13:33:46 +0000] "GET /module/oclayerednavigation/category?path=191_204&sort=rating&order=DESC&page=2 HTTP/1.1" 200 82671 "-" "Mozilla/5.0 (compatible; Baiduspider/2.0; +http://www.baidu.com/search/spider.html)"
180.76.15.136 - - [29/Jul/2016:13:33:52 +0000] "GET /index.php?route=product/category&path=237&sort=p.model&order=ASC HTTP/1.1" 200 279015 "-" "Mozilla/5.0 (compatible; Baiduspider/2.0; +http://www.baidu.com/search/spider.html)"
180.76.15.33 - - [29/Jul/2016:13:34:00 +0000] "GET /blackberry?limit=15 HTTP/1.1" 200 237407 "-" "Mozilla/5.0 (compatible; Baiduspider/2.0; +http://www.baidu.com/search/spider.html)"
180.76.15.30 - - [29/Jul/2016:13:34:05 +0000] "GET /index.php?route=product/category&path=125&limit=50 HTTP/1.1" 200 702520 "-" "Mozilla/5.0 (compatible; Baiduspider/2.0; +http://www.baidu.com/search/spider.html)"
66.249.79.143 - - [29/Jul/2016:13:34:07 +0000] "GET /men-fashion/watches/analog-digital-watches HTTP/1.1" 200 29443 "-" "Mozilla/5.0 (compatible; Googlebot/2.1; +http://www.google.com/bot.html)"
180.76.15.155 - - [29/Jul/2016:13:34:13 +0000] "GET /index.php?route=product/category&path=148&sort=pd.name&order=ASC&limit=50 HTTP/1.1" 200 450171 "-" "Mozilla/5.0 (compatible; Baiduspider/2.0; +http://www.baidu.com/search/spider.html)"
180.76.15.162 - - [29/Jul/2016:13:34:18 +0000] "GET /men-fashion/clothing/jeans/g-star-raw-slim-fit-men-s-jeans.html?tag=Jeans&limit=100 HTTP/1.1" 404 85456 "-" "Mozilla/5.0 (compatible; Baiduspider/2.0; +http://www.baidu.com/search/spider.html)"
180.76.15.150 - - [29/Jul/2016:13:34:24 +0000] "GET /index.php?route=module/oclayerednavigation/category&path=199&sort=ps.price&order=DESC&limit=50&page=3 HTTP/1.1" 200 236019 "-" "Mozilla/5.0 (compatible; Baiduspider/2.0; +http://www.baidu.com/search/spider.html)"
180.76.15.34 - - [29/Jul/2016:13:34:31 +0000] "GET /men-fashion/clothing/adidas-star-round-neck-t-shirt-orange.html?limit=15 HTTP/1.1" 301 305 "-" "Mozilla/5.0 (compatible; Baiduspider/2.0; +http://www.baidu.com/search/spider.html)"
180.76.15.147 - - [29/Jul/2016:13:34:37 +0000] "GET /ajanta-597-fancy-wall-clock%20?tag=Fan&sort=p.model&order=ASC HTTP/1.1" 404 85323 "-" "Mozilla/5.0 (compatible; Baiduspider/2.0; +http://www.baidu.com/search/spider.html)"
180.76.15.25 - - [29/Jul/2016:13:34:43 +0000] "GET /men-fashion/watches/analog-watches/sonata-77029pp02j-superfibre-ocean-iii-analog-watch-for-men.html?tag=Sona&sort=p.price&order=ASC&page=2&limit=50 HTTP/1.1" 200 292576 "-" "Mozilla/5.0 (compatible; Baiduspider/2.0; +http://www.baidu.com/search/spider.html)"
180.76.15.136 - - [29/Jul/2016:13:34:50 +0000] "GET /index.php?route=module/oclayerednavigation/category&path=148&sort=p.price&order=DESC&limit=75&page=3 HTTP/1.1" 301 353 "-" "Mozilla/5.0 (compatible; Baiduspider/2.0; +http://www.baidu.com/search/spider.html)"
180.76.15.23 - - [29/Jul/2016:13:34:56 +0000] "GET /men-fashion/clothing/united-colors-of-benetton-men-grey-printed-t-shirt.html?tag=Print&sort=rating&order=DESC&limit=15 HTTP/1.1" 200 299875 "-" "Mozilla/5.0 (compatible; Baiduspider/2.0; +http://www.baidu.com/search/spider.html)"
66.249.79.143 - - [29/Jul/2016:13:35:01 +0000] "GET /men-fashion/accessories/sonata-77029pp03j-ocean-III-superfibre-analog-watch-for-men HTTP/1.1" 200 38070 "-" "Mozilla/5.0 (compatible; Googlebot/2.1; +http://www.google.com/bot.html)"
180.76.15.147 - - [29/Jul/2016:13:35:03 +0000] "GET /ajanta-1267-simple-wall-clock?tag=Wall&sort=pd.name&order=ASC&limit=100 HTTP/1.1" 404 85348 "-" "Mozilla/5.0 (compatible; Baiduspider/2.0; +http://www.baidu.com/search/spider.html)"
180.76.15.148 - - [29/Jul/2016:13:35:09 +0000] "GET /men-fashion/accessories/fastrack-3001sl01-basic-analog-watch-for-men.html?tag=Basic&sort=p.price&order=ASC&limit=100 HTTP/1.1" 200 300653 "-" "Mozilla/5.0 (compatible; Baiduspider/2.0; +http://www.baidu.com/search/spider.html)"
180.76.15.147 - - [29/Jul/2016:13:35:14 +0000] "GET /dell-inspiron-n3542-laptop-15-6-inch-hd-os-ubuntu-blue-html?tag=Electronics&sort=p.price&order=DESC&limit=100 HTTP/1.1" 404 85454 "-" "Mozilla/5.0 (compatible; Baiduspider/2.0; +http://www.baidu.com/search/spider.html)"
180.76.15.157 - - [29/Jul/2016:13:35:22 +0000] "GET /ajanta-2387-designer-sweep-second-wall-clock%20?tag=Kit&sort=p.sort_order&order=ASC&limit=50 HTTP/1.1" 404 85402 "-" "Mozilla/5.0 (compatible; Baiduspider/2.0; +http://www.baidu.com/search/spider.html)"
180.76.15.158 - - [29/Jul/2016:13:35:27 +0000] "GET /index.php?route=module/oclayerednavigation/category&path=150&sort=pd.name&order=ASC&limit=25&page=3 HTTP/1.1" 200 130724 "-" "Mozilla/5.0 (compatible; Baiduspider/2.0; +http://www.baidu.com/search/spider.html)"
180.76.15.8 - - [29/Jul/2016:13:35:33 +0000] "GET /index.php?route=product/category&path=148_176&sort=ps.price&order=ASC&limit=100 HTTP/1.1" 200 502081 "-" "Mozilla/5.0 (compatible; Baiduspider/2.0; +http://www.baidu.com/search/spider.html)"
180.76.15.146 - - [29/Jul/2016:13:35:40 +0000] "GET /mobile-and-accessories/mobiles/smart-phones/apple-iphone-5-silver-32-gb.html?tag=One&sort=p.price&order=DESC&limit=50 HTTP/1.1" 200 315960 "-" "Mozilla/5.0 (compatible; Baiduspider/2.0; +http://www.baidu.com/search/spider.html)"
180.76.15.137 - - [29/Jul/2016:13:35:46 +0000] "GET /men-fashion/accessories/wallets/zakara-vintage-genuine-leather-mens-wallet-zb-lw-04.html?tag=Bags&sort=p.price&order=ASC&page=1&limit=15 HTTP/1.1" 200 297087 "-" "Mozilla/5.0 (compatible; Baiduspider/2.0; +http://www.baidu.com/search/spider.html)"
180.76.15.19 - - [29/Jul/2016:13:35:52 +0000] "GET /ajanta-1927-musical-pendulum-wall-clock%20?tag=Ajanta&sort=rating&order=ASC&limit=100 HTTP/1.1" 404 85383 "-" "Mozilla/5.0 (compatible; Baiduspider/2.0; +http://www.baidu.com/search/spider.html)"
66.249.79.143 - - [29/Jul/2016:13:35:55 +0000] "GET /mobile-and-accessories/mobiles/smart-phones/samsung-galaxy-j7-black-16-gb.html HTTP/1.1" 200 39769 "-" "Mozilla/5.0 (compatible; Googlebot/2.1; +http://www.google.com/bot.html)"
180.76.15.136 - - [29/Jul/2016:13:35:59 +0000] "GET /blackberry?limit=25 HTTP/1.1" 200 237407 "-" "Mozilla/5.0 (compatible; Baiduspider/2.0; +http://www.baidu.com/search/spider.html)"
180.76.15.151 - - [29/Jul/2016:13:36:05 +0000] "GET /men-fashion/clothing/fcuk-lining-round-neck-t-shirt-pink.html?tag=T-shirt&sort=p.price&order=DESC&limit=50 HTTP/1.1" 200 309059 "-" "Mozilla/5.0 (compatible; Baiduspider/2.0; +http://www.baidu.com/search/spider.html)"
180.76.15.158 - - [29/Jul/2016:13:36:12 +0000] "GET /module/oclayerednavigation/category?path=191_232_234&sort=p.price&order=ASC&limit=15&page=2 HTTP/1.1" 200 108003 "-" "Mozilla/5.0 (compatible; Baiduspider/2.0; +http://www.baidu.com/search/spider.html)"
66.249.79.143 - - [29/Jul/2016:13:36:17 +0000] "GET / HTTP/1.1" 200 26962 "-" "Mozilla/5.0 (Linux; Android 6.0.1; Nexus 5X Build/MMB29P) AppleWebKit/537.36 (KHTML, like Gecko) Chrome/41.0.2272.96 Mobile Safari/537.36 (compatible; Googlebot/2.1; +http://www.google.com/bot.html)"
180.76.15.31 - - [29/Jul/2016:13:36:18 +0000] "GET /ajanta-1247-simple-wall-clock?tag=Clock&sort=p.sort_order&order=ASC&limit=75 HTTP/1.1" 404 85358 "-" "Mozilla/5.0 (compatible; Baiduspider/2.0; +http://www.baidu.com/search/spider.html)"
66.249.79.143 - - [29/Jul/2016:13:36:21 +0000] "GET /sports-and-health/cricket/gloves/sf-platinum-batting-gloves?page=9 HTTP/1.1" 200 35656 "-" "Mozilla/5.0 (compatible; Googlebot/2.1; +http://www.google.com/bot.html)"
180.76.15.159 - - [29/Jul/2016:13:36:24 +0000] "GET /men-fashion/watches/analog-watches/sonata-7106qm01-analog-watch-for-men.html?tag=Watches&sort=rating&order=DESC&limit=100 HTTP/1.1" 200 295848 "-" "Mozilla/5.0 (compatible; Baiduspider/2.0; +http://www.baidu.com/search/spider.html)"
180.76.15.33 - - [29/Jul/2016:13:36:31 +0000] "GET /ajanta-8187-wooden-sweep-second-wall-clock%20?tag=Kit&sort=p.price&order=DESC&limit=75 HTTP/1.1" 404 85388 "-" "Mozilla/5.0 (compatible; Baiduspider/2.0; +http://www.baidu.com/search/spider.html)"
180.76.15.159 - - [29/Jul/2016:13:36:37 +0000] "GET /electronics/kitchen-appliances/mixer-juicer-grinders/%20philips-hl-1632-500-w-juicer-mixer-grinder?tag=Jars)&limit=15 HTTP/1.1" 404 85507 "-" "Mozilla/5.0 (compatible; Baiduspider/2.0; +http://www.baidu.com/search/spider.html)"
