180.76.15.136 - - [29/Jul/2016:13:50:15 +0000] "GET /electronics/home-appliances/air-purifiers/philips-ac-4072-11-floor%20?tag=AC4072%2F11&limit=25 HTTP/1.1" 301 331 "-" "Mozilla/5.0 (compatible; Baiduspider/2.0; +http://www.baidu.com/search/spider.html)"
180.76.15.149 - - [29/Jul/2016:13:50:21 +0000] "GET /ajanta-2097-fancy-wall-clock%20?tag=Kit&sort=rating&order=ASC&limit=15 HTTP/1.1" 404 85342 "-" "Mozilla/5.0 (compatible; Baiduspider/2.0; +http://www.baidu.com/search/spider.html)"
66.249.79.143 - - [29/Jul/2016:13:50:21 +0000] "GET /index.php?route=product/category&path=191_192_310 HTTP/1.1" 200 25453 "-" "Mozilla/5.0 (compatible; Googlebot/2.1; +http://www.google.com/bot.html)"
180.76.15.13 - - [29/Jul/2016:13:50:27 +0000] "GET /home-and-kitchen/c,364_366,home-furnishings,curtains/punto-window-curtain%20?tag=Win&limit=100 HTTP/1.1" 404 85469 "-" "Mozilla/5.0 (compatible; Baiduspider/2.0; +http://www.baidu.com/search/spider.html)"
180.76.15.152 - - [29/Jul/2016:13:50:34 +0000] "GET /index.php?route=product/category&path=138&sort=pd.name&order=DESC&limit=25 HTTP/1.1" 200 249695 "-" "Mozilla/5.0 (compatible; Baiduspider/2.0; +http://www.baidu.com/search/spider.html)"
180.76.15.7 - - [29/Jul/2016:13:50:40 +0000] "GET /module/oclayerednavigation/category?path=141_142&sort=p.model&order=DESC&limit=15&page=2 HTTP/1.1" 200 26 "-" "Mozilla/5.0 (compatible; Baiduspider/2.0; +http://www.baidu.com/search/spider.html)"
180.76.15.29 - - [29/Jul/2016:13:50:46 +0000] "GET /men-fashion/clothing/superdry-printed-t-shirt-sky-blue.html?tag=Print&sort=p.price&order=DESC&limit=15 HTTP/1.1" 200 300985 "-" "Mozilla/5.0 (compatible; Baiduspider/2.0; +http://www.baidu.com/search/spider.html)"
66.249.79.143 - - [29/Jul/2016:13:50:47 +0000] "GET /home-and-kitchen/c,385_386,home-decor,clocks/ajanta-487-dx-designer-sweep-second-wall-clock%20?sort=p.model&order=ASC&limit=100 HTTP/1.1" 404 14008 "-" "Mozilla/5.0 (compatible; Googlebot/2.1; +http://www.google.com/bot.html)"
180.76.15.157 - - [29/Jul/2016:13:50:53 +0000] "GET /home-and-kitchen/c,385_386,home-decor,clocks/ajanta-1167-simple-wall-clock?tag=Home&sort=rating&order=DESC&limit=100 HTTP/1.1" 404 85517 "-" "Mozilla/5.0 (compatible; Baiduspider/2.0; +http://www.baidu.com/search/spider.html)"
180.76.15.28 - - [29/Jul/2016:13:50:59 +0000] "GET /index.php?route=module/oclayerednavigation/category&path=199_200_461&sort=rating&order=ASC&limit=15&page=2 HTTP/1.1" 200 87720 "-" "Mozilla/5.0 (compatible; Baiduspider/2.0; +http://www.baidu.com/search/spider.html)"
180.76.15.33 - - [29/Jul/2016:13:51:06 +0000] "GET /index.php?route=module/oclayerednavigation/category&path=171&sort=p.price&order=ASC&limit=25&page=3 HTTP/1.1" 200 139512 "-" "Mozilla/5.0 (compatible; Baiduspider/2.0; +http://www.baidu.com/search/spider.html)"
180.76.15.160 - - [29/Jul/2016:13:51:12 +0000] "GET /index.php?route=product/category&path=191_192_198 HTTP/1.1" 200 225891 "-" "Mozilla/5.0 (compatible; Baiduspider/2.0; +http://www.baidu.com/search/spider.html)"
66.249.79.143 - - [29/Jul/2016:13:51:16 +0000] "GET /women-fashion/lingerie-and-sleepwear/panties HTTP/1.1" 200 25459 "-" "Mozilla/5.0 (compatible; Googlebot/2.1; +http://www.google.com/bot.html)"
180.76.15.9 - - [29/Jul/2016:13:51:17 +0000] "GET /module/oclayerednavigation/category?path=148_171_173&sort=p.price&order=DESC&page=10 HTTP/1.1" 200 107832 "-" "Mozilla/5.0 (compatible; Baiduspider/2.0; +http://www.baidu.com/search/spider.html)"
117.241.102.170 - - [29/Jul/2016:13:51:18 +0000] "GET /module/selfibook HTTP/1.1" 200 18391 "-" "Mozilla/5.0 (Windows NT 6.1) AppleWebKit/537.36 (KHTML, like Gecko) Chrome/51.0.2704.106 Safari/537.36"
117.241.102.170 - - [29/Jul/2016:13:51:19 +0000] "GET /catalog/view/javascript/bootstrap/js/bootstrap.min.js HTTP/1.1" 200 9407 "https://bazaarmantra.com/module/selfibook" "Mozilla/5.0 (Windows NT 6.1) AppleWebKit/537.36 (KHTML, like Gecko) Chrome/51.0.2704.106 Safari/537.36"
117.241.102.170 - - [29/Jul/2016:13:51:19 +0000] "GET /catalog/view/javascript/jquery/owl-carousel/owl.carousel.min.js HTTP/1.1" 200 6450 "https://bazaarmantra.com/module/selfibook" "Mozilla/5.0 (Windows NT 6.1) AppleWebKit/537.36 (KHTML, like Gecko) Chrome/51.0.2704.106 Safari/537.36"
117.241.102.170 - - [29/Jul/2016:13:51:19 +0000] "GET /catalog/view/javascript/bootstrap/css/bootstrap.min.css HTTP/1.1" 200 19230 "https://bazaarmantra.com/module/selfibook" "Mozilla/5.0 (Windows NT 6.1) AppleWebKit/537.36 (KHTML, like Gecko) Chrome/51.0.2704.106 Safari/537.36"
117.241.102.170 - - [29/Jul/2016:13:51:20 +0000] "GET /catalog/view/javascript/font-awesome/css/font-awesome.min.css HTTP/1.1" 200 6243 "https://bazaarmantra.com/module/selfibook" "Mozilla/5.0 (Windows NT 6.1) AppleWebKit/537.36 (KHTML, like Gecko) Chrome/51.0.2704.106 Safari/537.36"
117.241.102.170 - - [29/Jul/2016:13:51:19 +0000] "GET /catalog/view/javascript/jquery/jquery-2.1.1.min.js HTTP/1.1" 200 29497 "https://bazaarmantra.com/module/selfibook" "Mozilla/5.0 (Windows NT 6.1) AppleWebKit/537.36 (KHTML, like Gecko) Chrome/51.0.2704.106 Safari/537.36"
117.241.102.170 - - [29/Jul/2016:13:51:19 +0000] "GET /catalog/view/javascript/jquery/jquery-ui.js HTTP/1.1" 200 71969 "https://bazaarmantra.com/module/selfibook" "Mozilla/5.0 (Windows NT 6.1) AppleWebKit/537.36 (KHTML, like Gecko) Chrome/51.0.2704.106 Safari/537.36"
117.241.102.170 - - [29/Jul/2016:13:51:20 +0000] "GET /catalog/view/theme/bm_new/stylesheet/stylesheet.css HTTP/1.1" 200 14202 "https://bazaarmantra.com/module/selfibook" "Mozilla/5.0 (Windows NT 6.1) AppleWebKit/537.36 (KHTML, like Gecko) Chrome/51.0.2704.106 Safari/537.36"
117.241.102.170 - - [29/Jul/2016:13:51:20 +0000] "GET /catalog/view/theme/bm_new/stylesheet/stylesheet1.css HTTP/1.1" 200 3720 "https://bazaarmantra.com/module/selfibook" "Mozilla/5.0 (Windows NT 6.1) AppleWebKit/537.36 (KHTML, like Gecko) Chrome/51.0.2704.106 Safari/537.36"
117.241.102.170 - - [29/Jul/2016:13:51:20 +0000] "GET /catalog/view/theme/bm_new/stylesheet/opentheme/css/animate.css HTTP/1.1" 200 3700 "https://bazaarmantra.com/module/selfibook" "Mozilla/5.0 (Windows NT 6.1) AppleWebKit/537.36 (KHTML, like Gecko) Chrome/51.0.2704.106 Safari/537.36"
117.241.102.170 - - [29/Jul/2016:13:51:21 +0000] "GET /catalog/view/javascript/jquery.countdown.css HTTP/1.1" 200 - "https://bazaarmantra.com/module/selfibook" "Mozilla/5.0 (Windows NT 6.1) AppleWebKit/537.36 (KHTML, like Gecko) Chrome/51.0.2704.106 Safari/537.36"
117.241.102.170 - - [29/Jul/2016:13:51:21 +0000] "GET /catalog/view/javascript/jquery/css/jquery-ui.css HTTP/1.1" 200 8125 "https://bazaarmantra.com/module/selfibook" "Mozilla/5.0 (Windows NT 6.1) AppleWebKit/537.36 (KHTML, like Gecko) Chrome/51.0.2704.106 Safari/537.36"
117.241.102.170 - - [29/Jul/2016:13:51:21 +0000] "GET /catalog/view/theme/bm_new/stylesheet/opentheme/oclayerednavigation/css/oclayerednavigation.css HTTP/1.1" 200 1403 "https://bazaarmantra.com/module/selfibook" "Mozilla/5.0 (Windows NT 6.1) AppleWebKit/537.36 (KHTML, like Gecko) Chrome/51.0.2704.106 Safari/537.36"
117.241.102.170 - - [29/Jul/2016:13:51:21 +0000] "GET /catalog/view/theme/bm_new/stylesheet/opentheme/opcajaxlogin/css/opcajaxlogin.css HTTP/1.1" 200 839 "https://bazaarmantra.com/module/selfibook" "Mozilla/5.0 (Windows NT 6.1) AppleWebKit/537.36 (KHTML, like Gecko) Chrome/51.0.2704.106 Safari/537.36"
117.241.102.170 - - [29/Jul/2016:13:51:21 +0000] "GET /catalog/view/theme/bm_new/stylesheet/opentheme/ocquickview/css/ocquickview.css HTTP/1.1" 200 518 "https://bazaarmantra.com/module/selfibook" "Mozilla/5.0 (Windows NT 6.1) AppleWebKit/537.36 (KHTML, like Gecko) Chrome/51.0.2704.106 Safari/537.36"
117.241.102.170 - - [29/Jul/2016:13:51:21 +0000] "GET /catalog/view/theme/bm_new/stylesheet/jQuery-plugin-progressbar.css HTTP/1.1" 200 405 "https://bazaarmantra.com/module/selfibook" "Mozilla/5.0 (Windows NT 6.1) AppleWebKit/537.36 (KHTML, like Gecko) Chrome/51.0.2704.106 Safari/537.36"
117.241.102.170 - - [29/Jul/2016:13:51:22 +0000] "GET /catalog/view/theme/bm_new/stylesheet/opentheme/css/owl.carousel.css HTTP/1.1" 200 514 "https://bazaarmantra.com/module/selfibook" "Mozilla/5.0 (Windows NT 6.1) AppleWebKit/537.36 (KHTML, like Gecko) Chrome/51.0.2704.106 Safari/537.36"
117.241.102.170 - - [29/Jul/2016:13:51:22 +0000] "GET /catalog/view/theme/bm_new/fonts.css HTTP/1.1" 200 184 "https://bazaarmantra.com/module/selfibook" "Mozilla/5.0 (Windows NT 6.1) AppleWebKit/537.36 (KHTML, like Gecko) Chrome/51.0.2704.106 Safari/537.36"
117.241.102.170 - - [29/Jul/2016:13:51:22 +0000] "GET /catalog/view/theme/bm_new/stylesheet/number_slideshow.css HTTP/1.1" 200 600 "https://bazaarmantra.com/module/selfibook" "Mozilla/5.0 (Windows NT 6.1) AppleWebKit/537.36 (KHTML, like Gecko) Chrome/51.0.2704.106 Safari/537.36"
117.241.102.170 - - [29/Jul/2016:13:51:22 +0000] "GET /catalog/view/theme/bm_new/stylesheet/opentheme/hozmegamenu/css/custommenu.css HTTP/1.1" 200 1426 "https://bazaarmantra.com/module/selfibook" "Mozilla/5.0 (Windows NT 6.1) AppleWebKit/537.36 (KHTML, like Gecko) Chrome/51.0.2704.106 Safari/537.36"
117.241.102.170 - - [29/Jul/2016:13:51:22 +0000] "GET /catalog/view/theme/bm_new/stylesheet/opentheme/ocslideshow/ocslideshow.css HTTP/1.1" 200 1835 "https://bazaarmantra.com/module/selfibook" "Mozilla/5.0 (Windows NT 6.1) AppleWebKit/537.36 (KHTML, like Gecko) Chrome/51.0.2704.106 Safari/537.36"
117.241.102.170 - - [29/Jul/2016:13:51:22 +0000] "GET /catalog/view/theme/bm_new/stylesheet/opentheme/vermegamenu/css/ocsvegamenu.css HTTP/1.1" 200 975 "https://bazaarmantra.com/module/selfibook" "Mozilla/5.0 (Windows NT 6.1) AppleWebKit/537.36 (KHTML, like Gecko) Chrome/51.0.2704.106 Safari/537.36"
117.241.102.170 - - [29/Jul/2016:13:51:23 +0000] "GET /catalog/view/javascript/opentheme/hozmegamenu/custommenu.js HTTP/1.1" 200 848 "https://bazaarmantra.com/module/selfibook" "Mozilla/5.0 (Windows NT 6.1) AppleWebKit/537.36 (KHTML, like Gecko) Chrome/51.0.2704.106 Safari/537.36"
117.241.102.170 - - [29/Jul/2016:13:51:23 +0000] "GET /catalog/view/javascript/opentheme/hozmegamenu/mobile_menu.js HTTP/1.1" 200 608 "https://bazaarmantra.com/module/selfibook" "Mozilla/5.0 (Windows NT 6.1) AppleWebKit/537.36 (KHTML, like Gecko) Chrome/51.0.2704.106 Safari/537.36"
117.241.102.170 - - [29/Jul/2016:13:51:23 +0000] "GET /catalog/view/javascript/opentheme/vermegamenu/custommenu.js HTTP/1.1" 200 939 "https://bazaarmantra.com/module/selfibook" "Mozilla/5.0 (Windows NT 6.1) AppleWebKit/537.36 (KHTML, like Gecko) Chrome/51.0.2704.106 Safari/537.36"
117.241.102.170 - - [29/Jul/2016:13:51:23 +0000] "GET /catalog/view/javascript/opentheme/opcajaxlogin/opcajaxlogin.js HTTP/1.1" 200 1634 "https://bazaarmantra.com/module/selfibook" "Mozilla/5.0 (Windows NT 6.1) AppleWebKit/537.36 (KHTML, like Gecko) Chrome/51.0.2704.106 Safari/537.36"
117.241.102.170 - - [29/Jul/2016:13:51:23 +0000] "GET /catalog/view/theme/bm_new/stylesheet/parallax.js HTTP/1.1" 200 2471 "https://bazaarmantra.com/module/selfibook" "Mozilla/5.0 (Windows NT 6.1) AppleWebKit/537.36 (KHTML, like Gecko) Chrome/51.0.2704.106 Safari/537.36"
117.241.102.170 - - [29/Jul/2016:13:51:23 +0000] "GET /catalog/view/theme/bm_new/stylesheet/parallax.min.js HTTP/1.1" 200 2283 "https://bazaarmantra.com/module/selfibook" "Mozilla/5.0 (Windows NT 6.1) AppleWebKit/537.36 (KHTML, like Gecko) Chrome/51.0.2704.106 Safari/537.36"
117.241.102.170 - - [29/Jul/2016:13:51:24 +0000] "GET /catalog/view/javascript/opentheme/ocquickview/ocquickview.js HTTP/1.1" 200 888 "https://bazaarmantra.com/module/selfibook" "Mozilla/5.0 (Windows NT 6.1) AppleWebKit/537.36 (KHTML, like Gecko) Chrome/51.0.2704.106 Safari/537.36"
117.241.102.170 - - [29/Jul/2016:13:51:24 +0000] "GET /catalog/view/javascript/jQuery-plugin-progressbar.js HTTP/1.1" 200 602 "https://bazaarmantra.com/module/selfibook" "Mozilla/5.0 (Windows NT 6.1) AppleWebKit/537.36 (KHTML, like Gecko) Chrome/51.0.2704.106 Safari/537.36"
117.241.102.170 - - [29/Jul/2016:13:51:24 +0000] "GET /catalog/view/javascript/common.js HTTP/1.1" 200 3283 "https://bazaarmantra.com/module/selfibook" "Mozilla/5.0 (Windows NT 6.1) AppleWebKit/537.36 (KHTML, like Gecko) Chrome/51.0.2704.106 Safari/537.36"
117.241.102.170 - - [29/Jul/2016:13:51:24 +0000] "GET /catalog/view/javascript/js/vendor/jquery.ui.widget.js HTTP/1.1" 200 4977 "https://bazaarmantra.com/module/selfibook" "Mozilla/5.0 (Windows NT 6.1) AppleWebKit/537.36 (KHTML, like Gecko) Chrome/51.0.2704.106 Safari/537.36"
117.241.102.170 - - [29/Jul/2016:13:51:24 +0000] "GET /catalog/view/javascript/js/jquery.fileupload.js HTTP/1.1" 200 13464 "https://bazaarmantra.com/module/selfibook" "Mozilla/5.0 (Windows NT 6.1) AppleWebKit/537.36 (KHTML, like Gecko) Chrome/51.0.2704.106 Safari/537.36"
117.241.102.170 - - [29/Jul/2016:13:51:24 +0000] "GET /catalog/view/javascript/jquery.flexisel.js HTTP/1.1" 200 2788 "https://bazaarmantra.com/module/selfibook" "Mozilla/5.0 (Windows NT 6.1) AppleWebKit/537.36 (KHTML, like Gecko) Chrome/51.0.2704.106 Safari/537.36"
117.241.102.170 - - [29/Jul/2016:13:51:25 +0000] "GET /catalog/view/theme/bm_new/stylesheet/number_slideshow.js HTTP/1.1" 200 1536 "https://bazaarmantra.com/module/selfibook" "Mozilla/5.0 (Windows NT 6.1) AppleWebKit/537.36 (KHTML, like Gecko) Chrome/51.0.2704.106 Safari/537.36"
117.241.102.170 - - [29/Jul/2016:13:51:25 +0000] "GET /catalog/view/javascript/jquery.plugin.js HTTP/1.1" 200 1369 "https://bazaarmantra.com/module/selfibook" "Mozilla/5.0 (Windows NT 6.1) AppleWebKit/537.36 (KHTML, like Gecko) Chrome/51.0.2704.106 Safari/537.36"
117.241.102.170 - - [29/Jul/2016:13:51:25 +0000] "GET /selfibook/370X370%20(1).png HTTP/1.1" 200 39941 "https://bazaarmantra.com/module/selfibook" "Mozilla/5.0 (Windows NT 6.1) AppleWebKit/537.36 (KHTML, like Gecko) Chrome/51.0.2704.106 Safari/537.36"
117.241.102.170 - - [29/Jul/2016:13:51:25 +0000] "GET /catalog/view/javascript/jquery.countdown.js HTTP/1.1" 200 4789 "https://bazaarmantra.com/module/selfibook" "Mozilla/5.0 (Windows NT 6.1) AppleWebKit/537.36 (KHTML, like Gecko) Chrome/51.0.2704.106 Safari/537.36"
117.241.102.170 - - [29/Jul/2016:13:51:25 +0000] "GET /catalog/view/javascript/jquery/elevatezoom/jquery.elevatezoom.js HTTP/1.1" 200 3922 "https://bazaarmantra.com/module/selfibook" "Mozilla/5.0 (Windows NT 6.1) AppleWebKit/537.36 (KHTML, like Gecko) Chrome/51.0.2704.106 Safari/537.36"
180.76.15.160 - - [29/Jul/2016:13:51:25 +0000] "GET /ajanta-8187-wooden-sweep-second-wall-clock%20?tag=Kit&sort=rating&order=ASC&limit=75 HTTP/1.1" 404 85384 "-" "Mozilla/5.0 (compatible; Baiduspider/2.0; +http://www.baidu.com/search/spider.html)"
117.241.102.170 - - [29/Jul/2016:13:51:26 +0000] "GET /catalog/view/javascript/opentheme/ocslideshow/jquery.nivo.slider.js HTTP/1.1" 200 3265 "https://bazaarmantra.com/module/selfibook" "Mozilla/5.0 (Windows NT 6.1) AppleWebKit/537.36 (KHTML, like Gecko) Chrome/51.0.2704.106 Safari/537.36"
117.241.102.170 - - [29/Jul/2016:13:51:26 +0000] "GET /catalog/view/javascript/js/jquery.iframe-transport.js HTTP/1.1" 200 2865 "https://bazaarmantra.com/module/selfibook" "Mozilla/5.0 (Windows NT 6.1) AppleWebKit/537.36 (KHTML, like Gecko) Chrome/51.0.2704.106 Safari/537.36"
117.241.102.170 - - [29/Jul/2016:13:51:26 +0000] "GET /catalog/view/javascript/opentheme/oclayerednavigation/oclayerednavigation.js HTTP/1.1" 200 928 "https://bazaarmantra.com/module/selfibook" "Mozilla/5.0 (Windows NT 6.1) AppleWebKit/537.36 (KHTML, like Gecko) Chrome/51.0.2704.106 Safari/537.36"
117.241.102.170 - - [29/Jul/2016:13:51:27 +0000] "GET /catalog/view/theme/bm_new/img/logo_selfi.png HTTP/1.1" 200 10041 "https://bazaarmantra.com/module/selfibook" "Mozilla/5.0 (Windows NT 6.1) AppleWebKit/537.36 (KHTML, like Gecko) Chrome/51.0.2704.106 Safari/537.36"
117.241.102.170 - - [29/Jul/2016:13:51:26 +0000] "GET /imgselfi/selfiup.png HTTP/1.1" 200 31353 "https://bazaarmantra.com/module/selfibook" "Mozilla/5.0 (Windows NT 6.1) AppleWebKit/537.36 (KHTML, like Gecko) Chrome/51.0.2704.106 Safari/537.36"
117.241.102.170 - - [29/Jul/2016:13:51:27 +0000] "GET /catalog/view/theme/bm_new/img/navbg.png HTTP/1.1" 200 13288 "https://bazaarmantra.com/module/selfibook" "Mozilla/5.0 (Windows NT 6.1) AppleWebKit/537.36 (KHTML, like Gecko) Chrome/51.0.2704.106 Safari/537.36"
117.241.102.170 - - [29/Jul/2016:13:51:27 +0000] "GET /catalog/view/theme/bm_new/img/r-icon6.png HTTP/1.1" 200 1546 "https://bazaarmantra.com/module/selfibook" "Mozilla/5.0 (Windows NT 6.1) AppleWebKit/537.36 (KHTML, like Gecko) Chrome/51.0.2704.106 Safari/537.36"
117.241.102.170 - - [29/Jul/2016:13:51:27 +0000] "GET /catalog/view/theme/bm_new/img/r-icon1.png HTTP/1.1" 200 3313 "https://bazaarmantra.com/module/selfibook" "Mozilla/5.0 (Windows NT 6.1) AppleWebKit/537.36 (KHTML, like Gecko) Chrome/51.0.2704.106 Safari/537.36"
117.241.102.170 - - [29/Jul/2016:13:51:28 +0000] "GET /catalog/view/theme/bm_new/img/r-icon3.png HTTP/1.1" 200 3413 "https://bazaarmantra.com/module/selfibook" "Mozilla/5.0 (Windows NT 6.1) AppleWebKit/537.36 (KHTML, like Gecko) Chrome/51.0.2704.106 Safari/537.36"
117.241.102.170 - - [29/Jul/2016:13:51:28 +0000] "GET /catalog/view/theme/bm_new/img/r-icon4.png HTTP/1.1" 200 4093 "https://bazaarmantra.com/module/selfibook" "Mozilla/5.0 (Windows NT 6.1) AppleWebKit/537.36 (KHTML, like Gecko) Chrome/51.0.2704.106 Safari/537.36"
117.241.102.170 - - [29/Jul/2016:13:51:29 +0000] "GET /catalog/view/javascript/font-awesome/fonts/fontawesome-webfont.woff2?v=4.5.0 HTTP/1.1" 404 14067 "https://bazaarmantra.com/catalog/view/javascript/font-awesome/css/font-awesome.min.css" "Mozilla/5.0 (Windows NT 6.1) AppleWebKit/537.36 (KHTML, like Gecko) Chrome/51.0.2704.106 Safari/537.36"
180.76.15.147 - - [29/Jul/2016:13:51:30 +0000] "GET /index.php?route=product/category&path=176&sort=p.price&order=ASC HTTP/1.1" 301 309 "-" "Mozilla/5.0 (compatible; Baiduspider/2.0; +http://www.baidu.com/search/spider.html)"
117.241.102.170 - - [29/Jul/2016:13:51:28 +0000] "GET /selfibook/selfi5780add1121df.jpg HTTP/1.1" 200 51677 "https://bazaarmantra.com/module/selfibook" "Mozilla/5.0 (Windows NT 6.1) AppleWebKit/537.36 (KHTML, like Gecko) Chrome/51.0.2704.106 Safari/537.36"
180.76.15.21 - - [29/Jul/2016:13:51:31 +0000] "GET /index.php?route=product/category&path=176&sort=p.price&order=ASC HTTP/1.1" 200 306285 "-" "Mozilla/5.0 (compatible; Baiduspider/2.0; +http://www.baidu.com/search/spider.html)"
117.241.102.170 - - [29/Jul/2016:13:51:32 +0000] "GET /imgselfi/selfidot.png HTTP/1.1" 200 1156 "https://bazaarmantra.com/module/selfibook" "Mozilla/5.0 (Windows NT 6.1) AppleWebKit/537.36 (KHTML, like Gecko) Chrome/51.0.2704.106 Safari/537.36"
117.241.102.170 - - [29/Jul/2016:13:51:30 +0000] "GET /catalog/view/javascript/font-awesome/fonts/fontawesome-webfont.woff?v=4.5.0 HTTP/1.1" 200 83756 "https://bazaarmantra.com/catalog/view/javascript/font-awesome/css/font-awesome.min.css" "Mozilla/5.0 (Windows NT 6.1) AppleWebKit/537.36 (KHTML, like Gecko) Chrome/51.0.2704.106 Safari/537.36"
117.241.102.170 - - [29/Jul/2016:13:51:36 +0000] "GET /imgselfi/icon2.png HTTP/1.1" 200 1552 "https://bazaarmantra.com/module/selfibook" "Mozilla/5.0 (Windows NT 6.1) AppleWebKit/537.36 (KHTML, like Gecko) Chrome/51.0.2704.106 Safari/537.36"
180.76.15.160 - - [29/Jul/2016:13:51:36 +0000] "GET /home-and-kitchen/c,385_386,home-decor,clocks/ajanta-257-plain-musical-wall-clock%20?tag=Kit&sort=pd.name&order=ASC&page=2 HTTP/1.1" 404 85530 "-" "Mozilla/5.0 (compatible; Baiduspider/2.0; +http://www.baidu.com/search/spider.html)"
117.241.102.170 - - [29/Jul/2016:13:51:37 +0000] "POST /?route=module/selfibook/commentdetails HTTP/1.1" 200 281 "https://bazaarmantra.com/module/selfibook" "Mozilla/5.0 (Windows NT 6.1) AppleWebKit/537.36 (KHTML, like Gecko) Chrome/51.0.2704.106 Safari/537.36"
117.241.102.170 - - [29/Jul/2016:13:51:38 +0000] "GET /profile/user.png HTTP/1.1" 200 3441 "https://bazaarmantra.com/module/selfibook" "Mozilla/5.0 (Windows NT 6.1) AppleWebKit/537.36 (KHTML, like Gecko) Chrome/51.0.2704.106 Safari/537.36"
117.241.102.170 - - [29/Jul/2016:13:51:25 +0000] "GET /selfibook/selfi57835057af818.jpg HTTP/1.1" 200 761124 "https://bazaarmantra.com/module/selfibook" "Mozilla/5.0 (Windows NT 6.1) AppleWebKit/537.36 (KHTML, like Gecko) Chrome/51.0.2704.106 Safari/537.36"
117.241.102.170 - - [29/Jul/2016:13:51:33 +0000] "GET /selfibook/selfi57834f9b6bf98.jpg HTTP/1.1" 200 206169 "https://bazaarmantra.com/module/selfibook" "Mozilla/5.0 (Windows NT 6.1) AppleWebKit/537.36 (KHTML, like Gecko) Chrome/51.0.2704.106 Safari/537.36"
180.76.15.10 - - [29/Jul/2016:13:51:44 +0000] "GET /product/search?tag=Men&page=56 HTTP/1.1" 200 258183 "-" "Mozilla/5.0 (compatible; Baiduspider/2.0; +http://www.baidu.com/search/spider.html)"
117.241.102.170 - - [29/Jul/2016:13:51:45 +0000] "GET /selfibook/selfi5784e40936bd5.jpg HTTP/1.1" 200 33313 "https://bazaarmantra.com/module/selfibook" "Mozilla/5.0 (Windows NT 6.1) AppleWebKit/537.36 (KHTML, like Gecko) Chrome/51.0.2704.106 Safari/537.36"
180.76.15.149 - - [29/Jul/2016:13:51:49 +0000] "GET /index.php?route=product/category&path=148_171_173&sort=p.sort_order&order=ASC&page=3&limit=15 HTTP/1.1" 200 332262 "-" "Mozilla/5.0 (compatible; Baiduspider/2.0; +http://www.baidu.com/search/spider.html)"
117.241.102.170 - - [29/Jul/2016:13:51:51 +0000] "GET /account/logout HTTP/1.1" 302 - "https://bazaarmantra.com/module/selfibook" "Mozilla/5.0 (Windows NT 6.1) AppleWebKit/537.36 (KHTML, like Gecko) Chrome/51.0.2704.106 Safari/537.36"
117.241.102.170 - - [29/Jul/2016:13:51:52 +0000] "GET /account/logout HTTP/1.1" 200 25497 "https://bazaarmantra.com/module/selfibook" "Mozilla/5.0 (Windows NT 6.1) AppleWebKit/537.36 (KHTML, like Gecko) Chrome/51.0.2704.106 Safari/537.36"
117.241.102.170 - - [29/Jul/2016:13:51:30 +0000] "GET /selfibook/selfi5780aecfb6ee0.jpg HTTP/1.1" 200 654631 "https://bazaarmantra.com/module/selfibook" "Mozilla/5.0 (Windows NT 6.1) AppleWebKit/537.36 (KHTML, like Gecko) Chrome/51.0.2704.106 Safari/537.36"
117.241.102.170 - - [29/Jul/2016:13:51:30 +0000] "GET /selfibook/selfi57834ee3171b3.jpg HTTP/1.1" 200 1169304 "https://bazaarmantra.com/module/selfibook" "Mozilla/5.0 (Windows NT 6.1) AppleWebKit/537.36 (KHTML, like Gecko) Chrome/51.0.2704.106 Safari/537.36"
117.241.102.170 - - [29/Jul/2016:13:51:54 +0000] "GET /catalog/view/theme/bm_new/img/r-icon2.png HTTP/1.1" 200 3990 "https://bazaarmantra.com/" "Mozilla/5.0 (Windows NT 6.1) AppleWebKit/537.36 (KHTML, like Gecko) Chrome/51.0.2704.106 Safari/537.36"
117.241.102.170 - - [29/Jul/2016:13:51:54 +0000] "GET /catalog/view/theme/bm_new/img/r-icon5.png HTTP/1.1" 200 3639 "https://bazaarmantra.com/" "Mozilla/5.0 (Windows NT 6.1) AppleWebKit/537.36 (KHTML, like Gecko) Chrome/51.0.2704.106 Safari/537.36"
117.241.102.170 - - [29/Jul/2016:13:51:55 +0000] "GET /index.php?route=account/register/customfield&customer_group_id=1 HTTP/1.1" 200 2 "https://bazaarmantra.com/account/logout" "Mozilla/5.0 (Windows NT 6.1) AppleWebKit/537.36 (KHTML, like Gecko) Chrome/51.0.2704.106 Safari/537.36"
117.241.102.170 - - [29/Jul/2016:13:51:55 +0000] "GET /index.php?route=account/account/country&country_id=99 HTTP/1.1" 200 597 "https://bazaarmantra.com/account/logout" "Mozilla/5.0 (Windows NT 6.1) AppleWebKit/537.36 (KHTML, like Gecko) Chrome/51.0.2704.106 Safari/537.36"
180.76.15.154 - - [29/Jul/2016:13:51:55 +0000] "GET /electronics/home-appliances/cloth-dryers/ifb-maxi-dry-550-5-5-kg?tag=Dry&limit=75 HTTP/1.1" 404 85403 "-" "Mozilla/5.0 (compatible; Baiduspider/2.0; +http://www.baidu.com/search/spider.html)"
117.241.102.170 - - [29/Jul/2016:13:51:56 +0000] "GET /index.php?route=module/ocquickview/appendcontainer HTTP/1.1" 200 260 "https://bazaarmantra.com/account/logout" "Mozilla/5.0 (Windows NT 6.1) AppleWebKit/537.36 (KHTML, like Gecko) Chrome/51.0.2704.106 Safari/537.36"
117.241.102.170 - - [29/Jul/2016:13:51:40 +0000] "GET /selfibook/selfi578606c12ad8d.jpg HTTP/1.1" 200 232314 "https://bazaarmantra.com/module/selfibook" "Mozilla/5.0 (Windows NT 6.1) AppleWebKit/537.36 (KHTML, like Gecko) Chrome/51.0.2704.106 Safari/537.36"
117.241.102.170 - - [29/Jul/2016:13:51:28 +0000] "GET /imgselfi/selfishow.png HTTP/1.1" 200 847075 "https://bazaarmantra.com/module/selfibook" "Mozilla/5.0 (Windows NT 6.1) AppleWebKit/537.36 (KHTML, like Gecko) Chrome/51.0.2704.106 Safari/537.36"
180.76.15.140 - - [29/Jul/2016:13:52:02 +0000] "GET /men-fashion/clothing/tommy-hilfiger-cotton-printed-t-shirt-blue.html?sort=rating&order=DESC&page=4&limit=75 HTTP/1.1" 200 300860 "-" "Mozilla/5.0 (compatible; Baiduspider/2.0; +http://www.baidu.com/search/spider.html)"
117.241.102.170 - - [29/Jul/2016:13:52:06 +0000] "GET /module/selfibook HTTP/1.1" 200 18231 "-" "Mozilla/5.0 (Windows NT 6.1) AppleWebKit/537.36 (KHTML, like Gecko) Chrome/51.0.2704.106 Safari/537.36"
117.241.102.170 - - [29/Jul/2016:13:52:07 +0000] "GET /selfibook/selfi578606c12ad8d.jpg HTTP/1.1" 206 1 "https://bazaarmantra.com/module/selfibook" "Mozilla/5.0 (Windows NT 6.1) AppleWebKit/537.36 (KHTML, like Gecko) Chrome/51.0.2704.106 Safari/537.36"
117.241.102.170 - - [29/Jul/2016:13:52:07 +0000] "GET /imgselfi/icon1.png HTTP/1.1" 200 1547 "https://bazaarmantra.com/module/selfibook" "Mozilla/5.0 (Windows NT 6.1) AppleWebKit/537.36 (KHTML, like Gecko) Chrome/51.0.2704.106 Safari/537.36"
117.241.102.170 - - [29/Jul/2016:13:52:07 +0000] "GET /selfibook/selfi57835057af818.jpg HTTP/1.1" 206 1 "https://bazaarmantra.com/module/selfibook" "Mozilla/5.0 (Windows NT 6.1) AppleWebKit/537.36 (KHTML, like Gecko) Chrome/51.0.2704.106 Safari/537.36"
117.241.102.170 - - [29/Jul/2016:13:52:07 +0000] "GET /selfibook/selfi57834ee3171b3.jpg HTTP/1.1" 206 1 "https://bazaarmantra.com/module/selfibook" "Mozilla/5.0 (Windows NT 6.1) AppleWebKit/537.36 (KHTML, like Gecko) Chrome/51.0.2704.106 Safari/537.36"
117.241.102.170 - - [29/Jul/2016:13:52:07 +0000] "GET /imgselfi/bm_selfi_book.png HTTP/1.1" 200 19956 "https://bazaarmantra.com/module/selfibook" "Mozilla/5.0 (Windows NT 6.1) AppleWebKit/537.36 (KHTML, like Gecko) Chrome/51.0.2704.106 Safari/537.36"
117.241.102.170 - - [29/Jul/2016:13:52:08 +0000] "GET /imgselfi/selfishow.png HTTP/1.1" 206 1 "https://bazaarmantra.com/" "Mozilla/5.0 (Windows NT 6.1) AppleWebKit/537.36 (KHTML, like Gecko) Chrome/51.0.2704.106 Safari/537.36"
117.241.102.170 - - [29/Jul/2016:13:52:08 +0000] "GET /selfibook/selfi5780aecfb6ee0.jpg HTTP/1.1" 206 1 "https://bazaarmantra.com/module/selfibook" "Mozilla/5.0 (Windows NT 6.1) AppleWebKit/537.36 (KHTML, like Gecko) Chrome/51.0.2704.106 Safari/537.36"
180.76.15.20 - - [29/Jul/2016:13:52:08 +0000] "GET /home-and-kitchen/c,385_386,home-decor,clocks/ajanta-1337-simple-wall-clock?page=3 HTTP/1.1" 404 85447 "-" "Mozilla/5.0 (compatible; Baiduspider/2.0; +http://www.baidu.com/search/spider.html)"
66.249.79.143 - - [29/Jul/2016:13:52:10 +0000] "GET /index.php?route=product/category&path=191_231_238 HTTP/1.1" 200 25466 "-" "Mozilla/5.0 (compatible; Googlebot/2.1; +http://www.google.com/bot.html)"
117.241.102.170 - - [29/Jul/2016:13:52:08 +0000] "GET /selfibook/selfi57835057af818.jpg HTTP/1.1" 206 122148 "https://bazaarmantra.com/module/selfibook" "Mozilla/5.0 (Windows NT 6.1) AppleWebKit/537.36 (KHTML, like Gecko) Chrome/51.0.2704.106 Safari/537.36"
117.241.102.170 - - [29/Jul/2016:13:52:08 +0000] "GET /selfibook/selfi578606c12ad8d.jpg HTTP/1.1" 206 134010 "https://bazaarmantra.com/module/selfibook" "Mozilla/5.0 (Windows NT 6.1) AppleWebKit/537.36 (KHTML, like Gecko) Chrome/51.0.2704.106 Safari/537.36"
180.76.15.6 - - [29/Jul/2016:13:52:15 +0000] "GET /product/search?tag=Blue&page=5 HTTP/1.1" 200 317004 "-" "Mozilla/5.0 (compatible; Baiduspider/2.0; +http://www.baidu.com/search/spider.html)"
117.241.102.170 - - [29/Jul/2016:13:52:19 +0000] "GET /catalog/view/javascript/font-awesome/fonts/fontawesome-webfont.woff2?v=4.5.0 HTTP/1.1" 404 13914 "https://bazaarmantra.com/catalog/view/javascript/font-awesome/css/font-awesome.min.css" "Mozilla/5.0 (Windows NT 6.1) AppleWebKit/537.36 (KHTML, like Gecko) Chrome/51.0.2704.106 Safari/537.36"
117.241.102.170 - - [29/Jul/2016:13:52:21 +0000] "POST /?route=module/selfibook/commentdetails HTTP/1.1" 200 205 "https://bazaarmantra.com/module/selfibook" "Mozilla/5.0 (Windows NT 6.1) AppleWebKit/537.36 (KHTML, like Gecko) Chrome/51.0.2704.106 Safari/537.36"
180.76.15.22 - - [29/Jul/2016:13:52:21 +0000] "GET /module/oclayerednavigation/category?path=191_232&sort=p.model&order=ASC&page=3 HTTP/1.1" 200 33823 "-" "Mozilla/5.0 (compatible; Baiduspider/2.0; +http://www.baidu.com/search/spider.html)"
180.76.15.17 - - [29/Jul/2016:13:52:27 +0000] "GET /index.php?route=product/category&path=148_176&sort=p.sort_order&order=ASC&page=1 HTTP/1.1" 200 306012 "-" "Mozilla/5.0 (compatible; Baiduspider/2.0; +http://www.baidu.com/search/spider.html)"
117.241.102.170 - - [29/Jul/2016:13:52:22 +0000] "POST /?route=module/selfibook HTTP/1.1" 200 18233 "https://bazaarmantra.com/module/selfibook" "Mozilla/5.0 (Windows NT 6.1) AppleWebKit/537.36 (KHTML, like Gecko) Chrome/51.0.2704.106 Safari/537.36"
14.102.98.70 - - [29/Jul/2016:13:52:28 +0000] "GET /index.php?route=feed/rest_api/categories&level=6 HTTP/1.1" 301 285 "-" "Mozilla/5.0 (Linux; Android 5.1.1; SM-E700H Build/LMY47X; wv) AppleWebKit/537.36 (KHTML, like Gecko) Version/4.0 Chrome/51.0.2704.81 Mobile Safari/537.36"
14.102.98.70 - - [29/Jul/2016:13:52:29 +0000] "GET /index.php?route=feed/rest_api/categories&level=6 HTTP/1.1" 301 - "-" "Mozilla/5.0 (Linux; Android 5.1.1; SM-E700H Build/LMY47X; wv) AppleWebKit/537.36 (KHTML, like Gecko) Version/4.0 Chrome/51.0.2704.81 Mobile Safari/537.36"
14.102.98.70 - - [29/Jul/2016:13:52:29 +0000] "GET /feed/rest_api/categories?level=6 HTTP/1.1" 200 14520 "-" "Mozilla/5.0 (Linux; Android 5.1.1; SM-E700H Build/LMY47X; wv) AppleWebKit/537.36 (KHTML, like Gecko) Version/4.0 Chrome/51.0.2704.81 Mobile Safari/537.36"
117.241.102.170 - - [29/Jul/2016:13:52:30 +0000] "GET /index.php?route=account/login HTTP/1.1" 301 262 "-" "Mozilla/5.0 (Windows NT 6.1) AppleWebKit/537.36 (KHTML, like Gecko) Chrome/51.0.2704.106 Safari/537.36"
117.241.102.170 - - [29/Jul/2016:13:52:31 +0000] "GET /index.php?route=account/login HTTP/1.1" 301 - "-" "Mozilla/5.0 (Windows NT 6.1) AppleWebKit/537.36 (KHTML, like Gecko) Chrome/51.0.2704.106 Safari/537.36"
180.76.15.17 - - [29/Jul/2016:13:52:34 +0000] "GET /index.php?route=module/oclayerednavigation/category&path=461&sort=p.price&order=DESC&limit=15&page=4 HTTP/1.1" 200 33857 "-" "Mozilla/5.0 (compatible; Baiduspider/2.0; +http://www.baidu.com/search/spider.html)"
117.241.102.170 - - [29/Jul/2016:13:52:09 +0000] "GET /selfibook/selfi5780aecfb6ee0.jpg HTTP/1.1" 206 458023 "https://bazaarmantra.com/module/selfibook" "Mozilla/5.0 (Windows NT 6.1) AppleWebKit/537.36 (KHTML, like Gecko) Chrome/51.0.2704.106 Safari/537.36"
117.241.102.170 - - [29/Jul/2016:13:52:08 +0000] "GET /imgselfi/selfishow.png HTTP/1.1" 206 765155 "https://bazaarmantra.com/" "Mozilla/5.0 (Windows NT 6.1) AppleWebKit/537.36 (KHTML, like Gecko) Chrome/51.0.2704.106 Safari/537.36"
117.241.102.170 - - [29/Jul/2016:13:52:08 +0000] "GET /imgselfi/Selfiebookbg.png HTTP/1.1" 200 1239588 "https://bazaarmantra.com/" "Mozilla/5.0 (Windows NT 6.1) AppleWebKit/537.36 (KHTML, like Gecko) Chrome/51.0.2704.106 Safari/537.36"
117.241.102.170 - - [29/Jul/2016:13:52:32 +0000] "GET /account/login HTTP/1.1" 200 25889 "-" "Mozilla/5.0 (Windows NT 6.1) AppleWebKit/537.36 (KHTML, like Gecko) Chrome/51.0.2704.106 Safari/537.36"
117.241.102.170 - - [29/Jul/2016:13:52:09 +0000] "GET /selfibook/selfi57834ee3171b3.jpg HTTP/1.1" 206 1152920 "https://bazaarmantra.com/module/selfibook" "Mozilla/5.0 (Windows NT 6.1) AppleWebKit/537.36 (KHTML, like Gecko) Chrome/51.0.2704.106 Safari/537.36"
117.241.102.170 - - [29/Jul/2016:13:52:39 +0000] "GET /index.php?route=account/register/customfield&customer_group_id=1 HTTP/1.1" 200 2 "https://bazaarmantra.com/account/login" "Mozilla/5.0 (Windows NT 6.1) AppleWebKit/537.36 (KHTML, like Gecko) Chrome/51.0.2704.106 Safari/537.36"
117.241.102.170 - - [29/Jul/2016:13:52:39 +0000] "GET /index.php?route=account/account/country&country_id=99 HTTP/1.1" 200 597 "https://bazaarmantra.com/account/login" "Mozilla/5.0 (Windows NT 6.1) AppleWebKit/537.36 (KHTML, like Gecko) Chrome/51.0.2704.106 Safari/537.36"
117.241.102.170 - - [29/Jul/2016:13:52:39 +0000] "GET /index.php?route=module/ocquickview/appendcontainer HTTP/1.1" 200 260 "https://bazaarmantra.com/account/login" "Mozilla/5.0 (Windows NT 6.1) AppleWebKit/537.36 (KHTML, like Gecko) Chrome/51.0.2704.106 Safari/537.36"
180.76.15.13 - - [29/Jul/2016:13:52:40 +0000] "GET /index.php?route=module/oclayerednavigation/category&path=232&sort=p.model&order=DESC&page=2 HTTP/1.1" 200 105810 "-" "Mozilla/5.0 (compatible; Baiduspider/2.0; +http://www.baidu.com/search/spider.html)"
180.76.15.152 - - [29/Jul/2016:13:52:45 +0000] "GET /module/oclayerednavigation/category?path=199&sort=pd.name&order=DESC&limit=100&page=3 HTTP/1.1" 200 467626 "-" "Mozilla/5.0 (compatible; Baiduspider/2.0; +http://www.baidu.com/search/spider.html)"
180.76.15.22 - - [29/Jul/2016:13:52:53 +0000] "GET /men-fashion/accessories/fastrack-1229sm04-core-analog-watch-for-men.html?tag=Fastrack&sort=p.model&order=ASC&limit=100 HTTP/1.1" 200 300321 "-" "Mozilla/5.0 (compatible; Baiduspider/2.0; +http://www.baidu.com/search/spider.html)"
180.76.15.156 - - [29/Jul/2016:13:52:58 +0000] "GET /index.php?route=product/category&path=124_125_127&sort=p.model&order=DESC HTTP/1.1" 200 299471 "-" "Mozilla/5.0 (compatible; Baiduspider/2.0; +http://www.baidu.com/search/spider.html)"
117.241.102.170 - - [29/Jul/2016:13:53:02 +0000] "GET /account/register HTTP/1.1" 200 30388 "https://bazaarmantra.com/account/login" "Mozilla/5.0 (Windows NT 6.1) AppleWebKit/537.36 (KHTML, like Gecko) Chrome/51.0.2704.106 Safari/537.36"
117.241.102.170 - - [29/Jul/2016:13:53:03 +0000] "GET /index.php?route=account/register/customfield&customer_group_id=1 HTTP/1.1" 200 2 "https://bazaarmantra.com/account/register" "Mozilla/5.0 (Windows NT 6.1) AppleWebKit/537.36 (KHTML, like Gecko) Chrome/51.0.2704.106 Safari/537.36"
117.241.102.170 - - [29/Jul/2016:13:53:03 +0000] "GET /index.php?route=account/account/country&country_id=99 HTTP/1.1" 200 597 "https://bazaarmantra.com/account/register" "Mozilla/5.0 (Windows NT 6.1) AppleWebKit/537.36 (KHTML, like Gecko) Chrome/51.0.2704.106 Safari/537.36"
117.241.102.170 - - [29/Jul/2016:13:53:04 +0000] "GET /index.php?route=account/register/customfield&customer_group_id=1 HTTP/1.1" 200 2 "https://bazaarmantra.com/account/register" "Mozilla/5.0 (Windows NT 6.1) AppleWebKit/537.36 (KHTML, like Gecko) Chrome/51.0.2704.106 Safari/537.36"
117.241.102.170 - - [29/Jul/2016:13:53:04 +0000] "GET /index.php?route=account/register/customfield&customer_group_id=1 HTTP/1.1" 200 2 "https://bazaarmantra.com/account/register" "Mozilla/5.0 (Windows NT 6.1) AppleWebKit/537.36 (KHTML, like Gecko) Chrome/51.0.2704.106 Safari/537.36"
117.241.102.170 - - [29/Jul/2016:13:53:04 +0000] "GET /index.php?route=module/ocquickview/appendcontainer HTTP/1.1" 200 260 "https://bazaarmantra.com/account/register" "Mozilla/5.0 (Windows NT 6.1) AppleWebKit/537.36 (KHTML, like Gecko) Chrome/51.0.2704.106 Safari/537.36"
117.241.102.170 - - [29/Jul/2016:13:53:04 +0000] "GET /index.php?route=account/register/customfield&customer_group_id=1 HTTP/1.1" 200 2 "https://bazaarmantra.com/account/register" "Mozilla/5.0 (Windows NT 6.1) AppleWebKit/537.36 (KHTML, like Gecko) Chrome/51.0.2704.106 Safari/537.36"
117.241.102.170 - - [29/Jul/2016:13:53:04 +0000] "GET /index.php?route=account/account/country&country_id=99 HTTP/1.1" 200 597 "https://bazaarmantra.com/account/register" "Mozilla/5.0 (Windows NT 6.1) AppleWebKit/537.36 (KHTML, like Gecko) Chrome/51.0.2704.106 Safari/537.36"
117.241.102.170 - - [29/Jul/2016:13:53:04 +0000] "GET /index.php?route=account/account/country&country_id=99 HTTP/1.1" 200 597 "https://bazaarmantra.com/account/register" "Mozilla/5.0 (Windows NT 6.1) AppleWebKit/537.36 (KHTML, like Gecko) Chrome/51.0.2704.106 Safari/537.36"
66.249.79.143 - - [29/Jul/2016:13:53:04 +0000] "GET /women-fashion/beauty-and-personal-care/fargrances HTTP/1.1" 200 25466 "-" "Mozilla/5.0 (compatible; Googlebot/2.1; +http://www.google.com/bot.html)"
117.241.102.170 - - [29/Jul/2016:13:53:05 +0000] "GET /index.php?route=account/account/country&country_id=99 HTTP/1.1" 200 597 "https://bazaarmantra.com/account/register" "Mozilla/5.0 (Windows NT 6.1) AppleWebKit/537.36 (KHTML, like Gecko) Chrome/51.0.2704.106 Safari/537.36"
180.76.15.31 - - [29/Jul/2016:13:53:04 +0000] "GET /men-fashion/accessories/wallets/bovi-s-casual-and-formal-leather-wallet-for-men-black.html?tag=(Black&sort=rating&order=DESC&page=2&limit=15 HTTP/1.1" 200 296107 "-" "Mozilla/5.0 (compatible; Baiduspider/2.0; +http://www.baidu.com/search/spider.html)"
180.76.15.138 - - [29/Jul/2016:13:53:11 +0000] "GET /index.php?route=module/oclayerednavigation/category&path=461&sort=p.sort_order&order=ASC&limit=15&page=3 HTTP/1.1" 200 86761 "-" "Mozilla/5.0 (compatible; Baiduspider/2.0; +http://www.baidu.com/search/spider.html)"
180.76.15.20 - - [29/Jul/2016:13:53:17 +0000] "GET /index.php?route=product/category&path=124_125&sort=rating&order=ASC&limit=50 HTTP/1.1" 200 711772 "-" "Mozilla/5.0 (compatible; Baiduspider/2.0; +http://www.baidu.com/search/spider.html)"
180.76.15.29 - - [29/Jul/2016:13:53:25 +0000] "GET /men-fashion/clothing/osaka-mens-green-printed-half-t-shirt.html?tag=Print&page=2&limit=50 HTTP/1.1" 200 308647 "-" "Mozilla/5.0 (compatible; Baiduspider/2.0; +http://www.baidu.com/search/spider.html)"
180.76.15.23 - - [29/Jul/2016:13:53:30 +0000] "GET /index.php?route=product/category&path=461&sort=pd.name&order=ASC&limit=15 HTTP/1.1" 301 322 "-" "Mozilla/5.0 (compatible; Baiduspider/2.0; +http://www.baidu.com/search/spider.html)"
66.249.79.143 - - [29/Jul/2016:13:53:30 +0000] "GET /sarees-blouse/tnm-ekvastra-designer-saree-ev-228?limit=75 HTTP/1.1" 404 13915 "-" "Mozilla/5.0 (compatible; Googlebot/2.1; +http://www.google.com/bot.html)"
66.249.66.143 - - [29/Jul/2016:13:53:32 +0000] "GET /sports-and-health/cricket/balls/aj-quikr-red-leather-ball-pack-of-12.html HTTP/1.1" 200 35897 "-" "Mozilla/5.0 (compatible; Googlebot/2.1; +http://www.google.com/bot.html)"
180.76.15.161 - - [29/Jul/2016:13:53:36 +0000] "GET /module/oclayerednavigation/category?path=148_171_173&sort=p.sort_order&order=ASC&page=10 HTTP/1.1" 200 111164 "-" "Mozilla/5.0 (compatible; Baiduspider/2.0; +http://www.baidu.com/search/spider.html)"
66.249.79.143 - - [29/Jul/2016:13:53:40 +0000] "GET /sports-and-health/cricket/bats/sf-one-dayer-english-willow-bat.html?sort=rating&order=ASC HTTP/1.1" 200 35800 "-" "Mozilla/5.0 (compatible; Googlebot/2.1; +http://www.google.com/bot.html)"
117.241.102.170 - - [29/Jul/2016:13:53:39 +0000] "GET /index.php?route=product/category&path=148 HTTP/1.1" 200 30925 "https://bazaarmantra.com/account/register" "Mozilla/5.0 (Windows NT 6.1) AppleWebKit/537.36 (KHTML, like Gecko) Chrome/51.0.2704.106 Safari/537.36"
117.241.102.170 - - [29/Jul/2016:13:53:41 +0000] "GET /catalog/view/javascript/font-awesome/fonts/fontawesome-webfont.woff2?v=4.5.0 HTTP/1.1" 404 13914 "https://bazaarmantra.com/catalog/view/javascript/font-awesome/css/font-awesome.min.css" "Mozilla/5.0 (Windows NT 6.1) AppleWebKit/537.36 (KHTML, like Gecko) Chrome/51.0.2704.106 Safari/537.36"
117.241.102.170 - - [29/Jul/2016:13:53:42 +0000] "GET /index.php?route=account/register/customfield&customer_group_id=1 HTTP/1.1" 200 2 "https://bazaarmantra.com/index.php?route=product/category&path=148" "Mozilla/5.0 (Windows NT 6.1) AppleWebKit/537.36 (KHTML, like Gecko) Chrome/51.0.2704.106 Safari/537.36"
117.241.102.170 - - [29/Jul/2016:13:53:42 +0000] "GET /index.php?route=account/account/country&country_id=99 HTTP/1.1" 200 597 "https://bazaarmantra.com/index.php?route=product/category&path=148" "Mozilla/5.0 (Windows NT 6.1) AppleWebKit/537.36 (KHTML, like Gecko) Chrome/51.0.2704.106 Safari/537.36"
117.241.102.170 - - [29/Jul/2016:13:53:42 +0000] "GET /image/catalog/Men's%20Fashion/watch/Analog%20digital/nd7989pp03j-sonata-400x400-imadn94ppardpehz.jpeg HTTP/1.1" 200 31094 "https://bazaarmantra.com/index.php?route=product/category&path=148" "Mozilla/5.0 (Windows NT 6.1) AppleWebKit/537.36 (KHTML, like Gecko) Chrome/51.0.2704.106 Safari/537.36"
117.241.102.170 - - [29/Jul/2016:13:53:43 +0000] "GET /image/catalog/Shoes/81ZoquiuLUL._UX535_.jpg HTTP/1.1" 200 29013 "https://bazaarmantra.com/index.php?route=product/category&path=148" "Mozilla/5.0 (Windows NT 6.1) AppleWebKit/537.36 (KHTML, like Gecko) Chrome/51.0.2704.106 Safari/537.36"
117.241.102.170 - - [29/Jul/2016:13:53:42 +0000] "GET /image/catalog/Men's%20Fashion/watch/Analog%20digital/77027pp01j-sonata-400x400-imadwmjukrsxfxtr.jpeg HTTP/1.1" 200 94033 "https://bazaarmantra.com/index.php?route=product/category&path=148" "Mozilla/5.0 (Windows NT 6.1) AppleWebKit/537.36 (KHTML, like Gecko) Chrome/51.0.2704.106 Safari/537.36"
180.76.15.25 - - [29/Jul/2016:13:53:43 +0000] "GET /index.php?route=product/category&path=148_171_420&sort=pd.name&order=ASC&page=3&limit=100 HTTP/1.1" 200 242696 "-" "Mozilla/5.0 (compatible; Baiduspider/2.0; +http://www.baidu.com/search/spider.html)"
117.241.102.170 - - [29/Jul/2016:13:53:44 +0000] "GET /image/catalog/Shoes/Men_RUNNING_SHOES_LOW_B44545_1.jpg.jpg HTTP/1.1" 200 72373 "https://bazaarmantra.com/index.php?route=product/category&path=148" "Mozilla/5.0 (Windows NT 6.1) AppleWebKit/537.36 (KHTML, like Gecko) Chrome/51.0.2704.106 Safari/537.36"
117.241.102.170 - - [29/Jul/2016:13:53:43 +0000] "GET /image/catalog/Shoes/81LeOElTIiL._UL1500_.jpg HTTP/1.1" 200 164483 "https://bazaarmantra.com/index.php?route=product/category&path=148" "Mozilla/5.0 (Windows NT 6.1) AppleWebKit/537.36 (KHTML, like Gecko) Chrome/51.0.2704.106 Safari/537.36"
117.241.102.170 - - [29/Jul/2016:13:53:42 +0000] "GET /image/catalog/Zakara%20Bags/wallet/Leather-Wallet-ZB-LW-01-4.jpg HTTP/1.1" 200 207313 "https://bazaarmantra.com/index.php?route=product/category&path=148" "Mozilla/5.0 (Windows NT 6.1) AppleWebKit/537.36 (KHTML, like Gecko) Chrome/51.0.2704.106 Safari/537.36"
180.76.15.28 - - [29/Jul/2016:13:53:49 +0000] "GET /index.php?route=product/category&path=199&sort=rating&order=ASC HTTP/1.1" 200 298917 "-" "Mozilla/5.0 (compatible; Baiduspider/2.0; +http://www.baidu.com/search/spider.html)"
117.241.102.170 - - [29/Jul/2016:13:53:44 +0000] "GET /image/catalog/Bazaarmantra/Men/Tshirt/DSC_0197.jpg HTTP/1.1" 200 128098 "https://bazaarmantra.com/index.php?route=product/category&path=148" "Mozilla/5.0 (Windows NT 6.1) AppleWebKit/537.36 (KHTML, like Gecko) Chrome/51.0.2704.106 Safari/537.36"
117.241.102.170 - - [29/Jul/2016:13:53:50 +0000] "GET / HTTP/1.1" 200 26962 "-" "Mozilla/5.0 (Windows NT 6.1) AppleWebKit/537.36 (KHTML, like Gecko) Chrome/51.0.2704.106 Safari/537.36"
117.241.102.170 - - [29/Jul/2016:13:53:53 +0000] "GET /image/cache/catalog/Banners/MEN-ASSORIES2-1172x484.jpg HTTP/1.1" 206 1 "https://bazaarmantra.com/" "Mozilla/5.0 (Windows NT 6.1) AppleWebKit/537.36 (KHTML, like Gecko) Chrome/51.0.2704.106 Safari/537.36"
117.241.102.170 - - [29/Jul/2016:13:53:53 +0000] "GET /index.php?route=account/register/customfield&customer_group_id=1 HTTP/1.1" 200 2 "https://bazaarmantra.com/" "Mozilla/5.0 (Windows NT 6.1) AppleWebKit/537.36 (KHTML, like Gecko) Chrome/51.0.2704.106 Safari/537.36"
117.241.102.170 - - [29/Jul/2016:13:53:43 +0000] "GET /image/catalog/Zakara%20Bags/mens/Volos-Leather-Office-Bag-ZB-PB-15-21.jpg HTTP/1.1" 200 272614 "https://bazaarmantra.com/index.php?route=product/category&path=148" "Mozilla/5.0 (Windows NT 6.1) AppleWebKit/537.36 (KHTML, like Gecko) Chrome/51.0.2704.106 Safari/537.36"
117.241.102.170 - - [29/Jul/2016:13:53:54 +0000] "GET /image/catalog/category_thumb/leather.jpg HTTP/1.1" 206 1 "https://bazaarmantra.com/" "Mozilla/5.0 (Windows NT 6.1) AppleWebKit/537.36 (KHTML, like Gecko) Chrome/51.0.2704.106 Safari/537.36"
117.241.102.170 - - [29/Jul/2016:13:53:54 +0000] "GET /image/catalog/category_thumb/4.png HTTP/1.1" 206 1 "https://bazaarmantra.com/" "Mozilla/5.0 (Windows NT 6.1) AppleWebKit/537.36 (KHTML, like Gecko) Chrome/51.0.2704.106 Safari/537.36"
117.241.102.170 - - [29/Jul/2016:13:53:54 +0000] "GET /selfibook/selfi57835057af818.jpg HTTP/1.1" 206 1 "https://bazaarmantra.com/" "Mozilla/5.0 (Windows NT 6.1) AppleWebKit/537.36 (KHTML, like Gecko) Chrome/51.0.2704.106 Safari/537.36"
117.241.102.170 - - [29/Jul/2016:13:53:53 +0000] "GET /catalog/view/javascript/font-awesome/fonts/fontawesome-webfont.woff2?v=4.5.0 HTTP/1.1" 404 13914 "https://bazaarmantra.com/catalog/view/javascript/font-awesome/css/font-awesome.min.css" "Mozilla/5.0 (Windows NT 6.1) AppleWebKit/537.36 (KHTML, like Gecko) Chrome/51.0.2704.106 Safari/537.36"
117.241.102.170 - - [29/Jul/2016:13:53:54 +0000] "GET /index.php?route=account/account/country&country_id=99 HTTP/1.1" 200 597 "https://bazaarmantra.com/" "Mozilla/5.0 (Windows NT 6.1) AppleWebKit/537.36 (KHTML, like Gecko) Chrome/51.0.2704.106 Safari/537.36"
117.241.102.170 - - [29/Jul/2016:13:53:45 +0000] "GET /image/catalog/Bazaarmantra/Men/Tshirt/DSC_9924.jpg HTTP/1.1" 200 123768 "https://bazaarmantra.com/index.php?route=product/category&path=148" "Mozilla/5.0 (Windows NT 6.1) AppleWebKit/537.36 (KHTML, like Gecko) Chrome/51.0.2704.106 Safari/537.36"
117.241.102.170 - - [29/Jul/2016:13:53:55 +0000] "GET /selfibook/selfi57835057af818.jpg HTTP/1.1" 206 7460 "https://bazaarmantra.com/" "Mozilla/5.0 (Windows NT 6.1) AppleWebKit/537.36 (KHTML, like Gecko) Chrome/51.0.2704.106 Safari/537.36"
117.241.102.170 - - [29/Jul/2016:13:53:55 +0000] "GET /selfibook/selfi5780aecfb6ee0.jpg HTTP/1.1" 206 1 "https://bazaarmantra.com/" "Mozilla/5.0 (Windows NT 6.1) AppleWebKit/537.36 (KHTML, like Gecko) Chrome/51.0.2704.106 Safari/537.36"
117.241.102.170 - - [29/Jul/2016:13:53:55 +0000] "GET /selfibook/selfi57834ee3171b3.jpg HTTP/1.1" 206 1 "https://bazaarmantra.com/" "Mozilla/5.0 (Windows NT 6.1) AppleWebKit/537.36 (KHTML, like Gecko) Chrome/51.0.2704.106 Safari/537.36"
180.76.15.11 - - [29/Jul/2016:13:53:54 +0000] "GET /product/search?tag=Colorbar&page=2 HTTP/1.1" 200 258196 "-" "Mozilla/5.0 (compatible; Baiduspider/2.0; +http://www.baidu.com/search/spider.html)"
66.249.79.143 - - [29/Jul/2016:13:53:58 +0000] "GET /index.php?route=product/category&path=199_200_463 HTTP/1.1" 200 28501 "-" "Mozilla/5.0 (compatible; Googlebot/2.1; +http://www.google.com/bot.html)"
180.76.15.147 - - [29/Jul/2016:13:54:02 +0000] "GET /product/search?tag=Men&sort=p.model&order=ASC&page=3 HTTP/1.1" 200 321485 "-" "Mozilla/5.0 (compatible; Baiduspider/2.0; +http://www.baidu.com/search/spider.html)"
117.241.102.170 - - [29/Jul/2016:13:54:04 +0000] "GET /image/cache/catalog/Manufactures%20/titan-logo-200x200-200x200.png HTTP/1.1" 200 14288 "https://bazaarmantra.com/" "Mozilla/5.0 (Windows NT 6.1) AppleWebKit/537.36 (KHTML, like Gecko) Chrome/51.0.2704.106 Safari/537.36"
117.241.102.170 - - [29/Jul/2016:13:53:56 +0000] "GET /selfibook/selfi5780aecfb6ee0.jpg HTTP/1.1" 206 130343 "https://bazaarmantra.com/" "Mozilla/5.0 (Windows NT 6.1) AppleWebKit/537.36 (KHTML, like Gecko) Chrome/51.0.2704.106 Safari/537.36"
180.76.15.11 - - [29/Jul/2016:13:54:08 +0000] "GET /home-and-kitchen/c,385_386,home-decor,clocks/ajanta-1317-simple-wall-clock?page=3 HTTP/1.1" 404 85447 "-" "Mozilla/5.0 (compatible; Baiduspider/2.0; +http://www.baidu.com/search/spider.html)"
117.241.102.170 - - [29/Jul/2016:13:54:09 +0000] "GET /image/cache/catalog/Manufactures%20/2000px-canon-logo-200x200.png HTTP/1.1" 200 5471 "https://bazaarmantra.com/" "Mozilla/5.0 (Windows NT 6.1) AppleWebKit/537.36 (KHTML, like Gecko) Chrome/51.0.2704.106 Safari/537.36"
180.76.15.154 - - [29/Jul/2016:13:54:15 +0000] "GET /product/search?tag=Soft&page=2 HTTP/1.1" 200 258184 "-" "Mozilla/5.0 (compatible; Baiduspider/2.0; +http://www.baidu.com/search/spider.html)"
180.76.15.5 - - [29/Jul/2016:13:54:21 +0000] "GET /module/oclayerednavigation/category?path=201_385&sort=p.model&order=DESC&page=5 HTTP/1.1" 200 26 "-" "Mozilla/5.0 (compatible; Baiduspider/2.0; +http://www.baidu.com/search/spider.html)"
117.241.102.170 - - [29/Jul/2016:13:53:54 +0000] "GET /image/cache/catalog/Banners/MEN-ASSORIES2-1172x484.jpg HTTP/1.1" 206 344539 "https://bazaarmantra.com/" "Mozilla/5.0 (Windows NT 6.1) AppleWebKit/537.36 (KHTML, like Gecko) Chrome/51.0.2704.106 Safari/537.36"
180.76.15.150 - - [29/Jul/2016:13:54:26 +0000] "GET /women-fashion/western-wear/dresses/bm-warrior-printed-women-s-dress.html?tag=Printed&sort=rating&order=ASC&page=1&limit=50 HTTP/1.1" 200 303247 "-" "Mozilla/5.0 (compatible; Baiduspider/2.0; +http://www.baidu.com/search/spider.html)"
117.241.102.170 - - [29/Jul/2016:13:53:55 +0000] "GET /image/catalog/category_thumb/leather.jpg HTTP/1.1" 206 572845 "https://bazaarmantra.com/" "Mozilla/5.0 (Windows NT 6.1) AppleWebKit/537.36 (KHTML, like Gecko) Chrome/51.0.2704.106 Safari/537.36"
180.76.15.7 - - [29/Jul/2016:13:54:34 +0000] "GET /product/search?tag=PIR&page=2 HTTP/1.1" 200 258181 "-" "Mozilla/5.0 (compatible; Baiduspider/2.0; +http://www.baidu.com/search/spider.html)"
117.241.102.170 - - [29/Jul/2016:13:53:55 +0000] "GET /image/catalog/category_thumb/4.png HTTP/1.1" 206 546559 "https://bazaarmantra.com/" "Mozilla/5.0 (Windows NT 6.1) AppleWebKit/537.36 (KHTML, like Gecko) Chrome/51.0.2704.106 Safari/537.36"
180.76.15.160 - - [29/Jul/2016:13:54:39 +0000] "GET /canon-eos-1200-d?tag=Black)&sort=rating&order=ASC&limit=75 HTTP/1.1" 404 85313 "-" "Mozilla/5.0 (compatible; Baiduspider/2.0; +http://www.baidu.com/search/spider.html)"
180.76.15.26 - - [29/Jul/2016:13:54:45 +0000] "GET /men-fashion/accessories/sonata-7930pp01-analog-digital-watch-for-men?sort=ps.price&order=ASC&limit=75 HTTP/1.1" 200 298092 "-" "Mozilla/5.0 (compatible; Baiduspider/2.0; +http://www.baidu.com/search/spider.html)"
117.241.102.170 - - [29/Jul/2016:13:53:56 +0000] "GET /selfibook/selfi57834ee3171b3.jpg HTTP/1.1" 206 808856 "https://bazaarmantra.com/" "Mozilla/5.0 (Windows NT 6.1) AppleWebKit/537.36 (KHTML, like Gecko) Chrome/51.0.2704.106 Safari/537.36"
